
Merging program properties

Removed property 0xc0000002 to merge build/main.o (0x3) and build/kernel.o (not found)
Removed property 0xc0000002 to merge build/main.o (not found) and build/debug.o (0x3)
Removed property 0xc0000002 to merge build/main.o (not found) and build/memory.o (0x3)
Removed property 0xc0000002 to merge build/main.o (not found) and build/bitmap.o (0x3)
Removed property 0xc0000002 to merge build/main.o (not found) and build/string.o (0x3)
Removed property 0xc0000002 to merge build/main.o (not found) and build/thread.o (0x3)
Removed property 0xc0000002 to merge build/main.o (not found) and build/list.o (0x3)
Removed property 0xc0000002 to merge build/main.o (not found) and build/console.o (0x3)
Removed property 0xc0000002 to merge build/main.o (not found) and build/sync.o (0x3)
Removed property 0xc0000002 to merge build/main.o (not found) and build/keyboard.o (0x3)
Removed property 0xc0000002 to merge build/main.o (not found) and build/ioqueue.o (0x3)
Removed property 0xc0000002 to merge build/main.o (not found) and build/tss.o (0x3)
Removed property 0xc0000002 to merge build/main.o (not found) and build/process.o (0x3)
Removed property 0xc0000002 to merge build/main.o (not found) and build/syscall.o (0x3)
Removed property 0xc0000002 to merge build/main.o (not found) and build/syscall-init.o (0x3)
Removed property 0xc0000002 to merge build/main.o (not found) and build/stdio.o (0x3)
Removed property 0xc0000002 to merge build/main.o (not found) and build/ide.o (0x3)
Removed property 0xc0000002 to merge build/main.o (not found) and build/stdio-kernel.o (0x3)
Removed property 0xc0000002 to merge build/main.o (not found) and build/fs.o (0x3)

Allocating common symbols
Common symbol       size              file

kbd_buf             0x6c              build/keyboard.o
thread_ready_list   0x10              build/thread.o
thread_all_list     0x10              build/thread.o
user_pool           0x2c              build/memory.o
channel_cnt         0x1               build/ide.o
cur_part            0x4               build/fs.o
k_block_descs       0xa8              build/memory.o
idle_thread         0x4               build/thread.o
intr_name           0x204             build/interrupt.o
main_thread         0x4               build/thread.o
channels            0xcc0             build/ide.o
ticks               0x4               build/timer.o
kernel_vaddr        0xc               build/memory.o
syscall_table       0x80              build/syscall-init.o
idt_table           0x204             build/interrupt.o
partition_list      0x10              build/ide.o
kernel_pool         0x2c              build/memory.o
pid_lock            0x1c              build/thread.o

Discarded input sections

 .group         0x0000000000000000        0x8 build/main.o
 .note.GNU-stack
                0x0000000000000000        0x0 build/main.o
 .note.gnu.property
                0x0000000000000000       0x1c build/main.o
 .group         0x0000000000000000        0x8 build/init.o
 .text.__x86.get_pc_thunk.bx
                0x0000000000000000        0x4 build/init.o
 .note.GNU-stack
                0x0000000000000000        0x0 build/init.o
 .note.gnu.property
                0x0000000000000000       0x1c build/init.o
 .group         0x0000000000000000        0x8 build/interrupt.o
 .group         0x0000000000000000        0x8 build/interrupt.o
 .text.__x86.get_pc_thunk.bx
                0x0000000000000000        0x4 build/interrupt.o
 .note.GNU-stack
                0x0000000000000000        0x0 build/interrupt.o
 .note.gnu.property
                0x0000000000000000       0x1c build/interrupt.o
 .group         0x0000000000000000        0x8 build/timer.o
 .group         0x0000000000000000        0x8 build/timer.o
 .group         0x0000000000000000        0x8 build/timer.o
 .text.__x86.get_pc_thunk.ax
                0x0000000000000000        0x4 build/timer.o
 .text.__x86.get_pc_thunk.bx
                0x0000000000000000        0x4 build/timer.o
 .note.GNU-stack
                0x0000000000000000        0x0 build/timer.o
 .note.gnu.property
                0x0000000000000000       0x1c build/timer.o
 .group         0x0000000000000000        0x8 build/debug.o
 .text.__x86.get_pc_thunk.bx
                0x0000000000000000        0x4 build/debug.o
 .note.GNU-stack
                0x0000000000000000        0x0 build/debug.o
 .note.gnu.property
                0x0000000000000000       0x1c build/debug.o
 .group         0x0000000000000000        0x8 build/memory.o
 .group         0x0000000000000000        0x8 build/memory.o
 .text.__x86.get_pc_thunk.ax
                0x0000000000000000        0x4 build/memory.o
 .text.__x86.get_pc_thunk.bx
                0x0000000000000000        0x4 build/memory.o
 .note.GNU-stack
                0x0000000000000000        0x0 build/memory.o
 .note.gnu.property
                0x0000000000000000       0x1c build/memory.o
 .group         0x0000000000000000        0x8 build/bitmap.o
 .text.__x86.get_pc_thunk.ax
                0x0000000000000000        0x4 build/bitmap.o
 .note.GNU-stack
                0x0000000000000000        0x0 build/bitmap.o
 .note.gnu.property
                0x0000000000000000       0x1c build/bitmap.o
 .group         0x0000000000000000        0x8 build/string.o
 .text.__x86.get_pc_thunk.ax
                0x0000000000000000        0x4 build/string.o
 .note.GNU-stack
                0x0000000000000000        0x0 build/string.o
 .note.gnu.property
                0x0000000000000000       0x1c build/string.o
 .group         0x0000000000000000        0x8 build/thread.o
 .group         0x0000000000000000        0x8 build/thread.o
 .group         0x0000000000000000        0x8 build/thread.o
 .text.__x86.get_pc_thunk.ax
                0x0000000000000000        0x4 build/thread.o
 .text.__x86.get_pc_thunk.bx
                0x0000000000000000        0x4 build/thread.o
 .note.GNU-stack
                0x0000000000000000        0x0 build/thread.o
 .note.gnu.property
                0x0000000000000000       0x1c build/thread.o
 .group         0x0000000000000000        0x8 build/list.o
 .group         0x0000000000000000        0x8 build/list.o
 .text.__x86.get_pc_thunk.ax
                0x0000000000000000        0x4 build/list.o
 .text.__x86.get_pc_thunk.bx
                0x0000000000000000        0x4 build/list.o
 .note.GNU-stack
                0x0000000000000000        0x0 build/list.o
 .note.gnu.property
                0x0000000000000000       0x1c build/list.o
 .group         0x0000000000000000        0x8 build/console.o
 .group         0x0000000000000000        0x8 build/console.o
 .text.__x86.get_pc_thunk.ax
                0x0000000000000000        0x4 build/console.o
 .text.__x86.get_pc_thunk.bx
                0x0000000000000000        0x4 build/console.o
 .note.GNU-stack
                0x0000000000000000        0x0 build/console.o
 .note.gnu.property
                0x0000000000000000       0x1c build/console.o
 .group         0x0000000000000000        0x8 build/sync.o
 .group         0x0000000000000000        0x8 build/sync.o
 .text.__x86.get_pc_thunk.ax
                0x0000000000000000        0x4 build/sync.o
 .text.__x86.get_pc_thunk.bx
                0x0000000000000000        0x4 build/sync.o
 .note.GNU-stack
                0x0000000000000000        0x0 build/sync.o
 .note.gnu.property
                0x0000000000000000       0x1c build/sync.o
 .group         0x0000000000000000        0x8 build/keyboard.o
 .group         0x0000000000000000        0x8 build/keyboard.o
 .text.__x86.get_pc_thunk.ax
                0x0000000000000000        0x4 build/keyboard.o
 .text.__x86.get_pc_thunk.bx
                0x0000000000000000        0x4 build/keyboard.o
 .note.GNU-stack
                0x0000000000000000        0x0 build/keyboard.o
 .note.gnu.property
                0x0000000000000000       0x1c build/keyboard.o
 .group         0x0000000000000000        0x8 build/ioqueue.o
 .group         0x0000000000000000        0x8 build/ioqueue.o
 .text.__x86.get_pc_thunk.ax
                0x0000000000000000        0x4 build/ioqueue.o
 .text.__x86.get_pc_thunk.bx
                0x0000000000000000        0x4 build/ioqueue.o
 .note.GNU-stack
                0x0000000000000000        0x0 build/ioqueue.o
 .note.gnu.property
                0x0000000000000000       0x1c build/ioqueue.o
 .group         0x0000000000000000        0x8 build/tss.o
 .group         0x0000000000000000        0x8 build/tss.o
 .text.__x86.get_pc_thunk.ax
                0x0000000000000000        0x4 build/tss.o
 .text.__x86.get_pc_thunk.bx
                0x0000000000000000        0x4 build/tss.o
 .note.GNU-stack
                0x0000000000000000        0x0 build/tss.o
 .note.gnu.property
                0x0000000000000000       0x1c build/tss.o
 .group         0x0000000000000000        0x8 build/process.o
 .group         0x0000000000000000        0x8 build/process.o
 .text.__x86.get_pc_thunk.ax
                0x0000000000000000        0x4 build/process.o
 .text.__x86.get_pc_thunk.bx
                0x0000000000000000        0x4 build/process.o
 .note.GNU-stack
                0x0000000000000000        0x0 build/process.o
 .note.gnu.property
                0x0000000000000000       0x1c build/process.o
 .group         0x0000000000000000        0x8 build/syscall.o
 .text.__x86.get_pc_thunk.ax
                0x0000000000000000        0x4 build/syscall.o
 .note.GNU-stack
                0x0000000000000000        0x0 build/syscall.o
 .note.gnu.property
                0x0000000000000000       0x1c build/syscall.o
 .group         0x0000000000000000        0x8 build/syscall-init.o
 .group         0x0000000000000000        0x8 build/syscall-init.o
 .text.__x86.get_pc_thunk.ax
                0x0000000000000000        0x4 build/syscall-init.o
 .text.__x86.get_pc_thunk.bx
                0x0000000000000000        0x4 build/syscall-init.o
 .note.GNU-stack
                0x0000000000000000        0x0 build/syscall-init.o
 .note.gnu.property
                0x0000000000000000       0x1c build/syscall-init.o
 .group         0x0000000000000000        0x8 build/stdio.o
 .group         0x0000000000000000        0x8 build/stdio.o
 .text.__x86.get_pc_thunk.ax
                0x0000000000000000        0x4 build/stdio.o
 .text.__x86.get_pc_thunk.bx
                0x0000000000000000        0x4 build/stdio.o
 .note.GNU-stack
                0x0000000000000000        0x0 build/stdio.o
 .note.gnu.property
                0x0000000000000000       0x1c build/stdio.o
 .group         0x0000000000000000        0x8 build/ide.o
 .group         0x0000000000000000        0x8 build/ide.o
 .text.__x86.get_pc_thunk.ax
                0x0000000000000000        0x4 build/ide.o
 .text.__x86.get_pc_thunk.bx
                0x0000000000000000        0x4 build/ide.o
 .note.GNU-stack
                0x0000000000000000        0x0 build/ide.o
 .note.gnu.property
                0x0000000000000000       0x1c build/ide.o
 .group         0x0000000000000000        0x8 build/stdio-kernel.o
 .text.__x86.get_pc_thunk.bx
                0x0000000000000000        0x4 build/stdio-kernel.o
 .note.GNU-stack
                0x0000000000000000        0x0 build/stdio-kernel.o
 .note.gnu.property
                0x0000000000000000       0x1c build/stdio-kernel.o
 .group         0x0000000000000000        0x8 build/fs.o
 .text.__x86.get_pc_thunk.bx
                0x0000000000000000        0x4 build/fs.o
 .note.GNU-stack
                0x0000000000000000        0x0 build/fs.o
 .note.gnu.property
                0x0000000000000000       0x1c build/fs.o

Memory Configuration

Name             Origin             Length             Attributes
*default*        0x0000000000000000 0xffffffffffffffff

Linker script and memory map

Address of section .text set to 0xc0001500
LOAD build/main.o
LOAD build/init.o
LOAD build/interrupt.o
LOAD build/timer.o
LOAD build/kernel.o
LOAD build/print.o
LOAD build/debug.o
LOAD build/memory.o
LOAD build/bitmap.o
LOAD build/string.o
LOAD build/thread.o
LOAD build/list.o
LOAD build/switch.o
LOAD build/console.o
LOAD build/sync.o
LOAD build/keyboard.o
LOAD build/ioqueue.o
LOAD build/tss.o
LOAD build/process.o
LOAD build/syscall.o
LOAD build/syscall-init.o
LOAD build/stdio.o
LOAD build/ide.o
LOAD build/stdio-kernel.o
LOAD build/fs.o
                [!provide]                        PROVIDE (__executable_start = SEGMENT_START ("text-segment", 0x8048000))
                0x00000000080480d4                . = (SEGMENT_START ("text-segment", 0x8048000) + SIZEOF_HEADERS)

.interp
 *(.interp)

.note.gnu.build-id
 *(.note.gnu.build-id)

.hash
 *(.hash)

.gnu.hash
 *(.gnu.hash)

.dynsym
 *(.dynsym)

.dynstr
 *(.dynstr)

.gnu.version
 *(.gnu.version)

.gnu.version_d
 *(.gnu.version_d)

.gnu.version_r
 *(.gnu.version_r)

.rel.dyn        0x00000000080480d4        0x0
 *(.rel.init)
 *(.rel.text .rel.text.* .rel.gnu.linkonce.t.*)
 .rel.text      0x00000000080480d4        0x0 build/main.o
 *(.rel.fini)
 *(.rel.rodata .rel.rodata.* .rel.gnu.linkonce.r.*)
 *(.rel.data.rel.ro .rel.data.rel.ro.* .rel.gnu.linkonce.d.rel.ro.*)
 *(.rel.data .rel.data.* .rel.gnu.linkonce.d.*)
 *(.rel.tdata .rel.tdata.* .rel.gnu.linkonce.td.*)
 *(.rel.tbss .rel.tbss.* .rel.gnu.linkonce.tb.*)
 *(.rel.ctors)
 *(.rel.dtors)
 *(.rel.got)
 .rel.got       0x00000000080480d4        0x0 build/main.o
 *(.rel.bss .rel.bss.* .rel.gnu.linkonce.b.*)
 *(.rel.ifunc)

.rel.plt        0x00000000080480d4        0x0
 *(.rel.plt)
                [!provide]                        PROVIDE (__rel_iplt_start = .)
 *(.rel.iplt)
 .rel.iplt      0x00000000080480d4        0x0 build/main.o
                [!provide]                        PROVIDE (__rel_iplt_end = .)
                0x0000000008049000                . = ALIGN (CONSTANT (MAXPAGESIZE))

.init
 *(SORT_NONE(.init))

.plt            0x0000000008049000        0x0
 *(.plt)
 *(.iplt)
 .iplt          0x0000000008049000        0x0 build/main.o

.plt.got
 *(.plt.got)

.plt.sec
 *(.plt.sec)

.text           0x00000000c0001500     0x681b
 *(.text.unlikely .text.*_unlikely .text.unlikely.*)
 *(.text.exit .text.exit.*)
 *(.text.startup .text.startup.*)
 *(.text.hot .text.hot.*)
 *(SORT_BY_NAME(.text.sorted.*))
 *(.text .stub .text.* .gnu.linkonce.t.*)
 .text          0x00000000c0001500      0x3ee build/main.o
                0x00000000c0001500                main
                0x00000000c00015ac                k_thread_a
                0x00000000c00016a2                k_thread_b
                0x00000000c0001798                u_prog_a
                0x00000000c0001843                u_prog_b
 .text.__x86.get_pc_thunk.bx
                0x00000000c00018ee        0x4 build/main.o
                0x00000000c00018ee                __x86.get_pc_thunk.bx
 .text          0x00000000c00018f2       0x60 build/init.o
                0x00000000c00018f2                init_all
 .text          0x00000000c0001952      0x5ae build/interrupt.o
                0x00000000c0001d8d                intr_enable
                0x00000000c0001dc4                intr_disable
                0x00000000c0001dfb                intr_set_status
                0x00000000c0001e27                intr_get_status
                0x00000000c0001e52                register_handler
                0x00000000c0001e7f                idt_init
 .text.__x86.get_pc_thunk.ax
                0x00000000c0001f00        0x4 build/interrupt.o
                0x00000000c0001f00                __x86.get_pc_thunk.ax
 .text          0x00000000c0001f04      0x26c build/timer.o
                0x00000000c000209e                mtime_sleep
                0x00000000c0002104                timer_init
 .text.__x86.get_pc_thunk.cx
                0x00000000c0002170        0x4 build/timer.o
                0x00000000c0002170                __x86.get_pc_thunk.cx
 *fill*         0x00000000c0002174        0xc 
 .text          0x00000000c0002180      0x55b build/kernel.o
                0x00000000c0002180                intr_exit
                0x00000000c00026b7                syscall_handler
 *fill*         0x00000000c00026db        0x5 
 .text          0x00000000c00026e0      0x172 build/print.o
                0x00000000c00026e0                put_str
                0x00000000c00026fe                put_char
                0x00000000c00027cb                put_int
                0x00000000c000282e                set_cursor
 .text          0x00000000c0002852       0xf8 build/debug.o
                0x00000000c0002852                panic_spin
 .text          0x00000000c000294a     0x1380 build/memory.o
                0x00000000c0002a81                pte_ptr
                0x00000000c0002abf                pde_ptr
                0x00000000c0002c88                malloc_page
                0x00000000c0002d65                get_kernel_pages
                0x00000000c0002ddd                get_user_pages
                0x00000000c0002e4f                get_a_page
                0x00000000c0002fdd                addr_v2p
                0x00000000c0003288                block_desc_init
                0x00000000c0003373                sys_malloc
                0x00000000c00036cf                pfree
                0x00000000c0003851                mfree_page
                0x00000000c0003a54                sys_free
                0x00000000c0003c60                mem_init
 .text          0x00000000c0003cca      0x29d build/bitmap.o
                0x00000000c0003cca                bitmap_init
                0x00000000c0003d01                bitmap_scan_test
                0x00000000c0003d4f                bitmap_scan
                0x00000000c0003e9b                bitmap_set
 .text          0x00000000c0003f67      0x4d2 build/string.o
                0x00000000c0003f67                memset
                0x00000000c0003fd4                memcpy
                0x00000000c000404f                memcmp
                0x00000000c00040ec                strcpy
                0x00000000c000415b                strlen
                0x00000000c00041bc                strcmp
                0x00000000c000424f                strchr
                0x00000000c00042c1                strrchr
                0x00000000c0004339                strcat
                0x00000000c00043bd                strchrs
 .text          0x00000000c0004439      0x81a build/thread.o
                0x00000000c000445e                thread_yield
                0x00000000c00044fc                running_thread
                0x00000000c00045a6                thread_create
                0x00000000c000462e                init_thread
                0x00000000c00046e6                thread_start
                0x00000000c0004894                schedule
                0x00000000c0004a15                thread_block
                0x00000000c0004a91                thread_unblock
                0x00000000c0004bb6                thread_init
 .text.__x86.get_pc_thunk.dx
                0x00000000c0004c53        0x4 build/thread.o
                0x00000000c0004c53                __x86.get_pc_thunk.dx
 .text          0x00000000c0004c57      0x287 build/list.o
                0x00000000c0004c57                list_init
                0x00000000c0004c93                list_insert_before
                0x00000000c0004ceb                list_push
                0x00000000c0004d17                list_append
                0x00000000c0004d43                list_remove
                0x00000000c0004d90                list_pop
                0x00000000c0004dc0                elem_find
                0x00000000c0004e09                list_traversal
                0x00000000c0004e74                list_len
                0x00000000c0004eb7                list_empty
 *fill*         0x00000000c0004ede        0x2 
 .text          0x00000000c0004ee0       0x15 build/switch.o
                0x00000000c0004ee0                switch_to
 .text          0x00000000c0004ef5      0x131 build/console.o
                0x00000000c0004ef5                console_init
                0x00000000c0004f24                console_acquire
                0x00000000c0004f53                console_release
                0x00000000c0004f82                console_put_str
                0x00000000c0004fb6                console_put_char
                0x00000000c0004ff2                console_put_int
 .text          0x00000000c0005026      0x3a7 build/sync.o
                0x00000000c0005026                sema_init
                0x00000000c0005064                lock_init
                0x00000000c00050a2                sema_down
                0x00000000c00051c2                sema_up
                0x00000000c0005290                lock_acquire
                0x00000000c000531a                lock_release
 .text          0x00000000c00053cd      0x337 build/keyboard.o
                0x00000000c000569e                keyboard_init
 .text          0x00000000c0005704      0x39e build/ioqueue.o
                0x00000000c0005704                ioqueue_init
                0x00000000c0005786                ioq_full
                0x00000000c00057e9                ioq_empty
                0x00000000c00058ff                ioq_getchar
                0x00000000c00059cf                ioq_putchar
 .text          0x00000000c0005aa2      0x1be build/tss.o
                0x00000000c0005aa2                update_tss_esp
                0x00000000c0005b3b                tss_init
 .text          0x00000000c0005c60      0x3f4 build/process.o
                0x00000000c0005c60                start_process
                0x00000000c0005d78                page_dir_activate
                0x00000000c0005dc1                process_activate
                0x00000000c0005e28                create_page_dir
                0x00000000c0005eb5                create_user_vaddr_bitmap
                0x00000000c0005f12                process_execute
 .text          0x00000000c0006054       0xa8 build/syscall.o
                0x00000000c0006054                getpid
                0x00000000c0006077                write
                0x00000000c00060a4                malloc
                0x00000000c00060d1                free
 .text          0x00000000c00060fc       0xd9 build/syscall-init.o
                0x00000000c00060fc                sys_getpid
                0x00000000c0006123                sys_write
                0x00000000c000615a                syscall_init
 .text          0x00000000c00061d5      0x2dc build/stdio.o
                0x00000000c000626a                vsprintf
                0x00000000c00063fc                sprintf
                0x00000000c000643a                printf
 .text          0x00000000c00064b1      0xf36 build/ide.o
                0x00000000c000684f                ide_read
                0x00000000c00069e8                ide_write
                0x00000000c0006b81                intr_hd_handler
                0x00000000c000718f                ide_init
 .text          0x00000000c00073e7       0x78 build/stdio-kernel.o
                0x00000000c00073e7                printk
 .text          0x00000000c000745f      0x8bc build/fs.o
                0x00000000c0007b35                filesys_init
 *(.gnu.warning)

.fini
 *(SORT_NONE(.fini))
                [!provide]                        PROVIDE (__etext = .)
                [!provide]                        PROVIDE (_etext = .)
                [!provide]                        PROVIDE (etext = .)
                0x00000000c0008000                . = ALIGN (CONSTANT (MAXPAGESIZE))
                0x00000000c0008000                . = SEGMENT_START ("rodata-segment", (ALIGN (CONSTANT (MAXPAGESIZE)) + (. & (CONSTANT (MAXPAGESIZE) - 0x1))))

.rodata         0x00000000c0008000     0x138d
 *(.rodata .rodata.* .gnu.linkonce.r.*)
 .rodata        0x00000000c0008000       0xcc build/main.o
 .rodata        0x00000000c00080cc        0xa build/init.o
 *fill*         0x00000000c00080d6        0x2 
 .rodata        0x00000000c00080d8      0x2cd build/interrupt.o
 *fill*         0x00000000c00083a5        0x3 
 .rodata        0x00000000c00083a8       0x88 build/timer.o
 .rodata        0x00000000c0008430       0x3f build/debug.o
 *fill*         0x00000000c000846f        0x1 
 .rodata        0x00000000c0008470      0x3bd build/memory.o
 *fill*         0x00000000c000882d        0x3 
 .rodata        0x00000000c0008830       0x6b build/bitmap.o
 *fill*         0x00000000c000889b        0x1 
 .rodata        0x00000000c000889c       0xc4 build/string.o
 .rodata        0x00000000c0008960      0x2df build/thread.o
 *fill*         0x00000000c0008c3f        0x1 
 .rodata        0x00000000c0008c40      0x135 build/sync.o
 .rodata        0x00000000c0008d75       0x36 build/keyboard.o
 *fill*         0x00000000c0008dab        0x1 
 .rodata        0x00000000c0008dac       0xa8 build/ioqueue.o
 .rodata        0x00000000c0008e54       0x27 build/tss.o
 *fill*         0x00000000c0008e7b        0x1 
 .rodata        0x00000000c0008e7c       0xe0 build/process.o
 .rodata        0x00000000c0008f5c       0x27 build/syscall-init.o
 *fill*         0x00000000c0008f83        0x1 
 .rodata        0x00000000c0008f84      0x215 build/ide.o
 *fill*         0x00000000c0009199        0x3 
 .rodata        0x00000000c000919c      0x1f1 build/fs.o

.rodata1
 *(.rodata1)

.eh_frame_hdr
 *(.eh_frame_hdr)
 *(.eh_frame_entry .eh_frame_entry.*)

.eh_frame       0x00000000c0009390     0x14c4
 *(.eh_frame)
 .eh_frame      0x00000000c0009390       0xc4 build/main.o
 .eh_frame      0x00000000c0009454       0x24 build/init.o
                                         0x50 (size before relaxing)
 .eh_frame      0x00000000c0009478      0x1b4 build/interrupt.o
                                        0x1e0 (size before relaxing)
 .eh_frame      0x00000000c000962c       0xf0 build/timer.o
                                        0x130 (size before relaxing)
 .eh_frame      0x00000000c000971c       0x1c build/debug.o
                                         0x48 (size before relaxing)
 .eh_frame      0x00000000c0009738      0x2dc build/memory.o
                                        0x31c (size before relaxing)
 .eh_frame      0x00000000c0009a14       0x90 build/bitmap.o
                                         0xbc (size before relaxing)
 .eh_frame      0x00000000c0009aa4      0x168 build/string.o
                                        0x194 (size before relaxing)
 .eh_frame      0x00000000c0009c0c      0x1d8 build/thread.o
                                        0x218 (size before relaxing)
 .eh_frame      0x00000000c0009de4      0x148 build/list.o
                                        0x188 (size before relaxing)
 .eh_frame      0x00000000c0009f2c       0xd8 build/console.o
                                        0x118 (size before relaxing)
 .eh_frame      0x00000000c000a004       0xdc build/sync.o
                                        0x11c (size before relaxing)
 .eh_frame      0x00000000c000a0e0       0x68 build/keyboard.o
                                         0xa8 (size before relaxing)
 .eh_frame      0x00000000c000a148      0x11c build/ioqueue.o
                                        0x15c (size before relaxing)
 .eh_frame      0x00000000c000a264       0x6c build/tss.o
                                         0xac (size before relaxing)
 .eh_frame      0x00000000c000a2d0       0xd8 build/process.o
                                        0x118 (size before relaxing)
 .eh_frame      0x00000000c000a3a8       0x8c build/syscall.o
                                         0xb8 (size before relaxing)
 .eh_frame      0x00000000c000a434       0x6c build/syscall-init.o
                                         0xac (size before relaxing)
 .eh_frame      0x00000000c000a4a0       0x90 build/stdio.o
                                         0xd0 (size before relaxing)
 .eh_frame      0x00000000c000a530      0x27c build/ide.o
                                        0x2bc (size before relaxing)
 .eh_frame      0x00000000c000a7ac       0x28 build/stdio-kernel.o
                                         0x54 (size before relaxing)
 .eh_frame      0x00000000c000a7d4       0x80 build/fs.o
                                         0xac (size before relaxing)
 *(.eh_frame.*)

.gcc_except_table
 *(.gcc_except_table .gcc_except_table.*)

.gnu_extab
 *(.gnu_extab*)

.exception_ranges
 *(.exception_ranges*)
                0x00000000c000c000                . = DATA_SEGMENT_ALIGN (CONSTANT (MAXPAGESIZE), CONSTANT (COMMONPAGESIZE))

.eh_frame
 *(.eh_frame)
 *(.eh_frame.*)

.gnu_extab
 *(.gnu_extab)

.gcc_except_table
 *(.gcc_except_table .gcc_except_table.*)

.exception_ranges
 *(.exception_ranges*)

.tdata          0x00000000c000c000        0x0
                [!provide]                        PROVIDE (__tdata_start = .)
 *(.tdata .tdata.* .gnu.linkonce.td.*)

.tbss
 *(.tbss .tbss.* .gnu.linkonce.tb.*)
 *(.tcommon)

.preinit_array  0x00000000c000c000        0x0
                [!provide]                        PROVIDE (__preinit_array_start = .)
 *(.preinit_array)
                [!provide]                        PROVIDE (__preinit_array_end = .)

.init_array     0x00000000c000c000        0x0
                [!provide]                        PROVIDE (__init_array_start = .)
 *(SORT_BY_INIT_PRIORITY(.init_array.*) SORT_BY_INIT_PRIORITY(.ctors.*))
 *(.init_array EXCLUDE_FILE(*crtend?.o *crtend.o *crtbegin?.o *crtbegin.o) .ctors)
                [!provide]                        PROVIDE (__init_array_end = .)

.fini_array     0x00000000c000c000        0x0
                [!provide]                        PROVIDE (__fini_array_start = .)
 *(SORT_BY_INIT_PRIORITY(.fini_array.*) SORT_BY_INIT_PRIORITY(.dtors.*))
 *(.fini_array EXCLUDE_FILE(*crtend?.o *crtend.o *crtbegin?.o *crtbegin.o) .dtors)
                [!provide]                        PROVIDE (__fini_array_end = .)

.ctors
 *crtbegin.o(.ctors)
 *crtbegin?.o(.ctors)
 *(EXCLUDE_FILE(*crtend?.o *crtend.o) .ctors)
 *(SORT_BY_NAME(.ctors.*))
 *(.ctors)

.dtors
 *crtbegin.o(.dtors)
 *crtbegin?.o(.dtors)
 *(EXCLUDE_FILE(*crtend?.o *crtend.o) .dtors)
 *(SORT_BY_NAME(.dtors.*))
 *(.dtors)

.jcr
 *(.jcr)

.data.rel.ro
 *(.data.rel.ro.local* .gnu.linkonce.d.rel.ro.local.*)
 *(.data.rel.ro .data.rel.ro.* .gnu.linkonce.d.rel.ro.*)

.dynamic
 *(.dynamic)

.got            0x00000000c000c000        0x0
 *(.got)
 .got           0x00000000c000c000        0x0 build/main.o
 *(.igot)
                0x00000000c000cff4                . = DATA_SEGMENT_RELRO_END (., (SIZEOF (.got.plt) >= 0xc)?0xc:0x0)

.got.plt        0x00000000c000c000        0xc
 *(.got.plt)
 .got.plt       0x00000000c000c000        0xc build/main.o
                0x00000000c000c000                _GLOBAL_OFFSET_TABLE_
 *(.igot.plt)
 .igot.plt      0x00000000c000c00c        0x0 build/main.o

.data           0x00000000c000c020      0x156
 *(.data .data.* .gnu.linkonce.d.*)
 .data          0x00000000c000c020        0x0 build/main.o
 .data          0x00000000c000c020        0x0 build/init.o
 .data          0x00000000c000c020        0x0 build/interrupt.o
 .data          0x00000000c000c020        0x0 build/timer.o
 .data          0x00000000c000c020       0xc0 build/kernel.o
                0x00000000c000c020                intr_entry_table
 .data          0x00000000c000c0e0        0x8 build/print.o
 .data          0x00000000c000c0e8        0x0 build/debug.o
 .data          0x00000000c000c0e8        0x0 build/memory.o
 .data          0x00000000c000c0e8        0x0 build/bitmap.o
 .data          0x00000000c000c0e8        0x0 build/string.o
 .data          0x00000000c000c0e8        0x0 build/thread.o
 .data          0x00000000c000c0e8        0x0 build/list.o
 .data          0x00000000c000c0e8        0x0 build/console.o
 .data          0x00000000c000c0e8        0x0 build/sync.o
 *fill*         0x00000000c000c0e8       0x18 
 .data          0x00000000c000c100       0x76 build/keyboard.o
 .data          0x00000000c000c176        0x0 build/ioqueue.o
 .data          0x00000000c000c176        0x0 build/tss.o
 .data          0x00000000c000c176        0x0 build/process.o
 .data          0x00000000c000c176        0x0 build/syscall.o
 .data          0x00000000c000c176        0x0 build/syscall-init.o
 .data          0x00000000c000c176        0x0 build/stdio.o
 .data          0x00000000c000c176        0x0 build/ide.o
 .data          0x00000000c000c176        0x0 build/stdio-kernel.o
 .data          0x00000000c000c176        0x0 build/fs.o

.data1
 *(.data1)
                0x00000000c000c176                _edata = .
                [!provide]                        PROVIDE (edata = .)
                0x00000000c000c176                . = .
                0x00000000c000c176                __bss_start = .

.bss            0x00000000c000c180     0x1874
 *(.dynbss)
 *(.bss .bss.* .gnu.linkonce.b.*)
 .bss           0x00000000c000c180        0x0 build/main.o
 .bss           0x00000000c000c180        0x0 build/init.o
 .bss           0x00000000c000c180      0x408 build/interrupt.o
 .bss           0x00000000c000c588        0x0 build/timer.o
 .bss           0x00000000c000c588        0x0 build/debug.o
 .bss           0x00000000c000c588        0x0 build/memory.o
 .bss           0x00000000c000c588        0x0 build/bitmap.o
 .bss           0x00000000c000c588        0x0 build/string.o
 .bss           0x00000000c000c588        0x6 build/thread.o
 .bss           0x00000000c000c58e        0x0 build/list.o
 *fill*         0x00000000c000c58e        0x2 
 .bss           0x00000000c000c590       0x1c build/console.o
 .bss           0x00000000c000c5ac        0x0 build/sync.o
 .bss           0x00000000c000c5ac       0x14 build/keyboard.o
 .bss           0x00000000c000c5c0        0x0 build/ioqueue.o
 .bss           0x00000000c000c5c0       0x6c build/tss.o
 .bss           0x00000000c000c62c        0x0 build/process.o
 .bss           0x00000000c000c62c        0x0 build/syscall.o
 .bss           0x00000000c000c62c        0x0 build/syscall-init.o
 .bss           0x00000000c000c62c        0x0 build/stdio.o
 .bss           0x00000000c000c62c        0x6 build/ide.o
                0x00000000c000c62c                ext_lba_base
                0x00000000c000c630                p_no
                0x00000000c000c631                l_no
 .bss           0x00000000c000c632        0x0 build/stdio-kernel.o
 .bss           0x00000000c000c632        0x0 build/fs.o
 *(COMMON)
 *fill*         0x00000000c000c632        0xe 
 COMMON         0x00000000c000c640      0x424 build/interrupt.o
                0x00000000c000c640                intr_name
                0x00000000c000c860                idt_table
 COMMON         0x00000000c000ca64        0x4 build/timer.o
                0x00000000c000ca64                ticks
 *fill*         0x00000000c000ca68       0x18 
 COMMON         0x00000000c000ca80      0x12c build/memory.o
                0x00000000c000ca80                user_pool
                0x00000000c000cac0                k_block_descs
                0x00000000c000cb68                kernel_vaddr
                0x00000000c000cb80                kernel_pool
 COMMON         0x00000000c000cbac       0x44 build/thread.o
                0x00000000c000cbac                thread_ready_list
                0x00000000c000cbbc                thread_all_list
                0x00000000c000cbcc                idle_thread
                0x00000000c000cbd0                main_thread
                0x00000000c000cbd4                pid_lock
 *fill*         0x00000000c000cbf0       0x10 
 COMMON         0x00000000c000cc00       0x6c build/keyboard.o
                0x00000000c000cc00                kbd_buf
 *fill*         0x00000000c000cc6c       0x14 
 COMMON         0x00000000c000cc80       0x80 build/syscall-init.o
                0x00000000c000cc80                syscall_table
 COMMON         0x00000000c000cd00      0xcf0 build/ide.o
                0x00000000c000cd00                channel_cnt
                0x00000000c000cd20                channels
                0x00000000c000d9e0                partition_list
 COMMON         0x00000000c000d9f0        0x4 build/fs.o
                0x00000000c000d9f0                cur_part
                0x00000000c000d9f4                . = ALIGN ((. != 0x0)?0x4:0x1)
                0x00000000c000d9f4                . = ALIGN (0x4)
                0x00000000c000d9f4                . = SEGMENT_START ("ldata-segment", .)
                0x00000000c000d9f4                . = ALIGN (0x4)
                0x00000000c000d9f4                _end = .
                [!provide]                        PROVIDE (end = .)
                0x00000000c000d9f4                . = DATA_SEGMENT_END (.)

.stab
 *(.stab)

.stabstr
 *(.stabstr)

.stab.excl
 *(.stab.excl)

.stab.exclstr
 *(.stab.exclstr)

.stab.index
 *(.stab.index)

.stab.indexstr
 *(.stab.indexstr)

.comment        0x0000000000000000       0x2b
 *(.comment)
 .comment       0x0000000000000000       0x2b build/main.o
                                         0x2c (size before relaxing)
 .comment       0x000000000000002b       0x2c build/init.o
 .comment       0x000000000000002b       0x2c build/interrupt.o
 .comment       0x000000000000002b       0x2c build/timer.o
 .comment       0x000000000000002b       0x2c build/debug.o
 .comment       0x000000000000002b       0x2c build/memory.o
 .comment       0x000000000000002b       0x2c build/bitmap.o
 .comment       0x000000000000002b       0x2c build/string.o
 .comment       0x000000000000002b       0x2c build/thread.o
 .comment       0x000000000000002b       0x2c build/list.o
 .comment       0x000000000000002b       0x2c build/console.o
 .comment       0x000000000000002b       0x2c build/sync.o
 .comment       0x000000000000002b       0x2c build/keyboard.o
 .comment       0x000000000000002b       0x2c build/ioqueue.o
 .comment       0x000000000000002b       0x2c build/tss.o
 .comment       0x000000000000002b       0x2c build/process.o
 .comment       0x000000000000002b       0x2c build/syscall.o
 .comment       0x000000000000002b       0x2c build/syscall-init.o
 .comment       0x000000000000002b       0x2c build/stdio.o
 .comment       0x000000000000002b       0x2c build/ide.o
 .comment       0x000000000000002b       0x2c build/stdio-kernel.o
 .comment       0x000000000000002b       0x2c build/fs.o

.gnu.build.attributes
 *(.gnu.build.attributes .gnu.build.attributes.*)

.debug
 *(.debug)

.line
 *(.line)

.debug_srcinfo
 *(.debug_srcinfo)

.debug_sfnames
 *(.debug_sfnames)

.debug_aranges
 *(.debug_aranges)

.debug_pubnames
 *(.debug_pubnames)

.debug_info
 *(.debug_info .gnu.linkonce.wi.*)

.debug_abbrev
 *(.debug_abbrev)

.debug_line
 *(.debug_line .debug_line.* .debug_line_end)

.debug_frame
 *(.debug_frame)

.debug_str
 *(.debug_str)

.debug_loc
 *(.debug_loc)

.debug_macinfo
 *(.debug_macinfo)

.debug_weaknames
 *(.debug_weaknames)

.debug_funcnames
 *(.debug_funcnames)

.debug_typenames
 *(.debug_typenames)

.debug_varnames
 *(.debug_varnames)

.debug_pubtypes
 *(.debug_pubtypes)

.debug_ranges
 *(.debug_ranges)

.debug_macro
 *(.debug_macro)

.debug_addr
 *(.debug_addr)

.gnu.attributes
 *(.gnu.attributes)

/DISCARD/
 *(.note.GNU-stack)
 *(.gnu_debuglink)
 *(.gnu.lto_*)
OUTPUT(build/kernel.bin elf32-i386)
