
Merging program properties

Removed property 0xc0000002 to merge build/main.o (0x3) and build/kernel.o (not found)
Removed property 0xc0000002 to merge build/main.o (not found) and build/debug.o (0x3)
Removed property 0xc0000002 to merge build/main.o (not found) and build/memory.o (0x3)
Removed property 0xc0000002 to merge build/main.o (not found) and build/bitmap.o (0x3)
Removed property 0xc0000002 to merge build/main.o (not found) and build/string.o (0x3)
Removed property 0xc0000002 to merge build/main.o (not found) and build/thread.o (0x3)
Removed property 0xc0000002 to merge build/main.o (not found) and build/list.o (0x3)
Removed property 0xc0000002 to merge build/main.o (not found) and build/console.o (0x3)
Removed property 0xc0000002 to merge build/main.o (not found) and build/sync.o (0x3)
Removed property 0xc0000002 to merge build/main.o (not found) and build/keyboard.o (0x3)
Removed property 0xc0000002 to merge build/main.o (not found) and build/ioqueue.o (0x3)
Removed property 0xc0000002 to merge build/main.o (not found) and build/tss.o (0x3)
Removed property 0xc0000002 to merge build/main.o (not found) and build/process.o (0x3)
Removed property 0xc0000002 to merge build/main.o (not found) and build/syscall.o (0x3)
Removed property 0xc0000002 to merge build/main.o (not found) and build/syscall-init.o (0x3)
Removed property 0xc0000002 to merge build/main.o (not found) and build/stdio.o (0x3)
Removed property 0xc0000002 to merge build/main.o (not found) and build/ide.o (0x3)
Removed property 0xc0000002 to merge build/main.o (not found) and build/stdio-kernel.o (0x3)
Removed property 0xc0000002 to merge build/main.o (not found) and build/fs.o (0x3)
Removed property 0xc0000002 to merge build/main.o (not found) and build/inode.o (0x3)
Removed property 0xc0000002 to merge build/main.o (not found) and build/file.o (0x3)
Removed property 0xc0000002 to merge build/main.o (not found) and build/dir.o (0x3)
Removed property 0xc0000002 to merge build/main.o (not found) and build/fork.o (0x3)
Removed property 0xc0000002 to merge build/main.o (not found) and build/shell.o (0x3)
Removed property 0xc0000002 to merge build/main.o (not found) and build/assert.o (0x3)
Removed property 0xc0000002 to merge build/main.o (not found) and build/buildin_cmd.o (0x3)
Removed property 0xc0000002 to merge build/main.o (not found) and build/exec.o (0x3)

Allocating common symbols
Common symbol       size              file

argv                0x40              build/shell.o
kbd_buf             0x6c              build/keyboard.o
root_dir            0x208             build/dir.o
thread_ready_list   0x10              build/thread.o
thread_all_list     0x10              build/thread.o
user_pool           0x2c              build/memory.o
channel_cnt         0x1               build/ide.o
cur_part            0x4               build/fs.o
k_block_descs       0xa8              build/memory.o
idle_thread         0x4               build/thread.o
intr_name           0x204             build/interrupt.o
main_thread         0x4               build/thread.o
channels            0xcc0             build/ide.o
ticks               0x4               build/timer.o
kernel_vaddr        0xc               build/memory.o
syscall_table       0x80              build/syscall-init.o
idt_table           0x204             build/interrupt.o
file_table          0x180             build/file.o
partition_list      0x10              build/ide.o
kernel_pool         0x2c              build/memory.o
pid_lock            0x1c              build/thread.o

Discarded input sections

 .group         0x0000000000000000        0x8 build/main.o
 .note.GNU-stack
                0x0000000000000000        0x0 build/main.o
 .note.gnu.property
                0x0000000000000000       0x1c build/main.o
 .group         0x0000000000000000        0x8 build/init.o
 .text.__x86.get_pc_thunk.bx
                0x0000000000000000        0x4 build/init.o
 .note.GNU-stack
                0x0000000000000000        0x0 build/init.o
 .note.gnu.property
                0x0000000000000000       0x1c build/init.o
 .group         0x0000000000000000        0x8 build/interrupt.o
 .group         0x0000000000000000        0x8 build/interrupt.o
 .text.__x86.get_pc_thunk.bx
                0x0000000000000000        0x4 build/interrupt.o
 .note.GNU-stack
                0x0000000000000000        0x0 build/interrupt.o
 .note.gnu.property
                0x0000000000000000       0x1c build/interrupt.o
 .group         0x0000000000000000        0x8 build/timer.o
 .group         0x0000000000000000        0x8 build/timer.o
 .group         0x0000000000000000        0x8 build/timer.o
 .text.__x86.get_pc_thunk.ax
                0x0000000000000000        0x4 build/timer.o
 .text.__x86.get_pc_thunk.bx
                0x0000000000000000        0x4 build/timer.o
 .note.GNU-stack
                0x0000000000000000        0x0 build/timer.o
 .note.gnu.property
                0x0000000000000000       0x1c build/timer.o
 .group         0x0000000000000000        0x8 build/debug.o
 .text.__x86.get_pc_thunk.bx
                0x0000000000000000        0x4 build/debug.o
 .note.GNU-stack
                0x0000000000000000        0x0 build/debug.o
 .note.gnu.property
                0x0000000000000000       0x1c build/debug.o
 .group         0x0000000000000000        0x8 build/memory.o
 .group         0x0000000000000000        0x8 build/memory.o
 .text.__x86.get_pc_thunk.ax
                0x0000000000000000        0x4 build/memory.o
 .text.__x86.get_pc_thunk.bx
                0x0000000000000000        0x4 build/memory.o
 .note.GNU-stack
                0x0000000000000000        0x0 build/memory.o
 .note.gnu.property
                0x0000000000000000       0x1c build/memory.o
 .group         0x0000000000000000        0x8 build/bitmap.o
 .text.__x86.get_pc_thunk.ax
                0x0000000000000000        0x4 build/bitmap.o
 .note.GNU-stack
                0x0000000000000000        0x0 build/bitmap.o
 .note.gnu.property
                0x0000000000000000       0x1c build/bitmap.o
 .group         0x0000000000000000        0x8 build/string.o
 .text.__x86.get_pc_thunk.ax
                0x0000000000000000        0x4 build/string.o
 .note.GNU-stack
                0x0000000000000000        0x0 build/string.o
 .note.gnu.property
                0x0000000000000000       0x1c build/string.o
 .group         0x0000000000000000        0x8 build/thread.o
 .group         0x0000000000000000        0x8 build/thread.o
 .group         0x0000000000000000        0x8 build/thread.o
 .text.__x86.get_pc_thunk.ax
                0x0000000000000000        0x4 build/thread.o
 .text.__x86.get_pc_thunk.bx
                0x0000000000000000        0x4 build/thread.o
 .note.GNU-stack
                0x0000000000000000        0x0 build/thread.o
 .note.gnu.property
                0x0000000000000000       0x1c build/thread.o
 .group         0x0000000000000000        0x8 build/list.o
 .group         0x0000000000000000        0x8 build/list.o
 .text.__x86.get_pc_thunk.ax
                0x0000000000000000        0x4 build/list.o
 .text.__x86.get_pc_thunk.bx
                0x0000000000000000        0x4 build/list.o
 .note.GNU-stack
                0x0000000000000000        0x0 build/list.o
 .note.gnu.property
                0x0000000000000000       0x1c build/list.o
 .group         0x0000000000000000        0x8 build/console.o
 .group         0x0000000000000000        0x8 build/console.o
 .text.__x86.get_pc_thunk.ax
                0x0000000000000000        0x4 build/console.o
 .text.__x86.get_pc_thunk.bx
                0x0000000000000000        0x4 build/console.o
 .note.GNU-stack
                0x0000000000000000        0x0 build/console.o
 .note.gnu.property
                0x0000000000000000       0x1c build/console.o
 .group         0x0000000000000000        0x8 build/sync.o
 .group         0x0000000000000000        0x8 build/sync.o
 .text.__x86.get_pc_thunk.ax
                0x0000000000000000        0x4 build/sync.o
 .text.__x86.get_pc_thunk.bx
                0x0000000000000000        0x4 build/sync.o
 .note.GNU-stack
                0x0000000000000000        0x0 build/sync.o
 .note.gnu.property
                0x0000000000000000       0x1c build/sync.o
 .group         0x0000000000000000        0x8 build/keyboard.o
 .group         0x0000000000000000        0x8 build/keyboard.o
 .text.__x86.get_pc_thunk.ax
                0x0000000000000000        0x4 build/keyboard.o
 .text.__x86.get_pc_thunk.bx
                0x0000000000000000        0x4 build/keyboard.o
 .note.GNU-stack
                0x0000000000000000        0x0 build/keyboard.o
 .note.gnu.property
                0x0000000000000000       0x1c build/keyboard.o
 .group         0x0000000000000000        0x8 build/ioqueue.o
 .group         0x0000000000000000        0x8 build/ioqueue.o
 .text.__x86.get_pc_thunk.ax
                0x0000000000000000        0x4 build/ioqueue.o
 .text.__x86.get_pc_thunk.bx
                0x0000000000000000        0x4 build/ioqueue.o
 .note.GNU-stack
                0x0000000000000000        0x0 build/ioqueue.o
 .note.gnu.property
                0x0000000000000000       0x1c build/ioqueue.o
 .group         0x0000000000000000        0x8 build/tss.o
 .group         0x0000000000000000        0x8 build/tss.o
 .text.__x86.get_pc_thunk.ax
                0x0000000000000000        0x4 build/tss.o
 .text.__x86.get_pc_thunk.bx
                0x0000000000000000        0x4 build/tss.o
 .note.GNU-stack
                0x0000000000000000        0x0 build/tss.o
 .note.gnu.property
                0x0000000000000000       0x1c build/tss.o
 .group         0x0000000000000000        0x8 build/process.o
 .group         0x0000000000000000        0x8 build/process.o
 .text.__x86.get_pc_thunk.ax
                0x0000000000000000        0x4 build/process.o
 .text.__x86.get_pc_thunk.bx
                0x0000000000000000        0x4 build/process.o
 .note.GNU-stack
                0x0000000000000000        0x0 build/process.o
 .note.gnu.property
                0x0000000000000000       0x1c build/process.o
 .group         0x0000000000000000        0x8 build/syscall.o
 .text.__x86.get_pc_thunk.ax
                0x0000000000000000        0x4 build/syscall.o
 .note.GNU-stack
                0x0000000000000000        0x0 build/syscall.o
 .note.gnu.property
                0x0000000000000000       0x1c build/syscall.o
 .group         0x0000000000000000        0x8 build/syscall-init.o
 .group         0x0000000000000000        0x8 build/syscall-init.o
 .text.__x86.get_pc_thunk.ax
                0x0000000000000000        0x4 build/syscall-init.o
 .text.__x86.get_pc_thunk.bx
                0x0000000000000000        0x4 build/syscall-init.o
 .note.GNU-stack
                0x0000000000000000        0x0 build/syscall-init.o
 .note.gnu.property
                0x0000000000000000       0x1c build/syscall-init.o
 .group         0x0000000000000000        0x8 build/stdio.o
 .group         0x0000000000000000        0x8 build/stdio.o
 .text.__x86.get_pc_thunk.ax
                0x0000000000000000        0x4 build/stdio.o
 .text.__x86.get_pc_thunk.bx
                0x0000000000000000        0x4 build/stdio.o
 .note.GNU-stack
                0x0000000000000000        0x0 build/stdio.o
 .note.gnu.property
                0x0000000000000000       0x1c build/stdio.o
 .group         0x0000000000000000        0x8 build/ide.o
 .group         0x0000000000000000        0x8 build/ide.o
 .text.__x86.get_pc_thunk.ax
                0x0000000000000000        0x4 build/ide.o
 .text.__x86.get_pc_thunk.bx
                0x0000000000000000        0x4 build/ide.o
 .note.GNU-stack
                0x0000000000000000        0x0 build/ide.o
 .note.gnu.property
                0x0000000000000000       0x1c build/ide.o
 .group         0x0000000000000000        0x8 build/stdio-kernel.o
 .text.__x86.get_pc_thunk.bx
                0x0000000000000000        0x4 build/stdio-kernel.o
 .note.GNU-stack
                0x0000000000000000        0x0 build/stdio-kernel.o
 .note.gnu.property
                0x0000000000000000       0x1c build/stdio-kernel.o
 .group         0x0000000000000000        0x8 build/fs.o
 .group         0x0000000000000000        0x8 build/fs.o
 .text.__x86.get_pc_thunk.ax
                0x0000000000000000        0x4 build/fs.o
 .text.__x86.get_pc_thunk.bx
                0x0000000000000000        0x4 build/fs.o
 .note.GNU-stack
                0x0000000000000000        0x0 build/fs.o
 .note.gnu.property
                0x0000000000000000       0x1c build/fs.o
 .group         0x0000000000000000        0x8 build/inode.o
 .group         0x0000000000000000        0x8 build/inode.o
 .text.__x86.get_pc_thunk.ax
                0x0000000000000000        0x4 build/inode.o
 .text.__x86.get_pc_thunk.bx
                0x0000000000000000        0x4 build/inode.o
 .note.GNU-stack
                0x0000000000000000        0x0 build/inode.o
 .note.gnu.property
                0x0000000000000000       0x1c build/inode.o
 .group         0x0000000000000000        0x8 build/file.o
 .group         0x0000000000000000        0x8 build/file.o
 .group         0x0000000000000000        0x8 build/file.o
 .text.__x86.get_pc_thunk.ax
                0x0000000000000000        0x4 build/file.o
 .text.__x86.get_pc_thunk.dx
                0x0000000000000000        0x4 build/file.o
 .text.__x86.get_pc_thunk.bx
                0x0000000000000000        0x4 build/file.o
 .note.GNU-stack
                0x0000000000000000        0x0 build/file.o
 .note.gnu.property
                0x0000000000000000       0x1c build/file.o
 .group         0x0000000000000000        0x8 build/dir.o
 .group         0x0000000000000000        0x8 build/dir.o
 .text.__x86.get_pc_thunk.ax
                0x0000000000000000        0x4 build/dir.o
 .text.__x86.get_pc_thunk.bx
                0x0000000000000000        0x4 build/dir.o
 .note.GNU-stack
                0x0000000000000000        0x0 build/dir.o
 .note.gnu.property
                0x0000000000000000       0x1c build/dir.o
 .group         0x0000000000000000        0x8 build/fork.o
 .group         0x0000000000000000        0x8 build/fork.o
 .text.__x86.get_pc_thunk.ax
                0x0000000000000000        0x4 build/fork.o
 .text.__x86.get_pc_thunk.bx
                0x0000000000000000        0x4 build/fork.o
 .note.GNU-stack
                0x0000000000000000        0x0 build/fork.o
 .note.gnu.property
                0x0000000000000000       0x1c build/fork.o
 .group         0x0000000000000000        0x8 build/shell.o
 .group         0x0000000000000000        0x8 build/shell.o
 .text.__x86.get_pc_thunk.ax
                0x0000000000000000        0x4 build/shell.o
 .text.__x86.get_pc_thunk.bx
                0x0000000000000000        0x4 build/shell.o
 .note.GNU-stack
                0x0000000000000000        0x0 build/shell.o
 .note.gnu.property
                0x0000000000000000       0x1c build/shell.o
 .group         0x0000000000000000        0x8 build/assert.o
 .text.__x86.get_pc_thunk.ax
                0x0000000000000000        0x4 build/assert.o
 .note.GNU-stack
                0x0000000000000000        0x0 build/assert.o
 .note.gnu.property
                0x0000000000000000       0x1c build/assert.o
 .group         0x0000000000000000        0x8 build/buildin_cmd.o
 .group         0x0000000000000000        0x8 build/buildin_cmd.o
 .text.__x86.get_pc_thunk.ax
                0x0000000000000000        0x4 build/buildin_cmd.o
 .text.__x86.get_pc_thunk.bx
                0x0000000000000000        0x4 build/buildin_cmd.o
 .note.GNU-stack
                0x0000000000000000        0x0 build/buildin_cmd.o
 .note.gnu.property
                0x0000000000000000       0x1c build/buildin_cmd.o
 .group         0x0000000000000000        0x8 build/exec.o
 .text.__x86.get_pc_thunk.bx
                0x0000000000000000        0x4 build/exec.o
 .note.GNU-stack
                0x0000000000000000        0x0 build/exec.o
 .note.gnu.property
                0x0000000000000000       0x1c build/exec.o

Memory Configuration

Name             Origin             Length             Attributes
*default*        0x0000000000000000 0xffffffffffffffff

Linker script and memory map

Address of section .text set to 0xc0001500
LOAD build/main.o
LOAD build/init.o
LOAD build/interrupt.o
LOAD build/timer.o
LOAD build/kernel.o
LOAD build/print.o
LOAD build/debug.o
LOAD build/memory.o
LOAD build/bitmap.o
LOAD build/string.o
LOAD build/thread.o
LOAD build/list.o
LOAD build/switch.o
LOAD build/console.o
LOAD build/sync.o
LOAD build/keyboard.o
LOAD build/ioqueue.o
LOAD build/tss.o
LOAD build/process.o
LOAD build/syscall.o
LOAD build/syscall-init.o
LOAD build/stdio.o
LOAD build/ide.o
LOAD build/stdio-kernel.o
LOAD build/fs.o
LOAD build/inode.o
LOAD build/file.o
LOAD build/dir.o
LOAD build/fork.o
LOAD build/shell.o
LOAD build/assert.o
LOAD build/buildin_cmd.o
LOAD build/exec.o
                [!provide]                        PROVIDE (__executable_start = SEGMENT_START ("text-segment", 0x8048000))
                0x00000000080480d4                . = (SEGMENT_START ("text-segment", 0x8048000) + SIZEOF_HEADERS)

.interp
 *(.interp)

.note.gnu.build-id
 *(.note.gnu.build-id)

.hash
 *(.hash)

.gnu.hash
 *(.gnu.hash)

.dynsym
 *(.dynsym)

.dynstr
 *(.dynstr)

.gnu.version
 *(.gnu.version)

.gnu.version_d
 *(.gnu.version_d)

.gnu.version_r
 *(.gnu.version_r)

.rel.dyn        0x00000000080480d4        0x0
 *(.rel.init)
 *(.rel.text .rel.text.* .rel.gnu.linkonce.t.*)
 .rel.text      0x00000000080480d4        0x0 build/main.o
 *(.rel.fini)
 *(.rel.rodata .rel.rodata.* .rel.gnu.linkonce.r.*)
 *(.rel.data.rel.ro .rel.data.rel.ro.* .rel.gnu.linkonce.d.rel.ro.*)
 *(.rel.data .rel.data.* .rel.gnu.linkonce.d.*)
 *(.rel.tdata .rel.tdata.* .rel.gnu.linkonce.td.*)
 *(.rel.tbss .rel.tbss.* .rel.gnu.linkonce.tb.*)
 *(.rel.ctors)
 *(.rel.dtors)
 *(.rel.got)
 .rel.got       0x00000000080480d4        0x0 build/main.o
 *(.rel.bss .rel.bss.* .rel.gnu.linkonce.b.*)
 *(.rel.ifunc)

.rel.plt        0x00000000080480d4        0x0
 *(.rel.plt)
                [!provide]                        PROVIDE (__rel_iplt_start = .)
 *(.rel.iplt)
 .rel.iplt      0x00000000080480d4        0x0 build/main.o
                [!provide]                        PROVIDE (__rel_iplt_end = .)
                0x0000000008049000                . = ALIGN (CONSTANT (MAXPAGESIZE))

.init
 *(SORT_NONE(.init))

.plt            0x0000000008049000        0x0
 *(.plt)
 *(.iplt)
 .iplt          0x0000000008049000        0x0 build/main.o

.plt.got
 *(.plt.got)

.plt.sec
 *(.plt.sec)

.text           0x00000000c0001500     0xcddc
 *(.text.unlikely .text.*_unlikely .text.unlikely.*)
 *(.text.exit .text.exit.*)
 *(.text.startup .text.startup.*)
 *(.text.hot .text.hot.*)
 *(SORT_BY_NAME(.text.sorted.*))
 *(.text .stub .text.* .gnu.linkonce.t.*)
 .text          0x00000000c0001500       0x9f build/main.o
                0x00000000c0001500                main
                0x00000000c000154e                init
 .text.__x86.get_pc_thunk.bx
                0x00000000c000159f        0x4 build/main.o
                0x00000000c000159f                __x86.get_pc_thunk.bx
 .text          0x00000000c00015a3       0x65 build/init.o
                0x00000000c00015a3                init_all
 .text          0x00000000c0001608      0x5ae build/interrupt.o
                0x00000000c0001a43                intr_enable
                0x00000000c0001a7a                intr_disable
                0x00000000c0001ab1                intr_set_status
                0x00000000c0001add                intr_get_status
                0x00000000c0001b08                register_handler
                0x00000000c0001b35                idt_init
 .text.__x86.get_pc_thunk.ax
                0x00000000c0001bb6        0x4 build/interrupt.o
                0x00000000c0001bb6                __x86.get_pc_thunk.ax
 .text          0x00000000c0001bba      0x26c build/timer.o
                0x00000000c0001d54                mtime_sleep
                0x00000000c0001dba                timer_init
 .text.__x86.get_pc_thunk.cx
                0x00000000c0001e26        0x4 build/timer.o
                0x00000000c0001e26                __x86.get_pc_thunk.cx
 *fill*         0x00000000c0001e2a        0x6 
 .text          0x00000000c0001e30      0x55b build/kernel.o
                0x00000000c0001e30                intr_exit
                0x00000000c0002367                syscall_handler
 *fill*         0x00000000c000238b        0x5 
 .text          0x00000000c0002390      0x1b1 build/print.o
                0x00000000c0002390                put_str
                0x00000000c00023ae                put_char
                0x00000000c000247b                cls_screen
                0x00000000c00024ba                put_int
                0x00000000c000251d                set_cursor
 .text          0x00000000c0002541       0xf8 build/debug.o
                0x00000000c0002541                panic_spin
 .text          0x00000000c0002639     0x141f build/memory.o
                0x00000000c0002770                pte_ptr
                0x00000000c00027ae                pde_ptr
                0x00000000c0002977                malloc_page
                0x00000000c0002a54                get_kernel_pages
                0x00000000c0002acc                get_user_pages
                0x00000000c0002b3e                get_a_page
                0x00000000c0002ccc                get_a_page_without_opvaddrbitmap
                0x00000000c0002d6b                addr_v2p
                0x00000000c0003016                block_desc_init
                0x00000000c0003101                sys_malloc
                0x00000000c000345d                pfree
                0x00000000c00035df                mfree_page
                0x00000000c00037e2                sys_free
                0x00000000c00039ee                mem_init
 .text          0x00000000c0003a58      0x29d build/bitmap.o
                0x00000000c0003a58                bitmap_init
                0x00000000c0003a8f                bitmap_scan_test
                0x00000000c0003add                bitmap_scan
                0x00000000c0003c29                bitmap_set
 .text          0x00000000c0003cf5      0x4d2 build/string.o
                0x00000000c0003cf5                memset
                0x00000000c0003d62                memcpy
                0x00000000c0003ddd                memcmp
                0x00000000c0003e7a                strcpy
                0x00000000c0003ee9                strlen
                0x00000000c0003f4a                strcmp
                0x00000000c0003fdd                strchr
                0x00000000c000404f                strrchr
                0x00000000c00040c7                strcat
                0x00000000c000414b                strchrs
 .text          0x00000000c00041c7      0xc0c build/thread.o
                0x00000000c00041ec                thread_yield
                0x00000000c000428a                running_thread
                0x00000000c0004334                fork_pid
                0x00000000c000434f                thread_create
                0x00000000c00043d7                init_thread
                0x00000000c00044f6                thread_start
                0x00000000c00046a4                schedule
                0x00000000c0004825                thread_block
                0x00000000c00048a1                thread_unblock
                0x00000000c0004cbe                sys_ps
                0x00000000c0004d1d                thread_init
 .text.__x86.get_pc_thunk.dx
                0x00000000c0004dd3        0x4 build/thread.o
                0x00000000c0004dd3                __x86.get_pc_thunk.dx
 .text          0x00000000c0004dd7      0x287 build/list.o
                0x00000000c0004dd7                list_init
                0x00000000c0004e13                list_insert_before
                0x00000000c0004e6b                list_push
                0x00000000c0004e97                list_append
                0x00000000c0004ec3                list_remove
                0x00000000c0004f10                list_pop
                0x00000000c0004f40                elem_find
                0x00000000c0004f89                list_traversal
                0x00000000c0004ff4                list_len
                0x00000000c0005037                list_empty
 *fill*         0x00000000c000505e        0x2 
 .text          0x00000000c0005060       0x15 build/switch.o
                0x00000000c0005060                switch_to
 .text          0x00000000c0005075      0x131 build/console.o
                0x00000000c0005075                console_init
                0x00000000c00050a4                console_acquire
                0x00000000c00050d3                console_release
                0x00000000c0005102                console_put_str
                0x00000000c0005136                console_put_char
                0x00000000c0005172                console_put_int
 .text          0x00000000c00051a6      0x3a7 build/sync.o
                0x00000000c00051a6                sema_init
                0x00000000c00051e4                lock_init
                0x00000000c0005222                sema_down
                0x00000000c0005342                sema_up
                0x00000000c0005410                lock_acquire
                0x00000000c000549a                lock_release
 .text          0x00000000c000554d      0x346 build/keyboard.o
                0x00000000c000582d                keyboard_init
 .text          0x00000000c0005893      0x39e build/ioqueue.o
                0x00000000c0005893                ioqueue_init
                0x00000000c0005915                ioq_full
                0x00000000c0005978                ioq_empty
                0x00000000c0005a8e                ioq_getchar
                0x00000000c0005b5e                ioq_putchar
 .text          0x00000000c0005c31      0x1be build/tss.o
                0x00000000c0005c31                update_tss_esp
                0x00000000c0005cca                tss_init
 .text          0x00000000c0005def      0x3f4 build/process.o
                0x00000000c0005def                start_process
                0x00000000c0005f07                page_dir_activate
                0x00000000c0005f50                process_activate
                0x00000000c0005fb7                create_page_dir
                0x00000000c0006044                create_user_vaddr_bitmap
                0x00000000c00060a1                process_execute
 .text          0x00000000c00061e3      0x406 build/syscall.o
                0x00000000c00061e3                getpid
                0x00000000c0006206                write
                0x00000000c0006237                malloc
                0x00000000c0006264                free
                0x00000000c000628f                fork
                0x00000000c00062b2                read
                0x00000000c00062e3                putchar
                0x00000000c0006315                clear
                0x00000000c0006336                getcwd
                0x00000000c0006366                open
                0x00000000c000639d                close
                0x00000000c00063ca                lseek
                0x00000000c0006402                unlink
                0x00000000c000642f                mkdir
                0x00000000c000645c                opendir
                0x00000000c0006489                closedir
                0x00000000c00064b6                rmdir
                0x00000000c00064e3                readdir
                0x00000000c0006510                rewinddir
                0x00000000c000653b                stat
                0x00000000c000656b                chdir
                0x00000000c0006598                ps
                0x00000000c00065b9                execv
 .text          0x00000000c00065e9      0x1bf build/syscall-init.o
                0x00000000c00065e9                sys_getpid
                0x00000000c0006610                syscall_init
 .text          0x00000000c00067a8      0x2f1 build/stdio.o
                0x00000000c000683d                vsprintf
                0x00000000c00069cf                sprintf
                0x00000000c0006a0d                printf
 .text          0x00000000c0006a99      0xf36 build/ide.o
                0x00000000c0006e37                ide_read
                0x00000000c0006fd0                ide_write
                0x00000000c0007169                intr_hd_handler
                0x00000000c0007777                ide_init
 .text          0x00000000c00079cf       0x78 build/stdio-kernel.o
                0x00000000c00079cf                printk
 .text          0x00000000c0007a47     0x23dc build/fs.o
                0x00000000c000811d                path_parse
                0x00000000c0008189                path_depth_cnt
                0x00000000c00084de                sys_open
                0x00000000c00087c7                sys_close
                0x00000000c0008839                sys_write
                0x00000000c0008945                sys_read
                0x00000000c0008a47                sys_lseek
                0x00000000c0008b54                sys_unlink
                0x00000000c0008db6                sys_mkdir
                0x00000000c00091ec                sys_opendir
                0x00000000c000931d                sys_closedir
                0x00000000c000935e                sys_readdir
                0x00000000c00093af                sys_rewinddir
                0x00000000c00093cd                sys_rmdir
                0x00000000c00097c0                sys_getcwd
                0x00000000c00099d3                sys_chdir
                0x00000000c0009a75                sys_stat
                0x00000000c0009bc0                sys_putchar
                0x00000000c0009bf6                filesys_init
 .text          0x00000000c0009e23      0x7d8 build/inode.o
                0x00000000c0009ed7                inode_sync
                0x00000000c000a017                inode_open
                0x00000000c000a170                inode_close
                0x00000000c000a1ff                inode_delete
                0x00000000c000a330                inode_release
                0x00000000c000a596                inode_init
 .text          0x00000000c000a5fb     0x131e build/file.o
                0x00000000c000a5fb                get_free_slot_in_global
                0x00000000c000a66d                pcb_fd_install
                0x00000000c000a6ed                inode_bitmap_alloc
                0x00000000c000a747                block_bitmap_alloc
                0x00000000c000a7ac                bitmap_sync
                0x00000000c000a849                file_create
                0x00000000c000ab58                file_open
                0x00000000c000aca3                file_close
                0x00000000c000acfa                file_write
                0x00000000c000b535                file_read
 .text          0x00000000c000b919      0xf96 build/dir.o
                0x00000000c000b919                open_root_dir
                0x00000000c000b962                dir_open
                0x00000000c000b9b3                search_dir_entry
                0x00000000c000bba0                dir_close
                0x00000000c000bbe8                create_dir_entry
                0x00000000c000bc70                sync_dir_entry
                0x00000000c000c0e3                delete_dir_entry
                0x00000000c000c587                dir_read
                0x00000000c000c78f                dir_is_empty
                0x00000000c000c7cb                dir_remove
 .text          0x00000000c000c8af      0x5aa build/fork.o
                0x00000000c000cd0a                sys_fork
 .text          0x00000000c000ce59      0x661 build/shell.o
                0x00000000c000ce59                print_prompt
                0x00000000c000d0d2                my_shell
 .text          0x00000000c000d4ba       0x37 build/assert.o
                0x00000000c000d4ba                user_spin
 .text          0x00000000c000d4f1      0xa20 build/buildin_cmd.o
                0x00000000c000d684                make_clear_abs_path
                0x00000000c000d75b                buildin_pwd
                0x00000000c000d7d8                buildin_cd
                0x00000000c000d885                buildin_ls
                0x00000000c000dc84                buildin_ps
                0x00000000c000dcc1                buildin_clear
                0x00000000c000dcfe                buildin_mkdir
                0x00000000c000ddaf                buildin_rmdir
                0x00000000c000de60                buildin_rm
 .text          0x00000000c000df11      0x3cb build/exec.o
                0x00000000c000e1fa                sys_execv
 *(.gnu.warning)

.fini
 *(SORT_NONE(.fini))
                [!provide]                        PROVIDE (__etext = .)
                [!provide]                        PROVIDE (_etext = .)
                [!provide]                        PROVIDE (etext = .)
                0x00000000c000f000                . = ALIGN (CONSTANT (MAXPAGESIZE))
                0x00000000c000f000                . = SEGMENT_START ("rodata-segment", (ALIGN (CONSTANT (MAXPAGESIZE)) + (. & (CONSTANT (MAXPAGESIZE) - 0x1))))

.rodata         0x00000000c000f000     0x27d5
 *(.rodata .rodata.* .gnu.linkonce.r.*)
 .rodata        0x00000000c000f000       0x51 build/main.o
 .rodata        0x00000000c000f051        0xa build/init.o
 *fill*         0x00000000c000f05b        0x1 
 .rodata        0x00000000c000f05c      0x2cd build/interrupt.o
 *fill*         0x00000000c000f329        0x3 
 .rodata        0x00000000c000f32c       0x88 build/timer.o
 .rodata        0x00000000c000f3b4       0x3f build/debug.o
 *fill*         0x00000000c000f3f3        0x1 
 .rodata        0x00000000c000f3f4      0x3bd build/memory.o
 *fill*         0x00000000c000f7b1        0x3 
 .rodata        0x00000000c000f7b4       0x6b build/bitmap.o
 *fill*         0x00000000c000f81f        0x1 
 .rodata        0x00000000c000f820       0xc4 build/string.o
 .rodata        0x00000000c000f8e4      0x3a9 build/thread.o
 *fill*         0x00000000c000fc8d        0x3 
 .rodata        0x00000000c000fc90      0x135 build/sync.o
 .rodata        0x00000000c000fdc5       0x36 build/keyboard.o
 *fill*         0x00000000c000fdfb        0x1 
 .rodata        0x00000000c000fdfc       0xa8 build/ioqueue.o
 .rodata        0x00000000c000fea4       0x27 build/tss.o
 *fill*         0x00000000c000fecb        0x1 
 .rodata        0x00000000c000fecc       0xe0 build/process.o
 .rodata        0x00000000c000ffac       0x27 build/syscall-init.o
 *fill*         0x00000000c000ffd3        0x1 
 .rodata        0x00000000c000ffd4      0x215 build/ide.o
 *fill*         0x00000000c00101e9        0x3 
 .rodata        0x00000000c00101ec      0x8a1 build/fs.o
 *fill*         0x00000000c0010a8d        0x3 
 .rodata        0x00000000c0010a90       0xc2 build/inode.o
 *fill*         0x00000000c0010b52        0x2 
 .rodata        0x00000000c0010b54      0x436 build/file.o
 *fill*         0x00000000c0010f8a        0x2 
 .rodata        0x00000000c0010f8c      0x20f build/dir.o
 *fill*         0x00000000c001119b        0x1 
 .rodata        0x00000000c001119c      0x145 build/fork.o
 *fill*         0x00000000c00112e1        0x3 
 .rodata        0x00000000c00112e4      0x16a build/shell.o
 *fill*         0x00000000c001144e        0x2 
 .rodata        0x00000000c0011450       0x32 build/assert.o
 *fill*         0x00000000c0011482        0x2 
 .rodata        0x00000000c0011484      0x2fe build/buildin_cmd.o
 .rodata        0x00000000c0011782       0x53 build/exec.o

.rodata1
 *(.rodata1)

.eh_frame_hdr
 *(.eh_frame_hdr)
 *(.eh_frame_entry .eh_frame_entry.*)

.eh_frame       0x00000000c00117d8     0x2224
 *(.eh_frame)
 .eh_frame      0x00000000c00117d8       0x78 build/main.o
 .eh_frame      0x00000000c0011850       0x24 build/init.o
                                         0x50 (size before relaxing)
 .eh_frame      0x00000000c0011874      0x1b4 build/interrupt.o
                                        0x1e0 (size before relaxing)
 .eh_frame      0x00000000c0011a28       0xf0 build/timer.o
                                        0x130 (size before relaxing)
 .eh_frame      0x00000000c0011b18       0x1c build/debug.o
                                         0x48 (size before relaxing)
 .eh_frame      0x00000000c0011b34      0x300 build/memory.o
                                        0x340 (size before relaxing)
 .eh_frame      0x00000000c0011e34       0x90 build/bitmap.o
                                         0xbc (size before relaxing)
 .eh_frame      0x00000000c0011ec4      0x168 build/string.o
                                        0x194 (size before relaxing)
 .eh_frame      0x00000000c001202c      0x264 build/thread.o
                                        0x2a4 (size before relaxing)
 .eh_frame      0x00000000c0012290      0x148 build/list.o
                                        0x188 (size before relaxing)
 .eh_frame      0x00000000c00123d8       0xd8 build/console.o
                                        0x118 (size before relaxing)
 .eh_frame      0x00000000c00124b0       0xdc build/sync.o
                                        0x11c (size before relaxing)
 .eh_frame      0x00000000c001258c       0x68 build/keyboard.o
                                         0xa8 (size before relaxing)
 .eh_frame      0x00000000c00125f4      0x11c build/ioqueue.o
                                        0x15c (size before relaxing)
 .eh_frame      0x00000000c0012710       0x6c build/tss.o
                                         0xac (size before relaxing)
 .eh_frame      0x00000000c001277c       0xd8 build/process.o
                                        0x118 (size before relaxing)
 .eh_frame      0x00000000c0012854      0x32c build/syscall.o
                                        0x358 (size before relaxing)
 .eh_frame      0x00000000c0012b80       0x48 build/syscall-init.o
                                         0x88 (size before relaxing)
 .eh_frame      0x00000000c0012bc8       0x90 build/stdio.o
                                         0xd0 (size before relaxing)
 .eh_frame      0x00000000c0012c58      0x27c build/ide.o
                                        0x2bc (size before relaxing)
 .eh_frame      0x00000000c0012ed4       0x28 build/stdio-kernel.o
                                         0x54 (size before relaxing)
 .eh_frame      0x00000000c0012efc      0x3b0 build/fs.o
                                        0x3f0 (size before relaxing)
 .eh_frame      0x00000000c00132ac      0x100 build/inode.o
                                        0x140 (size before relaxing)
 .eh_frame      0x00000000c00133ac      0x178 build/file.o
                                        0x1cc (size before relaxing)
 .eh_frame      0x00000000c0013524      0x17c build/dir.o
                                        0x1bc (size before relaxing)
 .eh_frame      0x00000000c00136a0       0xd4 build/fork.o
                                        0x114 (size before relaxing)
 .eh_frame      0x00000000c0013774       0x88 build/shell.o
                                         0xc8 (size before relaxing)
 .eh_frame      0x00000000c00137fc       0x1c build/assert.o
                                         0x48 (size before relaxing)
 .eh_frame      0x00000000c0013818      0x178 build/buildin_cmd.o
                                        0x1b8 (size before relaxing)
 .eh_frame      0x00000000c0013990       0x6c build/exec.o
                                         0x98 (size before relaxing)
 *(.eh_frame.*)

.gcc_except_table
 *(.gcc_except_table .gcc_except_table.*)

.gnu_extab
 *(.gnu_extab*)

.exception_ranges
 *(.exception_ranges*)
                0x00000000c0015000                . = DATA_SEGMENT_ALIGN (CONSTANT (MAXPAGESIZE), CONSTANT (COMMONPAGESIZE))

.eh_frame
 *(.eh_frame)
 *(.eh_frame.*)

.gnu_extab
 *(.gnu_extab)

.gcc_except_table
 *(.gcc_except_table .gcc_except_table.*)

.exception_ranges
 *(.exception_ranges*)

.tdata          0x00000000c0015000        0x0
                [!provide]                        PROVIDE (__tdata_start = .)
 *(.tdata .tdata.* .gnu.linkonce.td.*)

.tbss
 *(.tbss .tbss.* .gnu.linkonce.tb.*)
 *(.tcommon)

.preinit_array  0x00000000c0015000        0x0
                [!provide]                        PROVIDE (__preinit_array_start = .)
 *(.preinit_array)
                [!provide]                        PROVIDE (__preinit_array_end = .)

.init_array     0x00000000c0015000        0x0
                [!provide]                        PROVIDE (__init_array_start = .)
 *(SORT_BY_INIT_PRIORITY(.init_array.*) SORT_BY_INIT_PRIORITY(.ctors.*))
 *(.init_array EXCLUDE_FILE(*crtend?.o *crtend.o *crtbegin?.o *crtbegin.o) .ctors)
                [!provide]                        PROVIDE (__init_array_end = .)

.fini_array     0x00000000c0015000        0x0
                [!provide]                        PROVIDE (__fini_array_start = .)
 *(SORT_BY_INIT_PRIORITY(.fini_array.*) SORT_BY_INIT_PRIORITY(.dtors.*))
 *(.fini_array EXCLUDE_FILE(*crtend?.o *crtend.o *crtbegin?.o *crtbegin.o) .dtors)
                [!provide]                        PROVIDE (__fini_array_end = .)

.ctors
 *crtbegin.o(.ctors)
 *crtbegin?.o(.ctors)
 *(EXCLUDE_FILE(*crtend?.o *crtend.o) .ctors)
 *(SORT_BY_NAME(.ctors.*))
 *(.ctors)

.dtors
 *crtbegin.o(.dtors)
 *crtbegin?.o(.dtors)
 *(EXCLUDE_FILE(*crtend?.o *crtend.o) .dtors)
 *(SORT_BY_NAME(.dtors.*))
 *(.dtors)

.jcr
 *(.jcr)

.data.rel.ro
 *(.data.rel.ro.local* .gnu.linkonce.d.rel.ro.local.*)
 *(.data.rel.ro .data.rel.ro.* .gnu.linkonce.d.rel.ro.*)

.dynamic
 *(.dynamic)

.got            0x00000000c0015000        0x0
 *(.got)
 .got           0x00000000c0015000        0x0 build/main.o
 *(.igot)
                0x00000000c0015ff4                . = DATA_SEGMENT_RELRO_END (., (SIZEOF (.got.plt) >= 0xc)?0xc:0x0)

.got.plt        0x00000000c0015000        0xc
 *(.got.plt)
 .got.plt       0x00000000c0015000        0xc build/main.o
                0x00000000c0015000                _GLOBAL_OFFSET_TABLE_
 *(.igot.plt)
 .igot.plt      0x00000000c001500c        0x0 build/main.o

.data           0x00000000c0015020      0x15c
 *(.data .data.* .gnu.linkonce.d.*)
 .data          0x00000000c0015020        0x0 build/main.o
 .data          0x00000000c0015020        0x0 build/init.o
 .data          0x00000000c0015020        0x0 build/interrupt.o
 .data          0x00000000c0015020        0x0 build/timer.o
 .data          0x00000000c0015020       0xc0 build/kernel.o
                0x00000000c0015020                intr_entry_table
 .data          0x00000000c00150e0        0x8 build/print.o
 .data          0x00000000c00150e8        0x0 build/debug.o
 .data          0x00000000c00150e8        0x0 build/memory.o
 .data          0x00000000c00150e8        0x0 build/bitmap.o
 .data          0x00000000c00150e8        0x0 build/string.o
 .data          0x00000000c00150e8        0x0 build/thread.o
 .data          0x00000000c00150e8        0x0 build/list.o
 .data          0x00000000c00150e8        0x0 build/console.o
 .data          0x00000000c00150e8        0x0 build/sync.o
 *fill*         0x00000000c00150e8       0x18 
 .data          0x00000000c0015100       0x76 build/keyboard.o
 .data          0x00000000c0015176        0x0 build/ioqueue.o
 .data          0x00000000c0015176        0x0 build/tss.o
 .data          0x00000000c0015176        0x0 build/process.o
 .data          0x00000000c0015176        0x0 build/syscall.o
 .data          0x00000000c0015176        0x0 build/syscall-init.o
 .data          0x00000000c0015176        0x0 build/stdio.o
 .data          0x00000000c0015176        0x0 build/ide.o
 .data          0x00000000c0015176        0x0 build/stdio-kernel.o
 .data          0x00000000c0015176        0x0 build/fs.o
 .data          0x00000000c0015176        0x0 build/inode.o
 .data          0x00000000c0015176        0x0 build/file.o
 .data          0x00000000c0015176        0x0 build/dir.o
 .data          0x00000000c0015176        0x0 build/fork.o
 *fill*         0x00000000c0015176        0x2 
 .data          0x00000000c0015178        0x4 build/shell.o
                0x00000000c0015178                argc
 .data          0x00000000c001517c        0x0 build/assert.o
 .data          0x00000000c001517c        0x0 build/buildin_cmd.o
 .data          0x00000000c001517c        0x0 build/exec.o

.data1
 *(.data1)
                0x00000000c001517c                _edata = .
                [!provide]                        PROVIDE (edata = .)
                0x00000000c001517c                . = .
                0x00000000c001517c                __bss_start = .

.bss            0x00000000c0015180     0x2260
 *(.dynbss)
 *(.bss .bss.* .gnu.linkonce.b.*)
 .bss           0x00000000c0015180        0x0 build/main.o
 .bss           0x00000000c0015180        0x0 build/init.o
 .bss           0x00000000c0015180      0x408 build/interrupt.o
 .bss           0x00000000c0015588        0x0 build/timer.o
 .bss           0x00000000c0015588        0x0 build/debug.o
 .bss           0x00000000c0015588        0x0 build/memory.o
 .bss           0x00000000c0015588        0x0 build/bitmap.o
 .bss           0x00000000c0015588        0x0 build/string.o
 .bss           0x00000000c0015588        0x6 build/thread.o
 .bss           0x00000000c001558e        0x0 build/list.o
 *fill*         0x00000000c001558e        0x2 
 .bss           0x00000000c0015590       0x1c build/console.o
 .bss           0x00000000c00155ac        0x0 build/sync.o
 .bss           0x00000000c00155ac       0x14 build/keyboard.o
 .bss           0x00000000c00155c0        0x0 build/ioqueue.o
 .bss           0x00000000c00155c0       0x6c build/tss.o
 .bss           0x00000000c001562c        0x0 build/process.o
 .bss           0x00000000c001562c        0x0 build/syscall.o
 .bss           0x00000000c001562c        0x0 build/syscall-init.o
 .bss           0x00000000c001562c        0x0 build/stdio.o
 .bss           0x00000000c001562c        0x6 build/ide.o
                0x00000000c001562c                ext_lba_base
                0x00000000c0015630                p_no
                0x00000000c0015631                l_no
 .bss           0x00000000c0015632        0x0 build/stdio-kernel.o
 .bss           0x00000000c0015632        0x0 build/fs.o
 .bss           0x00000000c0015632        0x0 build/inode.o
 .bss           0x00000000c0015632        0x0 build/file.o
 .bss           0x00000000c0015632        0x0 build/dir.o
 .bss           0x00000000c0015632        0x0 build/fork.o
 *fill*         0x00000000c0015632        0xe 
 .bss           0x00000000c0015640      0x600 build/shell.o
                0x00000000c0015640                final_path
                0x00000000c0015840                cwd_cache
 .bss           0x00000000c0015c40        0x0 build/assert.o
 .bss           0x00000000c0015c40        0x0 build/buildin_cmd.o
 .bss           0x00000000c0015c40        0x0 build/exec.o
 *(COMMON)
 COMMON         0x00000000c0015c40      0x424 build/interrupt.o
                0x00000000c0015c40                intr_name
                0x00000000c0015e60                idt_table
 COMMON         0x00000000c0016064        0x4 build/timer.o
                0x00000000c0016064                ticks
 *fill*         0x00000000c0016068       0x18 
 COMMON         0x00000000c0016080      0x12c build/memory.o
                0x00000000c0016080                user_pool
                0x00000000c00160c0                k_block_descs
                0x00000000c0016168                kernel_vaddr
                0x00000000c0016180                kernel_pool
 COMMON         0x00000000c00161ac       0x44 build/thread.o
                0x00000000c00161ac                thread_ready_list
                0x00000000c00161bc                thread_all_list
                0x00000000c00161cc                idle_thread
                0x00000000c00161d0                main_thread
                0x00000000c00161d4                pid_lock
 *fill*         0x00000000c00161f0       0x10 
 COMMON         0x00000000c0016200       0x6c build/keyboard.o
                0x00000000c0016200                kbd_buf
 *fill*         0x00000000c001626c       0x14 
 COMMON         0x00000000c0016280       0x80 build/syscall-init.o
                0x00000000c0016280                syscall_table
 COMMON         0x00000000c0016300      0xcf0 build/ide.o
                0x00000000c0016300                channel_cnt
                0x00000000c0016320                channels
                0x00000000c0016fe0                partition_list
 COMMON         0x00000000c0016ff0        0x4 build/fs.o
                0x00000000c0016ff0                cur_part
 *fill*         0x00000000c0016ff4        0xc 
 COMMON         0x00000000c0017000      0x180 build/file.o
                0x00000000c0017000                file_table
 COMMON         0x00000000c0017180      0x208 build/dir.o
                0x00000000c0017180                root_dir
 *fill*         0x00000000c0017388       0x18 
 COMMON         0x00000000c00173a0       0x40 build/shell.o
                0x00000000c00173a0                argv
                0x00000000c00173e0                . = ALIGN ((. != 0x0)?0x4:0x1)
                0x00000000c00173e0                . = ALIGN (0x4)
                0x00000000c00173e0                . = SEGMENT_START ("ldata-segment", .)
                0x00000000c00173e0                . = ALIGN (0x4)
                0x00000000c00173e0                _end = .
                [!provide]                        PROVIDE (end = .)
                0x00000000c00173e0                . = DATA_SEGMENT_END (.)

.stab
 *(.stab)

.stabstr
 *(.stabstr)

.stab.excl
 *(.stab.excl)

.stab.exclstr
 *(.stab.exclstr)

.stab.index
 *(.stab.index)

.stab.indexstr
 *(.stab.indexstr)

.comment        0x0000000000000000       0x2b
 *(.comment)
 .comment       0x0000000000000000       0x2b build/main.o
                                         0x2c (size before relaxing)
 .comment       0x000000000000002b       0x2c build/init.o
 .comment       0x000000000000002b       0x2c build/interrupt.o
 .comment       0x000000000000002b       0x2c build/timer.o
 .comment       0x000000000000002b       0x2c build/debug.o
 .comment       0x000000000000002b       0x2c build/memory.o
 .comment       0x000000000000002b       0x2c build/bitmap.o
 .comment       0x000000000000002b       0x2c build/string.o
 .comment       0x000000000000002b       0x2c build/thread.o
 .comment       0x000000000000002b       0x2c build/list.o
 .comment       0x000000000000002b       0x2c build/console.o
 .comment       0x000000000000002b       0x2c build/sync.o
 .comment       0x000000000000002b       0x2c build/keyboard.o
 .comment       0x000000000000002b       0x2c build/ioqueue.o
 .comment       0x000000000000002b       0x2c build/tss.o
 .comment       0x000000000000002b       0x2c build/process.o
 .comment       0x000000000000002b       0x2c build/syscall.o
 .comment       0x000000000000002b       0x2c build/syscall-init.o
 .comment       0x000000000000002b       0x2c build/stdio.o
 .comment       0x000000000000002b       0x2c build/ide.o
 .comment       0x000000000000002b       0x2c build/stdio-kernel.o
 .comment       0x000000000000002b       0x2c build/fs.o
 .comment       0x000000000000002b       0x2c build/inode.o
 .comment       0x000000000000002b       0x2c build/file.o
 .comment       0x000000000000002b       0x2c build/dir.o
 .comment       0x000000000000002b       0x2c build/fork.o
 .comment       0x000000000000002b       0x2c build/shell.o
 .comment       0x000000000000002b       0x2c build/assert.o
 .comment       0x000000000000002b       0x2c build/buildin_cmd.o
 .comment       0x000000000000002b       0x2c build/exec.o

.gnu.build.attributes
 *(.gnu.build.attributes .gnu.build.attributes.*)

.debug
 *(.debug)

.line
 *(.line)

.debug_srcinfo
 *(.debug_srcinfo)

.debug_sfnames
 *(.debug_sfnames)

.debug_aranges
 *(.debug_aranges)

.debug_pubnames
 *(.debug_pubnames)

.debug_info
 *(.debug_info .gnu.linkonce.wi.*)

.debug_abbrev
 *(.debug_abbrev)

.debug_line
 *(.debug_line .debug_line.* .debug_line_end)

.debug_frame
 *(.debug_frame)

.debug_str
 *(.debug_str)

.debug_loc
 *(.debug_loc)

.debug_macinfo
 *(.debug_macinfo)

.debug_weaknames
 *(.debug_weaknames)

.debug_funcnames
 *(.debug_funcnames)

.debug_typenames
 *(.debug_typenames)

.debug_varnames
 *(.debug_varnames)

.debug_pubtypes
 *(.debug_pubtypes)

.debug_ranges
 *(.debug_ranges)

.debug_macro
 *(.debug_macro)

.debug_addr
 *(.debug_addr)

.gnu.attributes
 *(.gnu.attributes)

/DISCARD/
 *(.note.GNU-stack)
 *(.gnu_debuglink)
 *(.gnu.lto_*)
OUTPUT(build/kernel.bin elf32-i386)
