
Merging program properties

Removed property 0xc0000002 to merge build/main.o (0x3) and build/kernel.o (not found)
Removed property 0xc0000002 to merge build/main.o (not found) and build/debug.o (0x3)
Removed property 0xc0000002 to merge build/main.o (not found) and build/memory.o (0x3)
Removed property 0xc0000002 to merge build/main.o (not found) and build/bitmap.o (0x3)
Removed property 0xc0000002 to merge build/main.o (not found) and build/string.o (0x3)
Removed property 0xc0000002 to merge build/main.o (not found) and build/thread.o (0x3)
Removed property 0xc0000002 to merge build/main.o (not found) and build/list.o (0x3)
Removed property 0xc0000002 to merge build/main.o (not found) and build/console.o (0x3)
Removed property 0xc0000002 to merge build/main.o (not found) and build/sync.o (0x3)
Removed property 0xc0000002 to merge build/main.o (not found) and build/keyboard.o (0x3)
Removed property 0xc0000002 to merge build/main.o (not found) and build/ioqueue.o (0x3)
Removed property 0xc0000002 to merge build/main.o (not found) and build/tss.o (0x3)
Removed property 0xc0000002 to merge build/main.o (not found) and build/process.o (0x3)
Removed property 0xc0000002 to merge build/main.o (not found) and build/syscall.o (0x3)
Removed property 0xc0000002 to merge build/main.o (not found) and build/syscall-init.o (0x3)
Removed property 0xc0000002 to merge build/main.o (not found) and build/stdio.o (0x3)

Allocating common symbols
Common symbol       size              file

kbd_buf             0x6c              build/keyboard.o
thread_ready_list   0x10              build/thread.o
thread_all_list     0x10              build/thread.o
user_pool           0x2c              build/memory.o
intr_name           0x204             build/interrupt.o
main_thread         0x4               build/thread.o
ticks               0x4               build/timer.o
kernel_vaddr        0xc               build/memory.o
syscall_table       0x80              build/syscall-init.o
idt_table           0x204             build/interrupt.o
kernel_pool         0x2c              build/memory.o
pid_lock            0x1c              build/thread.o

Discarded input sections

 .group         0x0000000000000000        0x8 build/main.o
 .note.GNU-stack
                0x0000000000000000        0x0 build/main.o
 .note.gnu.property
                0x0000000000000000       0x1c build/main.o
 .group         0x0000000000000000        0x8 build/init.o
 .text.__x86.get_pc_thunk.bx
                0x0000000000000000        0x4 build/init.o
 .note.GNU-stack
                0x0000000000000000        0x0 build/init.o
 .note.gnu.property
                0x0000000000000000       0x1c build/init.o
 .group         0x0000000000000000        0x8 build/interrupt.o
 .group         0x0000000000000000        0x8 build/interrupt.o
 .text.__x86.get_pc_thunk.bx
                0x0000000000000000        0x4 build/interrupt.o
 .note.GNU-stack
                0x0000000000000000        0x0 build/interrupt.o
 .note.gnu.property
                0x0000000000000000       0x1c build/interrupt.o
 .group         0x0000000000000000        0x8 build/timer.o
 .group         0x0000000000000000        0x8 build/timer.o
 .text.__x86.get_pc_thunk.ax
                0x0000000000000000        0x4 build/timer.o
 .text.__x86.get_pc_thunk.bx
                0x0000000000000000        0x4 build/timer.o
 .note.GNU-stack
                0x0000000000000000        0x0 build/timer.o
 .note.gnu.property
                0x0000000000000000       0x1c build/timer.o
 .group         0x0000000000000000        0x8 build/debug.o
 .text.__x86.get_pc_thunk.bx
                0x0000000000000000        0x4 build/debug.o
 .note.GNU-stack
                0x0000000000000000        0x0 build/debug.o
 .note.gnu.property
                0x0000000000000000       0x1c build/debug.o
 .group         0x0000000000000000        0x8 build/memory.o
 .group         0x0000000000000000        0x8 build/memory.o
 .text.__x86.get_pc_thunk.ax
                0x0000000000000000        0x4 build/memory.o
 .text.__x86.get_pc_thunk.bx
                0x0000000000000000        0x4 build/memory.o
 .note.GNU-stack
                0x0000000000000000        0x0 build/memory.o
 .note.gnu.property
                0x0000000000000000       0x1c build/memory.o
 .group         0x0000000000000000        0x8 build/bitmap.o
 .text.__x86.get_pc_thunk.ax
                0x0000000000000000        0x4 build/bitmap.o
 .note.GNU-stack
                0x0000000000000000        0x0 build/bitmap.o
 .note.gnu.property
                0x0000000000000000       0x1c build/bitmap.o
 .group         0x0000000000000000        0x8 build/string.o
 .text.__x86.get_pc_thunk.ax
                0x0000000000000000        0x4 build/string.o
 .note.GNU-stack
                0x0000000000000000        0x0 build/string.o
 .note.gnu.property
                0x0000000000000000       0x1c build/string.o
 .group         0x0000000000000000        0x8 build/thread.o
 .group         0x0000000000000000        0x8 build/thread.o
 .group         0x0000000000000000        0x8 build/thread.o
 .text.__x86.get_pc_thunk.ax
                0x0000000000000000        0x4 build/thread.o
 .text.__x86.get_pc_thunk.bx
                0x0000000000000000        0x4 build/thread.o
 .note.GNU-stack
                0x0000000000000000        0x0 build/thread.o
 .note.gnu.property
                0x0000000000000000       0x1c build/thread.o
 .group         0x0000000000000000        0x8 build/list.o
 .group         0x0000000000000000        0x8 build/list.o
 .text.__x86.get_pc_thunk.ax
                0x0000000000000000        0x4 build/list.o
 .text.__x86.get_pc_thunk.bx
                0x0000000000000000        0x4 build/list.o
 .note.GNU-stack
                0x0000000000000000        0x0 build/list.o
 .note.gnu.property
                0x0000000000000000       0x1c build/list.o
 .group         0x0000000000000000        0x8 build/console.o
 .group         0x0000000000000000        0x8 build/console.o
 .text.__x86.get_pc_thunk.ax
                0x0000000000000000        0x4 build/console.o
 .text.__x86.get_pc_thunk.bx
                0x0000000000000000        0x4 build/console.o
 .note.GNU-stack
                0x0000000000000000        0x0 build/console.o
 .note.gnu.property
                0x0000000000000000       0x1c build/console.o
 .group         0x0000000000000000        0x8 build/sync.o
 .group         0x0000000000000000        0x8 build/sync.o
 .text.__x86.get_pc_thunk.ax
                0x0000000000000000        0x4 build/sync.o
 .text.__x86.get_pc_thunk.bx
                0x0000000000000000        0x4 build/sync.o
 .note.GNU-stack
                0x0000000000000000        0x0 build/sync.o
 .note.gnu.property
                0x0000000000000000       0x1c build/sync.o
 .group         0x0000000000000000        0x8 build/keyboard.o
 .group         0x0000000000000000        0x8 build/keyboard.o
 .text.__x86.get_pc_thunk.ax
                0x0000000000000000        0x4 build/keyboard.o
 .text.__x86.get_pc_thunk.bx
                0x0000000000000000        0x4 build/keyboard.o
 .note.GNU-stack
                0x0000000000000000        0x0 build/keyboard.o
 .note.gnu.property
                0x0000000000000000       0x1c build/keyboard.o
 .group         0x0000000000000000        0x8 build/ioqueue.o
 .group         0x0000000000000000        0x8 build/ioqueue.o
 .text.__x86.get_pc_thunk.ax
                0x0000000000000000        0x4 build/ioqueue.o
 .text.__x86.get_pc_thunk.bx
                0x0000000000000000        0x4 build/ioqueue.o
 .note.GNU-stack
                0x0000000000000000        0x0 build/ioqueue.o
 .note.gnu.property
                0x0000000000000000       0x1c build/ioqueue.o
 .group         0x0000000000000000        0x8 build/tss.o
 .group         0x0000000000000000        0x8 build/tss.o
 .text.__x86.get_pc_thunk.ax
                0x0000000000000000        0x4 build/tss.o
 .text.__x86.get_pc_thunk.bx
                0x0000000000000000        0x4 build/tss.o
 .note.GNU-stack
                0x0000000000000000        0x0 build/tss.o
 .note.gnu.property
                0x0000000000000000       0x1c build/tss.o
 .group         0x0000000000000000        0x8 build/process.o
 .group         0x0000000000000000        0x8 build/process.o
 .text.__x86.get_pc_thunk.ax
                0x0000000000000000        0x4 build/process.o
 .text.__x86.get_pc_thunk.bx
                0x0000000000000000        0x4 build/process.o
 .note.GNU-stack
                0x0000000000000000        0x0 build/process.o
 .note.gnu.property
                0x0000000000000000       0x1c build/process.o
 .group         0x0000000000000000        0x8 build/syscall.o
 .text.__x86.get_pc_thunk.ax
                0x0000000000000000        0x4 build/syscall.o
 .note.GNU-stack
                0x0000000000000000        0x0 build/syscall.o
 .note.gnu.property
                0x0000000000000000       0x1c build/syscall.o
 .group         0x0000000000000000        0x8 build/syscall-init.o
 .group         0x0000000000000000        0x8 build/syscall-init.o
 .text.__x86.get_pc_thunk.ax
                0x0000000000000000        0x4 build/syscall-init.o
 .text.__x86.get_pc_thunk.bx
                0x0000000000000000        0x4 build/syscall-init.o
 .note.GNU-stack
                0x0000000000000000        0x0 build/syscall-init.o
 .note.gnu.property
                0x0000000000000000       0x1c build/syscall-init.o
 .group         0x0000000000000000        0x8 build/stdio.o
 .group         0x0000000000000000        0x8 build/stdio.o
 .text.__x86.get_pc_thunk.ax
                0x0000000000000000        0x4 build/stdio.o
 .text.__x86.get_pc_thunk.bx
                0x0000000000000000        0x4 build/stdio.o
 .note.GNU-stack
                0x0000000000000000        0x0 build/stdio.o
 .note.gnu.property
                0x0000000000000000       0x1c build/stdio.o

Memory Configuration

Name             Origin             Length             Attributes
*default*        0x0000000000000000 0xffffffffffffffff

Linker script and memory map

Address of section .text set to 0xc0001500
LOAD build/main.o
LOAD build/init.o
LOAD build/interrupt.o
LOAD build/timer.o
LOAD build/kernel.o
LOAD build/print.o
LOAD build/debug.o
LOAD build/memory.o
LOAD build/bitmap.o
LOAD build/string.o
LOAD build/thread.o
LOAD build/list.o
LOAD build/switch.o
LOAD build/console.o
LOAD build/sync.o
LOAD build/keyboard.o
LOAD build/ioqueue.o
LOAD build/tss.o
LOAD build/process.o
LOAD build/syscall.o
LOAD build/syscall-init.o
LOAD build/stdio.o
                [!provide]                        PROVIDE (__executable_start = SEGMENT_START ("text-segment", 0x8048000))
                0x00000000080480d4                . = (SEGMENT_START ("text-segment", 0x8048000) + SIZEOF_HEADERS)

.interp
 *(.interp)

.note.gnu.build-id
 *(.note.gnu.build-id)

.hash
 *(.hash)

.gnu.hash
 *(.gnu.hash)

.dynsym
 *(.dynsym)

.dynstr
 *(.dynstr)

.gnu.version
 *(.gnu.version)

.gnu.version_d
 *(.gnu.version_d)

.gnu.version_r
 *(.gnu.version_r)

.rel.dyn        0x00000000080480d4        0x0
 *(.rel.init)
 *(.rel.text .rel.text.* .rel.gnu.linkonce.t.*)
 .rel.text      0x00000000080480d4        0x0 build/main.o
 *(.rel.fini)
 *(.rel.rodata .rel.rodata.* .rel.gnu.linkonce.r.*)
 *(.rel.data.rel.ro .rel.data.rel.ro.* .rel.gnu.linkonce.d.rel.ro.*)
 *(.rel.data .rel.data.* .rel.gnu.linkonce.d.*)
 *(.rel.tdata .rel.tdata.* .rel.gnu.linkonce.td.*)
 *(.rel.tbss .rel.tbss.* .rel.gnu.linkonce.tb.*)
 *(.rel.ctors)
 *(.rel.dtors)
 *(.rel.got)
 .rel.got       0x00000000080480d4        0x0 build/main.o
 *(.rel.bss .rel.bss.* .rel.gnu.linkonce.b.*)
 *(.rel.ifunc)

.rel.plt        0x00000000080480d4        0x0
 *(.rel.plt)
                [!provide]                        PROVIDE (__rel_iplt_start = .)
 *(.rel.iplt)
 .rel.iplt      0x00000000080480d4        0x0 build/main.o
                [!provide]                        PROVIDE (__rel_iplt_end = .)
                0x0000000008049000                . = ALIGN (CONSTANT (MAXPAGESIZE))

.init
 *(SORT_NONE(.init))

.plt            0x0000000008049000        0x0
 *(.plt)
 *(.iplt)
 .iplt          0x0000000008049000        0x0 build/main.o

.plt.got
 *(.plt.got)

.plt.sec
 *(.plt.sec)

.text           0x00000000c0001500     0x4169
 *(.text.unlikely .text.*_unlikely .text.unlikely.*)
 *(.text.exit .text.exit.*)
 *(.text.startup .text.startup.*)
 *(.text.hot .text.hot.*)
 *(SORT_BY_NAME(.text.sorted.*))
 *(.text .stub .text.* .gnu.linkonce.t.*)
 .text          0x00000000c0001500      0x1ee build/main.o
                0x00000000c0001500                main
                0x00000000c00015dc                k_thread_a
                0x00000000c000162a                k_thread_b
                0x00000000c0001678                u_prog_a
                0x00000000c00016b3                u_prog_b
 .text.__x86.get_pc_thunk.bx
                0x00000000c00016ee        0x4 build/main.o
                0x00000000c00016ee                __x86.get_pc_thunk.bx
 .text          0x00000000c00016f2       0x56 build/init.o
                0x00000000c00016f2                init_all
 .text          0x00000000c0001748      0x5ae build/interrupt.o
                0x00000000c0001b83                intr_enable
                0x00000000c0001bba                intr_disable
                0x00000000c0001bf1                intr_set_status
                0x00000000c0001c1d                intr_get_status
                0x00000000c0001c48                register_handler
                0x00000000c0001c75                idt_init
 .text.__x86.get_pc_thunk.ax
                0x00000000c0001cf6        0x4 build/interrupt.o
                0x00000000c0001cf6                __x86.get_pc_thunk.ax
 .text          0x00000000c0001cfa      0x1c6 build/timer.o
                0x00000000c0001e54                timer_init
 .text          0x00000000c0001ec0      0x55b build/kernel.o
                0x00000000c0001ec0                intr_exit
                0x00000000c00023f7                syscall_handler
 *fill*         0x00000000c000241b        0x5 
 .text          0x00000000c0002420      0x172 build/print.o
                0x00000000c0002420                put_str
                0x00000000c000243e                put_char
                0x00000000c000250b                put_int
                0x00000000c000256e                set_cursor
 .text          0x00000000c0002592       0xf8 build/debug.o
                0x00000000c0002592                panic_spin
 .text          0x00000000c000268a      0x993 build/memory.o
                0x00000000c00027c1                pte_ptr
                0x00000000c00027ff                pde_ptr
                0x00000000c00029c5                malloc_page
                0x00000000c0002aa2                get_kernel_pages
                0x00000000c0002b1a                get_user_pages
                0x00000000c0002b8c                get_a_page
                0x00000000c0002d1a                addr_v2p
                0x00000000c0002fc5                mem_init
 .text          0x00000000c000301d      0x29d build/bitmap.o
                0x00000000c000301d                bitmap_init
                0x00000000c0003054                bitmap_scan_test
                0x00000000c00030a2                bitmap_scan
                0x00000000c00031ee                bitmap_set
 .text          0x00000000c00032ba      0x4d2 build/string.o
                0x00000000c00032ba                memset
                0x00000000c0003327                memcpy
                0x00000000c00033a2                memcmp
                0x00000000c000343f                strcpy
                0x00000000c00034ae                strlen
                0x00000000c000350f                strcmp
                0x00000000c00035a2                strchr
                0x00000000c0003614                strrchr
                0x00000000c000368c                strcat
                0x00000000c0003710                strchrs
 .text          0x00000000c000378c      0x6ff build/thread.o
                0x00000000c000378c                running_thread
                0x00000000c0003836                thread_create
                0x00000000c00038be                init_thread
                0x00000000c0003973                thread_start
                0x00000000c0003b18                schedule
                0x00000000c0003c6f                thread_block
                0x00000000c0003ceb                thread_unblock
                0x00000000c0003e10                thread_init
 .text.__x86.get_pc_thunk.dx
                0x00000000c0003e8b        0x4 build/thread.o
                0x00000000c0003e8b                __x86.get_pc_thunk.dx
 .text          0x00000000c0003e8f      0x287 build/list.o
                0x00000000c0003e8f                list_init
                0x00000000c0003ecb                list_insert_before
                0x00000000c0003f23                list_push
                0x00000000c0003f4f                list_append
                0x00000000c0003f7b                list_remove
                0x00000000c0003fc8                list_pop
                0x00000000c0003ff8                elem_find
                0x00000000c0004041                list_traversal
                0x00000000c00040ac                list_len
                0x00000000c00040ef                list_empty
 *fill*         0x00000000c0004116        0xa 
 .text          0x00000000c0004120       0x15 build/switch.o
                0x00000000c0004120                switch_to
 .text          0x00000000c0004135      0x131 build/console.o
                0x00000000c0004135                console_init
                0x00000000c0004164                console_acquire
                0x00000000c0004193                console_release
                0x00000000c00041c2                console_put_str
                0x00000000c00041f6                console_put_char
                0x00000000c0004232                console_put_int
 .text          0x00000000c0004266      0x3a7 build/sync.o
                0x00000000c0004266                sema_init
                0x00000000c00042a4                lock_init
                0x00000000c00042e2                sema_down
                0x00000000c0004402                sema_up
                0x00000000c00044d0                lock_acquire
                0x00000000c000455a                lock_release
 .text          0x00000000c000460d      0x337 build/keyboard.o
                0x00000000c00048de                keyboard_init
 .text          0x00000000c0004944      0x39e build/ioqueue.o
                0x00000000c0004944                ioqueue_init
                0x00000000c00049c6                ioq_full
                0x00000000c0004a29                ioq_empty
                0x00000000c0004b3f                ioq_getchar
                0x00000000c0004c0f                ioq_putchar
 .text          0x00000000c0004ce2      0x1be build/tss.o
                0x00000000c0004ce2                update_tss_esp
                0x00000000c0004d7b                tss_init
 .text          0x00000000c0004ea0      0x3e2 build/process.o
                0x00000000c0004ea0                start_process
                0x00000000c0004fb8                page_dir_activate
                0x00000000c0005001                process_activate
                0x00000000c0005068                create_page_dir
                0x00000000c00050f5                create_user_vaddr_bitmap
                0x00000000c0005152                process_execute
 .text          0x00000000c0005282       0x50 build/syscall.o
                0x00000000c0005282                getpid
                0x00000000c00052a5                write
 .text          0x00000000c00052d2       0xbb build/syscall-init.o
                0x00000000c00052d2                sys_getpid
                0x00000000c00052f9                sys_write
                0x00000000c0005330                syscall_init
 .text          0x00000000c000538d      0x2dc build/stdio.o
                0x00000000c0005422                vsprintf
                0x00000000c00055b4                sprintf
                0x00000000c00055f2                printf
 *(.gnu.warning)

.fini
 *(SORT_NONE(.fini))
                [!provide]                        PROVIDE (__etext = .)
                [!provide]                        PROVIDE (_etext = .)
                [!provide]                        PROVIDE (etext = .)
                0x00000000c0006000                . = ALIGN (CONSTANT (MAXPAGESIZE))
                0x00000000c0006000                . = SEGMENT_START ("rodata-segment", (ALIGN (CONSTANT (MAXPAGESIZE)) + (. & (CONSTANT (MAXPAGESIZE) - 0x1))))

.rodata         0x00000000c0006000      0xd5f
 *(.rodata .rodata.* .gnu.linkonce.r.*)
 .rodata        0x00000000c0006000       0xc0 build/main.o
 .rodata        0x00000000c00060c0        0xa build/init.o
 *fill*         0x00000000c00060ca        0x2 
 .rodata        0x00000000c00060cc      0x2cd build/interrupt.o
 *fill*         0x00000000c0006399        0x3 
 .rodata        0x00000000c000639c       0x6b build/timer.o
 .rodata        0x00000000c0006407       0x3f build/debug.o
 *fill*         0x00000000c0006446        0x2 
 .rodata        0x00000000c0006448      0x1d7 build/memory.o
 *fill*         0x00000000c000661f        0x1 
 .rodata        0x00000000c0006620       0x6b build/bitmap.o
 *fill*         0x00000000c000668b        0x1 
 .rodata        0x00000000c000668c       0xc4 build/string.o
 .rodata        0x00000000c0006750      0x2cb build/thread.o
 *fill*         0x00000000c0006a1b        0x1 
 .rodata        0x00000000c0006a1c      0x135 build/sync.o
 .rodata        0x00000000c0006b51       0x36 build/keyboard.o
 *fill*         0x00000000c0006b87        0x1 
 .rodata        0x00000000c0006b88       0xa8 build/ioqueue.o
 .rodata        0x00000000c0006c30       0x27 build/tss.o
 *fill*         0x00000000c0006c57        0x1 
 .rodata        0x00000000c0006c58       0xe0 build/process.o
 .rodata        0x00000000c0006d38       0x27 build/syscall-init.o

.rodata1
 *(.rodata1)

.eh_frame_hdr
 *(.eh_frame_hdr)
 *(.eh_frame_entry .eh_frame_entry.*)

.eh_frame       0x00000000c0006d60      0xf84
 *(.eh_frame)
 .eh_frame      0x00000000c0006d60       0xc4 build/main.o
 .eh_frame      0x00000000c0006e24       0x24 build/init.o
                                         0x50 (size before relaxing)
 .eh_frame      0x00000000c0006e48      0x1b4 build/interrupt.o
                                        0x1e0 (size before relaxing)
 .eh_frame      0x00000000c0006ffc       0x94 build/timer.o
                                         0xd4 (size before relaxing)
 .eh_frame      0x00000000c0007090       0x1c build/debug.o
                                         0x48 (size before relaxing)
 .eh_frame      0x00000000c00070ac      0x1a4 build/memory.o
                                        0x1e4 (size before relaxing)
 .eh_frame      0x00000000c0007250       0x90 build/bitmap.o
                                         0xbc (size before relaxing)
 .eh_frame      0x00000000c00072e0      0x168 build/string.o
                                        0x194 (size before relaxing)
 .eh_frame      0x00000000c0007448      0x198 build/thread.o
                                        0x1d8 (size before relaxing)
 .eh_frame      0x00000000c00075e0      0x148 build/list.o
                                        0x188 (size before relaxing)
 .eh_frame      0x00000000c0007728       0xd8 build/console.o
                                        0x118 (size before relaxing)
 .eh_frame      0x00000000c0007800       0xdc build/sync.o
                                        0x11c (size before relaxing)
 .eh_frame      0x00000000c00078dc       0x68 build/keyboard.o
                                         0xa8 (size before relaxing)
 .eh_frame      0x00000000c0007944      0x11c build/ioqueue.o
                                        0x15c (size before relaxing)
 .eh_frame      0x00000000c0007a60       0x6c build/tss.o
                                         0xac (size before relaxing)
 .eh_frame      0x00000000c0007acc       0xd8 build/process.o
                                        0x118 (size before relaxing)
 .eh_frame      0x00000000c0007ba4       0x44 build/syscall.o
                                         0x70 (size before relaxing)
 .eh_frame      0x00000000c0007be8       0x6c build/syscall-init.o
                                         0xac (size before relaxing)
 .eh_frame      0x00000000c0007c54       0x90 build/stdio.o
                                         0xd0 (size before relaxing)
 *(.eh_frame.*)

.gcc_except_table
 *(.gcc_except_table .gcc_except_table.*)

.gnu_extab
 *(.gnu_extab*)

.exception_ranges
 *(.exception_ranges*)
                0x00000000c0009000                . = DATA_SEGMENT_ALIGN (CONSTANT (MAXPAGESIZE), CONSTANT (COMMONPAGESIZE))

.eh_frame
 *(.eh_frame)
 *(.eh_frame.*)

.gnu_extab
 *(.gnu_extab)

.gcc_except_table
 *(.gcc_except_table .gcc_except_table.*)

.exception_ranges
 *(.exception_ranges*)

.tdata          0x00000000c0009000        0x0
                [!provide]                        PROVIDE (__tdata_start = .)
 *(.tdata .tdata.* .gnu.linkonce.td.*)

.tbss
 *(.tbss .tbss.* .gnu.linkonce.tb.*)
 *(.tcommon)

.preinit_array  0x00000000c0009000        0x0
                [!provide]                        PROVIDE (__preinit_array_start = .)
 *(.preinit_array)
                [!provide]                        PROVIDE (__preinit_array_end = .)

.init_array     0x00000000c0009000        0x0
                [!provide]                        PROVIDE (__init_array_start = .)
 *(SORT_BY_INIT_PRIORITY(.init_array.*) SORT_BY_INIT_PRIORITY(.ctors.*))
 *(.init_array EXCLUDE_FILE(*crtend?.o *crtend.o *crtbegin?.o *crtbegin.o) .ctors)
                [!provide]                        PROVIDE (__init_array_end = .)

.fini_array     0x00000000c0009000        0x0
                [!provide]                        PROVIDE (__fini_array_start = .)
 *(SORT_BY_INIT_PRIORITY(.fini_array.*) SORT_BY_INIT_PRIORITY(.dtors.*))
 *(.fini_array EXCLUDE_FILE(*crtend?.o *crtend.o *crtbegin?.o *crtbegin.o) .dtors)
                [!provide]                        PROVIDE (__fini_array_end = .)

.ctors
 *crtbegin.o(.ctors)
 *crtbegin?.o(.ctors)
 *(EXCLUDE_FILE(*crtend?.o *crtend.o) .ctors)
 *(SORT_BY_NAME(.ctors.*))
 *(.ctors)

.dtors
 *crtbegin.o(.dtors)
 *crtbegin?.o(.dtors)
 *(EXCLUDE_FILE(*crtend?.o *crtend.o) .dtors)
 *(SORT_BY_NAME(.dtors.*))
 *(.dtors)

.jcr
 *(.jcr)

.data.rel.ro
 *(.data.rel.ro.local* .gnu.linkonce.d.rel.ro.local.*)
 *(.data.rel.ro .data.rel.ro.* .gnu.linkonce.d.rel.ro.*)

.dynamic
 *(.dynamic)

.got            0x00000000c0009000        0x0
 *(.got)
 .got           0x00000000c0009000        0x0 build/main.o
 *(.igot)
                0x00000000c0009ff4                . = DATA_SEGMENT_RELRO_END (., (SIZEOF (.got.plt) >= 0xc)?0xc:0x0)

.got.plt        0x00000000c0009000        0xc
 *(.got.plt)
 .got.plt       0x00000000c0009000        0xc build/main.o
                0x00000000c0009000                _GLOBAL_OFFSET_TABLE_
 *(.igot.plt)
 .igot.plt      0x00000000c000900c        0x0 build/main.o

.data           0x00000000c0009020      0x156
 *(.data .data.* .gnu.linkonce.d.*)
 .data          0x00000000c0009020        0x0 build/main.o
 .data          0x00000000c0009020        0x0 build/init.o
 .data          0x00000000c0009020        0x0 build/interrupt.o
 .data          0x00000000c0009020        0x0 build/timer.o
 .data          0x00000000c0009020       0xc0 build/kernel.o
                0x00000000c0009020                intr_entry_table
 .data          0x00000000c00090e0        0x8 build/print.o
 .data          0x00000000c00090e8        0x0 build/debug.o
 .data          0x00000000c00090e8        0x0 build/memory.o
 .data          0x00000000c00090e8        0x0 build/bitmap.o
 .data          0x00000000c00090e8        0x0 build/string.o
 .data          0x00000000c00090e8        0x0 build/thread.o
 .data          0x00000000c00090e8        0x0 build/list.o
 .data          0x00000000c00090e8        0x0 build/console.o
 .data          0x00000000c00090e8        0x0 build/sync.o
 *fill*         0x00000000c00090e8       0x18 
 .data          0x00000000c0009100       0x76 build/keyboard.o
 .data          0x00000000c0009176        0x0 build/ioqueue.o
 .data          0x00000000c0009176        0x0 build/tss.o
 .data          0x00000000c0009176        0x0 build/process.o
 .data          0x00000000c0009176        0x0 build/syscall.o
 .data          0x00000000c0009176        0x0 build/syscall-init.o
 .data          0x00000000c0009176        0x0 build/stdio.o

.data1
 *(.data1)
                0x00000000c0009176                _edata = .
                [!provide]                        PROVIDE (edata = .)
                0x00000000c0009176                . = .
                0x00000000c0009176                __bss_start = .

.bss            0x00000000c0009180      0xac0
 *(.dynbss)
 *(.bss .bss.* .gnu.linkonce.b.*)
 .bss           0x00000000c0009180        0x0 build/main.o
 .bss           0x00000000c0009180        0x0 build/init.o
 .bss           0x00000000c0009180      0x408 build/interrupt.o
 .bss           0x00000000c0009588        0x0 build/timer.o
 .bss           0x00000000c0009588        0x0 build/debug.o
 .bss           0x00000000c0009588        0x0 build/memory.o
 .bss           0x00000000c0009588        0x0 build/bitmap.o
 .bss           0x00000000c0009588        0x0 build/string.o
 .bss           0x00000000c0009588        0x6 build/thread.o
 .bss           0x00000000c000958e        0x0 build/list.o
 *fill*         0x00000000c000958e        0x2 
 .bss           0x00000000c0009590       0x1c build/console.o
 .bss           0x00000000c00095ac        0x0 build/sync.o
 .bss           0x00000000c00095ac       0x14 build/keyboard.o
 .bss           0x00000000c00095c0        0x0 build/ioqueue.o
 .bss           0x00000000c00095c0       0x6c build/tss.o
 .bss           0x00000000c000962c        0x0 build/process.o
 .bss           0x00000000c000962c        0x0 build/syscall.o
 .bss           0x00000000c000962c        0x0 build/syscall-init.o
 .bss           0x00000000c000962c        0x0 build/stdio.o
 *(COMMON)
 *fill*         0x00000000c000962c       0x14 
 COMMON         0x00000000c0009640      0x424 build/interrupt.o
                0x00000000c0009640                intr_name
                0x00000000c0009860                idt_table
 COMMON         0x00000000c0009a64        0x4 build/timer.o
                0x00000000c0009a64                ticks
 *fill*         0x00000000c0009a68       0x18 
 COMMON         0x00000000c0009a80       0x6c build/memory.o
                0x00000000c0009a80                user_pool
                0x00000000c0009aac                kernel_vaddr
                0x00000000c0009ac0                kernel_pool
 COMMON         0x00000000c0009aec       0x40 build/thread.o
                0x00000000c0009aec                thread_ready_list
                0x00000000c0009afc                thread_all_list
                0x00000000c0009b0c                main_thread
                0x00000000c0009b10                pid_lock
 *fill*         0x00000000c0009b2c       0x14 
 COMMON         0x00000000c0009b40       0x6c build/keyboard.o
                0x00000000c0009b40                kbd_buf
 *fill*         0x00000000c0009bac       0x14 
 COMMON         0x00000000c0009bc0       0x80 build/syscall-init.o
                0x00000000c0009bc0                syscall_table
                0x00000000c0009c40                . = ALIGN ((. != 0x0)?0x4:0x1)
                0x00000000c0009c40                . = ALIGN (0x4)
                0x00000000c0009c40                . = SEGMENT_START ("ldata-segment", .)
                0x00000000c0009c40                . = ALIGN (0x4)
                0x00000000c0009c40                _end = .
                [!provide]                        PROVIDE (end = .)
                0x00000000c0009c40                . = DATA_SEGMENT_END (.)

.stab
 *(.stab)

.stabstr
 *(.stabstr)

.stab.excl
 *(.stab.excl)

.stab.exclstr
 *(.stab.exclstr)

.stab.index
 *(.stab.index)

.stab.indexstr
 *(.stab.indexstr)

.comment        0x0000000000000000       0x2b
 *(.comment)
 .comment       0x0000000000000000       0x2b build/main.o
                                         0x2c (size before relaxing)
 .comment       0x000000000000002b       0x2c build/init.o
 .comment       0x000000000000002b       0x2c build/interrupt.o
 .comment       0x000000000000002b       0x2c build/timer.o
 .comment       0x000000000000002b       0x2c build/debug.o
 .comment       0x000000000000002b       0x2c build/memory.o
 .comment       0x000000000000002b       0x2c build/bitmap.o
 .comment       0x000000000000002b       0x2c build/string.o
 .comment       0x000000000000002b       0x2c build/thread.o
 .comment       0x000000000000002b       0x2c build/list.o
 .comment       0x000000000000002b       0x2c build/console.o
 .comment       0x000000000000002b       0x2c build/sync.o
 .comment       0x000000000000002b       0x2c build/keyboard.o
 .comment       0x000000000000002b       0x2c build/ioqueue.o
 .comment       0x000000000000002b       0x2c build/tss.o
 .comment       0x000000000000002b       0x2c build/process.o
 .comment       0x000000000000002b       0x2c build/syscall.o
 .comment       0x000000000000002b       0x2c build/syscall-init.o
 .comment       0x000000000000002b       0x2c build/stdio.o

.gnu.build.attributes
 *(.gnu.build.attributes .gnu.build.attributes.*)

.debug
 *(.debug)

.line
 *(.line)

.debug_srcinfo
 *(.debug_srcinfo)

.debug_sfnames
 *(.debug_sfnames)

.debug_aranges
 *(.debug_aranges)

.debug_pubnames
 *(.debug_pubnames)

.debug_info
 *(.debug_info .gnu.linkonce.wi.*)

.debug_abbrev
 *(.debug_abbrev)

.debug_line
 *(.debug_line .debug_line.* .debug_line_end)

.debug_frame
 *(.debug_frame)

.debug_str
 *(.debug_str)

.debug_loc
 *(.debug_loc)

.debug_macinfo
 *(.debug_macinfo)

.debug_weaknames
 *(.debug_weaknames)

.debug_funcnames
 *(.debug_funcnames)

.debug_typenames
 *(.debug_typenames)

.debug_varnames
 *(.debug_varnames)

.debug_pubtypes
 *(.debug_pubtypes)

.debug_ranges
 *(.debug_ranges)

.debug_macro
 *(.debug_macro)

.debug_addr
 *(.debug_addr)

.gnu.attributes
 *(.gnu.attributes)

/DISCARD/
 *(.note.GNU-stack)
 *(.gnu_debuglink)
 *(.gnu.lto_*)
OUTPUT(build/kernel.bin elf32-i386)
