
Merging program properties

Removed property 0xc0000002 to merge build/main.o (0x3) and build/kernel.o (not found)
Removed property 0xc0000002 to merge build/main.o (not found) and build/debug.o (0x3)
Removed property 0xc0000002 to merge build/main.o (not found) and build/memory.o (0x3)
Removed property 0xc0000002 to merge build/main.o (not found) and build/bitmap.o (0x3)
Removed property 0xc0000002 to merge build/main.o (not found) and build/string.o (0x3)
Removed property 0xc0000002 to merge build/main.o (not found) and build/thread.o (0x3)
Removed property 0xc0000002 to merge build/main.o (not found) and build/list.o (0x3)
Removed property 0xc0000002 to merge build/main.o (not found) and build/console.o (0x3)
Removed property 0xc0000002 to merge build/main.o (not found) and build/sync.o (0x3)
Removed property 0xc0000002 to merge build/main.o (not found) and build/keyboard.o (0x3)
Removed property 0xc0000002 to merge build/main.o (not found) and build/ioqueue.o (0x3)
Removed property 0xc0000002 to merge build/main.o (not found) and build/tss.o (0x3)
Removed property 0xc0000002 to merge build/main.o (not found) and build/process.o (0x3)
Removed property 0xc0000002 to merge build/main.o (not found) and build/syscall.o (0x3)
Removed property 0xc0000002 to merge build/main.o (not found) and build/syscall-init.o (0x3)
Removed property 0xc0000002 to merge build/main.o (not found) and build/stdio.o (0x3)
Removed property 0xc0000002 to merge build/main.o (not found) and build/ide.o (0x3)
Removed property 0xc0000002 to merge build/main.o (not found) and build/stdio-kernel.o (0x3)
Removed property 0xc0000002 to merge build/main.o (not found) and build/fs.o (0x3)
Removed property 0xc0000002 to merge build/main.o (not found) and build/inode.o (0x3)
Removed property 0xc0000002 to merge build/main.o (not found) and build/file.o (0x3)
Removed property 0xc0000002 to merge build/main.o (not found) and build/dir.o (0x3)
Removed property 0xc0000002 to merge build/main.o (not found) and build/fork.o (0x3)
Removed property 0xc0000002 to merge build/main.o (not found) and build/shell.o (0x3)
Removed property 0xc0000002 to merge build/main.o (not found) and build/assert.o (0x3)

Allocating common symbols
Common symbol       size              file

argv                0x40              build/shell.o
kbd_buf             0x6c              build/keyboard.o
root_dir            0x208             build/dir.o
thread_ready_list   0x10              build/thread.o
thread_all_list     0x10              build/thread.o
user_pool           0x2c              build/memory.o
channel_cnt         0x1               build/ide.o
cur_part            0x4               build/fs.o
k_block_descs       0xa8              build/memory.o
idle_thread         0x4               build/thread.o
intr_name           0x204             build/interrupt.o
main_thread         0x4               build/thread.o
channels            0xcc0             build/ide.o
ticks               0x4               build/timer.o
kernel_vaddr        0xc               build/memory.o
syscall_table       0x80              build/syscall-init.o
idt_table           0x204             build/interrupt.o
file_table          0x180             build/file.o
partition_list      0x10              build/ide.o
kernel_pool         0x2c              build/memory.o
pid_lock            0x1c              build/thread.o

Discarded input sections

 .group         0x0000000000000000        0x8 build/main.o
 .note.GNU-stack
                0x0000000000000000        0x0 build/main.o
 .note.gnu.property
                0x0000000000000000       0x1c build/main.o
 .group         0x0000000000000000        0x8 build/init.o
 .text.__x86.get_pc_thunk.bx
                0x0000000000000000        0x4 build/init.o
 .note.GNU-stack
                0x0000000000000000        0x0 build/init.o
 .note.gnu.property
                0x0000000000000000       0x1c build/init.o
 .group         0x0000000000000000        0x8 build/interrupt.o
 .group         0x0000000000000000        0x8 build/interrupt.o
 .text.__x86.get_pc_thunk.bx
                0x0000000000000000        0x4 build/interrupt.o
 .note.GNU-stack
                0x0000000000000000        0x0 build/interrupt.o
 .note.gnu.property
                0x0000000000000000       0x1c build/interrupt.o
 .group         0x0000000000000000        0x8 build/timer.o
 .group         0x0000000000000000        0x8 build/timer.o
 .group         0x0000000000000000        0x8 build/timer.o
 .text.__x86.get_pc_thunk.ax
                0x0000000000000000        0x4 build/timer.o
 .text.__x86.get_pc_thunk.bx
                0x0000000000000000        0x4 build/timer.o
 .note.GNU-stack
                0x0000000000000000        0x0 build/timer.o
 .note.gnu.property
                0x0000000000000000       0x1c build/timer.o
 .group         0x0000000000000000        0x8 build/debug.o
 .text.__x86.get_pc_thunk.bx
                0x0000000000000000        0x4 build/debug.o
 .note.GNU-stack
                0x0000000000000000        0x0 build/debug.o
 .note.gnu.property
                0x0000000000000000       0x1c build/debug.o
 .group         0x0000000000000000        0x8 build/memory.o
 .group         0x0000000000000000        0x8 build/memory.o
 .text.__x86.get_pc_thunk.ax
                0x0000000000000000        0x4 build/memory.o
 .text.__x86.get_pc_thunk.bx
                0x0000000000000000        0x4 build/memory.o
 .note.GNU-stack
                0x0000000000000000        0x0 build/memory.o
 .note.gnu.property
                0x0000000000000000       0x1c build/memory.o
 .group         0x0000000000000000        0x8 build/bitmap.o
 .text.__x86.get_pc_thunk.ax
                0x0000000000000000        0x4 build/bitmap.o
 .note.GNU-stack
                0x0000000000000000        0x0 build/bitmap.o
 .note.gnu.property
                0x0000000000000000       0x1c build/bitmap.o
 .group         0x0000000000000000        0x8 build/string.o
 .text.__x86.get_pc_thunk.ax
                0x0000000000000000        0x4 build/string.o
 .note.GNU-stack
                0x0000000000000000        0x0 build/string.o
 .note.gnu.property
                0x0000000000000000       0x1c build/string.o
 .group         0x0000000000000000        0x8 build/thread.o
 .group         0x0000000000000000        0x8 build/thread.o
 .group         0x0000000000000000        0x8 build/thread.o
 .text.__x86.get_pc_thunk.ax
                0x0000000000000000        0x4 build/thread.o
 .text.__x86.get_pc_thunk.bx
                0x0000000000000000        0x4 build/thread.o
 .note.GNU-stack
                0x0000000000000000        0x0 build/thread.o
 .note.gnu.property
                0x0000000000000000       0x1c build/thread.o
 .group         0x0000000000000000        0x8 build/list.o
 .group         0x0000000000000000        0x8 build/list.o
 .text.__x86.get_pc_thunk.ax
                0x0000000000000000        0x4 build/list.o
 .text.__x86.get_pc_thunk.bx
                0x0000000000000000        0x4 build/list.o
 .note.GNU-stack
                0x0000000000000000        0x0 build/list.o
 .note.gnu.property
                0x0000000000000000       0x1c build/list.o
 .group         0x0000000000000000        0x8 build/console.o
 .group         0x0000000000000000        0x8 build/console.o
 .text.__x86.get_pc_thunk.ax
                0x0000000000000000        0x4 build/console.o
 .text.__x86.get_pc_thunk.bx
                0x0000000000000000        0x4 build/console.o
 .note.GNU-stack
                0x0000000000000000        0x0 build/console.o
 .note.gnu.property
                0x0000000000000000       0x1c build/console.o
 .group         0x0000000000000000        0x8 build/sync.o
 .group         0x0000000000000000        0x8 build/sync.o
 .text.__x86.get_pc_thunk.ax
                0x0000000000000000        0x4 build/sync.o
 .text.__x86.get_pc_thunk.bx
                0x0000000000000000        0x4 build/sync.o
 .note.GNU-stack
                0x0000000000000000        0x0 build/sync.o
 .note.gnu.property
                0x0000000000000000       0x1c build/sync.o
 .group         0x0000000000000000        0x8 build/keyboard.o
 .group         0x0000000000000000        0x8 build/keyboard.o
 .text.__x86.get_pc_thunk.ax
                0x0000000000000000        0x4 build/keyboard.o
 .text.__x86.get_pc_thunk.bx
                0x0000000000000000        0x4 build/keyboard.o
 .note.GNU-stack
                0x0000000000000000        0x0 build/keyboard.o
 .note.gnu.property
                0x0000000000000000       0x1c build/keyboard.o
 .group         0x0000000000000000        0x8 build/ioqueue.o
 .group         0x0000000000000000        0x8 build/ioqueue.o
 .text.__x86.get_pc_thunk.ax
                0x0000000000000000        0x4 build/ioqueue.o
 .text.__x86.get_pc_thunk.bx
                0x0000000000000000        0x4 build/ioqueue.o
 .note.GNU-stack
                0x0000000000000000        0x0 build/ioqueue.o
 .note.gnu.property
                0x0000000000000000       0x1c build/ioqueue.o
 .group         0x0000000000000000        0x8 build/tss.o
 .group         0x0000000000000000        0x8 build/tss.o
 .text.__x86.get_pc_thunk.ax
                0x0000000000000000        0x4 build/tss.o
 .text.__x86.get_pc_thunk.bx
                0x0000000000000000        0x4 build/tss.o
 .note.GNU-stack
                0x0000000000000000        0x0 build/tss.o
 .note.gnu.property
                0x0000000000000000       0x1c build/tss.o
 .group         0x0000000000000000        0x8 build/process.o
 .group         0x0000000000000000        0x8 build/process.o
 .text.__x86.get_pc_thunk.ax
                0x0000000000000000        0x4 build/process.o
 .text.__x86.get_pc_thunk.bx
                0x0000000000000000        0x4 build/process.o
 .note.GNU-stack
                0x0000000000000000        0x0 build/process.o
 .note.gnu.property
                0x0000000000000000       0x1c build/process.o
 .group         0x0000000000000000        0x8 build/syscall.o
 .text.__x86.get_pc_thunk.ax
                0x0000000000000000        0x4 build/syscall.o
 .note.GNU-stack
                0x0000000000000000        0x0 build/syscall.o
 .note.gnu.property
                0x0000000000000000       0x1c build/syscall.o
 .group         0x0000000000000000        0x8 build/syscall-init.o
 .group         0x0000000000000000        0x8 build/syscall-init.o
 .text.__x86.get_pc_thunk.ax
                0x0000000000000000        0x4 build/syscall-init.o
 .text.__x86.get_pc_thunk.bx
                0x0000000000000000        0x4 build/syscall-init.o
 .note.GNU-stack
                0x0000000000000000        0x0 build/syscall-init.o
 .note.gnu.property
                0x0000000000000000       0x1c build/syscall-init.o
 .group         0x0000000000000000        0x8 build/stdio.o
 .group         0x0000000000000000        0x8 build/stdio.o
 .text.__x86.get_pc_thunk.ax
                0x0000000000000000        0x4 build/stdio.o
 .text.__x86.get_pc_thunk.bx
                0x0000000000000000        0x4 build/stdio.o
 .note.GNU-stack
                0x0000000000000000        0x0 build/stdio.o
 .note.gnu.property
                0x0000000000000000       0x1c build/stdio.o
 .group         0x0000000000000000        0x8 build/ide.o
 .group         0x0000000000000000        0x8 build/ide.o
 .text.__x86.get_pc_thunk.ax
                0x0000000000000000        0x4 build/ide.o
 .text.__x86.get_pc_thunk.bx
                0x0000000000000000        0x4 build/ide.o
 .note.GNU-stack
                0x0000000000000000        0x0 build/ide.o
 .note.gnu.property
                0x0000000000000000       0x1c build/ide.o
 .group         0x0000000000000000        0x8 build/stdio-kernel.o
 .text.__x86.get_pc_thunk.bx
                0x0000000000000000        0x4 build/stdio-kernel.o
 .note.GNU-stack
                0x0000000000000000        0x0 build/stdio-kernel.o
 .note.gnu.property
                0x0000000000000000       0x1c build/stdio-kernel.o
 .group         0x0000000000000000        0x8 build/fs.o
 .group         0x0000000000000000        0x8 build/fs.o
 .text.__x86.get_pc_thunk.ax
                0x0000000000000000        0x4 build/fs.o
 .text.__x86.get_pc_thunk.bx
                0x0000000000000000        0x4 build/fs.o
 .note.GNU-stack
                0x0000000000000000        0x0 build/fs.o
 .note.gnu.property
                0x0000000000000000       0x1c build/fs.o
 .group         0x0000000000000000        0x8 build/inode.o
 .group         0x0000000000000000        0x8 build/inode.o
 .text.__x86.get_pc_thunk.ax
                0x0000000000000000        0x4 build/inode.o
 .text.__x86.get_pc_thunk.bx
                0x0000000000000000        0x4 build/inode.o
 .note.GNU-stack
                0x0000000000000000        0x0 build/inode.o
 .note.gnu.property
                0x0000000000000000       0x1c build/inode.o
 .group         0x0000000000000000        0x8 build/file.o
 .group         0x0000000000000000        0x8 build/file.o
 .group         0x0000000000000000        0x8 build/file.o
 .text.__x86.get_pc_thunk.ax
                0x0000000000000000        0x4 build/file.o
 .text.__x86.get_pc_thunk.dx
                0x0000000000000000        0x4 build/file.o
 .text.__x86.get_pc_thunk.bx
                0x0000000000000000        0x4 build/file.o
 .note.GNU-stack
                0x0000000000000000        0x0 build/file.o
 .note.gnu.property
                0x0000000000000000       0x1c build/file.o
 .group         0x0000000000000000        0x8 build/dir.o
 .group         0x0000000000000000        0x8 build/dir.o
 .text.__x86.get_pc_thunk.ax
                0x0000000000000000        0x4 build/dir.o
 .text.__x86.get_pc_thunk.bx
                0x0000000000000000        0x4 build/dir.o
 .note.GNU-stack
                0x0000000000000000        0x0 build/dir.o
 .note.gnu.property
                0x0000000000000000       0x1c build/dir.o
 .group         0x0000000000000000        0x8 build/fork.o
 .group         0x0000000000000000        0x8 build/fork.o
 .text.__x86.get_pc_thunk.ax
                0x0000000000000000        0x4 build/fork.o
 .text.__x86.get_pc_thunk.bx
                0x0000000000000000        0x4 build/fork.o
 .note.GNU-stack
                0x0000000000000000        0x0 build/fork.o
 .note.gnu.property
                0x0000000000000000       0x1c build/fork.o
 .group         0x0000000000000000        0x8 build/shell.o
 .group         0x0000000000000000        0x8 build/shell.o
 .text.__x86.get_pc_thunk.ax
                0x0000000000000000        0x4 build/shell.o
 .text.__x86.get_pc_thunk.bx
                0x0000000000000000        0x4 build/shell.o
 .note.GNU-stack
                0x0000000000000000        0x0 build/shell.o
 .note.gnu.property
                0x0000000000000000       0x1c build/shell.o
 .group         0x0000000000000000        0x8 build/assert.o
 .text.__x86.get_pc_thunk.ax
                0x0000000000000000        0x4 build/assert.o
 .note.GNU-stack
                0x0000000000000000        0x0 build/assert.o
 .note.gnu.property
                0x0000000000000000       0x1c build/assert.o

Memory Configuration

Name             Origin             Length             Attributes
*default*        0x0000000000000000 0xffffffffffffffff

Linker script and memory map

Address of section .text set to 0xc0001500
LOAD build/main.o
LOAD build/init.o
LOAD build/interrupt.o
LOAD build/timer.o
LOAD build/kernel.o
LOAD build/print.o
LOAD build/debug.o
LOAD build/memory.o
LOAD build/bitmap.o
LOAD build/string.o
LOAD build/thread.o
LOAD build/list.o
LOAD build/switch.o
LOAD build/console.o
LOAD build/sync.o
LOAD build/keyboard.o
LOAD build/ioqueue.o
LOAD build/tss.o
LOAD build/process.o
LOAD build/syscall.o
LOAD build/syscall-init.o
LOAD build/stdio.o
LOAD build/ide.o
LOAD build/stdio-kernel.o
LOAD build/fs.o
LOAD build/inode.o
LOAD build/file.o
LOAD build/dir.o
LOAD build/fork.o
LOAD build/shell.o
LOAD build/assert.o
                [!provide]                        PROVIDE (__executable_start = SEGMENT_START ("text-segment", 0x8048000))
                0x00000000080480d4                . = (SEGMENT_START ("text-segment", 0x8048000) + SIZEOF_HEADERS)

.interp
 *(.interp)

.note.gnu.build-id
 *(.note.gnu.build-id)

.hash
 *(.hash)

.gnu.hash
 *(.gnu.hash)

.dynsym
 *(.dynsym)

.dynstr
 *(.dynstr)

.gnu.version
 *(.gnu.version)

.gnu.version_d
 *(.gnu.version_d)

.gnu.version_r
 *(.gnu.version_r)

.rel.dyn        0x00000000080480d4        0x0
 *(.rel.init)
 *(.rel.text .rel.text.* .rel.gnu.linkonce.t.*)
 .rel.text      0x00000000080480d4        0x0 build/main.o
 *(.rel.fini)
 *(.rel.rodata .rel.rodata.* .rel.gnu.linkonce.r.*)
 *(.rel.data.rel.ro .rel.data.rel.ro.* .rel.gnu.linkonce.d.rel.ro.*)
 *(.rel.data .rel.data.* .rel.gnu.linkonce.d.*)
 *(.rel.tdata .rel.tdata.* .rel.gnu.linkonce.td.*)
 *(.rel.tbss .rel.tbss.* .rel.gnu.linkonce.tb.*)
 *(.rel.ctors)
 *(.rel.dtors)
 *(.rel.got)
 .rel.got       0x00000000080480d4        0x0 build/main.o
 *(.rel.bss .rel.bss.* .rel.gnu.linkonce.b.*)
 *(.rel.ifunc)

.rel.plt        0x00000000080480d4        0x0
 *(.rel.plt)
                [!provide]                        PROVIDE (__rel_iplt_start = .)
 *(.rel.iplt)
 .rel.iplt      0x00000000080480d4        0x0 build/main.o
                [!provide]                        PROVIDE (__rel_iplt_end = .)
                0x0000000008049000                . = ALIGN (CONSTANT (MAXPAGESIZE))

.init
 *(SORT_NONE(.init))

.plt            0x0000000008049000        0x0
 *(.plt)
 *(.iplt)
 .iplt          0x0000000008049000        0x0 build/main.o

.plt.got
 *(.plt.got)

.plt.sec
 *(.plt.sec)

.text           0x00000000c0001500     0xb63e
 *(.text.unlikely .text.*_unlikely .text.unlikely.*)
 *(.text.exit .text.exit.*)
 *(.text.startup .text.startup.*)
 *(.text.hot .text.hot.*)
 *(SORT_BY_NAME(.text.sorted.*))
 *(.text .stub .text.* .gnu.linkonce.t.*)
 .text          0x00000000c0001500       0x9f build/main.o
                0x00000000c0001500                main
                0x00000000c000154e                init
 .text.__x86.get_pc_thunk.bx
                0x00000000c000159f        0x4 build/main.o
                0x00000000c000159f                __x86.get_pc_thunk.bx
 .text          0x00000000c00015a3       0x65 build/init.o
                0x00000000c00015a3                init_all
 .text          0x00000000c0001608      0x5ae build/interrupt.o
                0x00000000c0001a43                intr_enable
                0x00000000c0001a7a                intr_disable
                0x00000000c0001ab1                intr_set_status
                0x00000000c0001add                intr_get_status
                0x00000000c0001b08                register_handler
                0x00000000c0001b35                idt_init
 .text.__x86.get_pc_thunk.ax
                0x00000000c0001bb6        0x4 build/interrupt.o
                0x00000000c0001bb6                __x86.get_pc_thunk.ax
 .text          0x00000000c0001bba      0x26c build/timer.o
                0x00000000c0001d54                mtime_sleep
                0x00000000c0001dba                timer_init
 .text.__x86.get_pc_thunk.cx
                0x00000000c0001e26        0x4 build/timer.o
                0x00000000c0001e26                __x86.get_pc_thunk.cx
 *fill*         0x00000000c0001e2a        0x6 
 .text          0x00000000c0001e30      0x55b build/kernel.o
                0x00000000c0001e30                intr_exit
                0x00000000c0002367                syscall_handler
 *fill*         0x00000000c000238b        0x5 
 .text          0x00000000c0002390      0x1b1 build/print.o
                0x00000000c0002390                put_str
                0x00000000c00023ae                put_char
                0x00000000c000247b                cls_screen
                0x00000000c00024ba                put_int
                0x00000000c000251d                set_cursor
 .text          0x00000000c0002541       0xf8 build/debug.o
                0x00000000c0002541                panic_spin
 .text          0x00000000c0002639     0x141f build/memory.o
                0x00000000c0002770                pte_ptr
                0x00000000c00027ae                pde_ptr
                0x00000000c0002977                malloc_page
                0x00000000c0002a54                get_kernel_pages
                0x00000000c0002acc                get_user_pages
                0x00000000c0002b3e                get_a_page
                0x00000000c0002ccc                get_a_page_without_opvaddrbitmap
                0x00000000c0002d6b                addr_v2p
                0x00000000c0003016                block_desc_init
                0x00000000c0003101                sys_malloc
                0x00000000c000345d                pfree
                0x00000000c00035df                mfree_page
                0x00000000c00037e2                sys_free
                0x00000000c00039ee                mem_init
 .text          0x00000000c0003a58      0x29d build/bitmap.o
                0x00000000c0003a58                bitmap_init
                0x00000000c0003a8f                bitmap_scan_test
                0x00000000c0003add                bitmap_scan
                0x00000000c0003c29                bitmap_set
 .text          0x00000000c0003cf5      0x4d2 build/string.o
                0x00000000c0003cf5                memset
                0x00000000c0003d62                memcpy
                0x00000000c0003ddd                memcmp
                0x00000000c0003e7a                strcpy
                0x00000000c0003ee9                strlen
                0x00000000c0003f4a                strcmp
                0x00000000c0003fdd                strchr
                0x00000000c000404f                strrchr
                0x00000000c00040c7                strcat
                0x00000000c000414b                strchrs
 .text          0x00000000c00041c7      0x8b5 build/thread.o
                0x00000000c00041ec                thread_yield
                0x00000000c000428a                running_thread
                0x00000000c0004334                fork_pid
                0x00000000c000434f                thread_create
                0x00000000c00043d7                init_thread
                0x00000000c00044f6                thread_start
                0x00000000c00046a4                schedule
                0x00000000c0004825                thread_block
                0x00000000c00048a1                thread_unblock
                0x00000000c00049c6                thread_init
 .text.__x86.get_pc_thunk.dx
                0x00000000c0004a7c        0x4 build/thread.o
                0x00000000c0004a7c                __x86.get_pc_thunk.dx
 .text          0x00000000c0004a80      0x287 build/list.o
                0x00000000c0004a80                list_init
                0x00000000c0004abc                list_insert_before
                0x00000000c0004b14                list_push
                0x00000000c0004b40                list_append
                0x00000000c0004b6c                list_remove
                0x00000000c0004bb9                list_pop
                0x00000000c0004be9                elem_find
                0x00000000c0004c32                list_traversal
                0x00000000c0004c9d                list_len
                0x00000000c0004ce0                list_empty
 *fill*         0x00000000c0004d07        0x9 
 .text          0x00000000c0004d10       0x15 build/switch.o
                0x00000000c0004d10                switch_to
 .text          0x00000000c0004d25      0x131 build/console.o
                0x00000000c0004d25                console_init
                0x00000000c0004d54                console_acquire
                0x00000000c0004d83                console_release
                0x00000000c0004db2                console_put_str
                0x00000000c0004de6                console_put_char
                0x00000000c0004e22                console_put_int
 .text          0x00000000c0004e56      0x3a7 build/sync.o
                0x00000000c0004e56                sema_init
                0x00000000c0004e94                lock_init
                0x00000000c0004ed2                sema_down
                0x00000000c0004ff2                sema_up
                0x00000000c00050c0                lock_acquire
                0x00000000c000514a                lock_release
 .text          0x00000000c00051fd      0x346 build/keyboard.o
                0x00000000c00054dd                keyboard_init
 .text          0x00000000c0005543      0x39e build/ioqueue.o
                0x00000000c0005543                ioqueue_init
                0x00000000c00055c5                ioq_full
                0x00000000c0005628                ioq_empty
                0x00000000c000573e                ioq_getchar
                0x00000000c000580e                ioq_putchar
 .text          0x00000000c00058e1      0x1be build/tss.o
                0x00000000c00058e1                update_tss_esp
                0x00000000c000597a                tss_init
 .text          0x00000000c0005a9f      0x3f4 build/process.o
                0x00000000c0005a9f                start_process
                0x00000000c0005bb7                page_dir_activate
                0x00000000c0005c00                process_activate
                0x00000000c0005c67                create_page_dir
                0x00000000c0005cf4                create_user_vaddr_bitmap
                0x00000000c0005d51                process_execute
 .text          0x00000000c0005e93      0x153 build/syscall.o
                0x00000000c0005e93                getpid
                0x00000000c0005eb6                write
                0x00000000c0005ee7                malloc
                0x00000000c0005f14                free
                0x00000000c0005f3f                fork
                0x00000000c0005f62                read
                0x00000000c0005f93                putchar
                0x00000000c0005fc5                clear
 .text          0x00000000c0005fe6       0xde build/syscall-init.o
                0x00000000c0005fe6                sys_getpid
                0x00000000c000600d                syscall_init
 .text          0x00000000c00060c4      0x2f1 build/stdio.o
                0x00000000c0006159                vsprintf
                0x00000000c00062eb                sprintf
                0x00000000c0006329                printf
 .text          0x00000000c00063b5      0xf36 build/ide.o
                0x00000000c0006753                ide_read
                0x00000000c00068ec                ide_write
                0x00000000c0006a85                intr_hd_handler
                0x00000000c0007093                ide_init
 .text          0x00000000c00072eb       0x78 build/stdio-kernel.o
                0x00000000c00072eb                printk
 .text          0x00000000c0007363     0x23dc build/fs.o
                0x00000000c0007aa5                path_depth_cnt
                0x00000000c0007dfa                sys_open
                0x00000000c00080e3                sys_close
                0x00000000c0008155                sys_write
                0x00000000c0008261                sys_read
                0x00000000c0008363                sys_lseek
                0x00000000c0008470                sys_unlink
                0x00000000c00086d2                sys_mkdir
                0x00000000c0008b08                sys_opendir
                0x00000000c0008c39                sys_closedir
                0x00000000c0008c7a                sys_readdir
                0x00000000c0008ccb                sys_rewinddir
                0x00000000c0008ce9                sys_rmdir
                0x00000000c00090dc                sys_getcwd
                0x00000000c00092ef                sys_chdir
                0x00000000c0009391                sys_stat
                0x00000000c00094dc                sys_putchar
                0x00000000c0009512                filesys_init
 .text          0x00000000c000973f      0x7d8 build/inode.o
                0x00000000c00097f3                inode_sync
                0x00000000c0009933                inode_open
                0x00000000c0009a8c                inode_close
                0x00000000c0009b1b                inode_delete
                0x00000000c0009c4c                inode_release
                0x00000000c0009eb2                inode_init
 .text          0x00000000c0009f17     0x131e build/file.o
                0x00000000c0009f17                get_free_slot_in_global
                0x00000000c0009f89                pcb_fd_install
                0x00000000c000a009                inode_bitmap_alloc
                0x00000000c000a063                block_bitmap_alloc
                0x00000000c000a0c8                bitmap_sync
                0x00000000c000a165                file_create
                0x00000000c000a474                file_open
                0x00000000c000a5bf                file_close
                0x00000000c000a616                file_write
                0x00000000c000ae51                file_read
 .text          0x00000000c000b235      0xf96 build/dir.o
                0x00000000c000b235                open_root_dir
                0x00000000c000b27e                dir_open
                0x00000000c000b2cf                search_dir_entry
                0x00000000c000b4bc                dir_close
                0x00000000c000b504                create_dir_entry
                0x00000000c000b58c                sync_dir_entry
                0x00000000c000b9ff                delete_dir_entry
                0x00000000c000bea3                dir_read
                0x00000000c000c0ab                dir_is_empty
                0x00000000c000c0e7                dir_remove
 .text          0x00000000c000c1cb      0x5aa build/fork.o
                0x00000000c000c626                sys_fork
 .text          0x00000000c000c775      0x392 build/shell.o
                0x00000000c000c775                print_prompt
                0x00000000c000c9ed                my_shell
 .text          0x00000000c000cb07       0x37 build/assert.o
                0x00000000c000cb07                user_spin
 *(.gnu.warning)

.fini
 *(SORT_NONE(.fini))
                [!provide]                        PROVIDE (__etext = .)
                [!provide]                        PROVIDE (_etext = .)
                [!provide]                        PROVIDE (etext = .)
                0x00000000c000d000                . = ALIGN (CONSTANT (MAXPAGESIZE))
                0x00000000c000d000                . = SEGMENT_START ("rodata-segment", (ALIGN (CONSTANT (MAXPAGESIZE)) + (. & (CONSTANT (MAXPAGESIZE) - 0x1))))

.rodata         0x00000000c000d000     0x235e
 *(.rodata .rodata.* .gnu.linkonce.r.*)
 .rodata        0x00000000c000d000       0x51 build/main.o
 .rodata        0x00000000c000d051        0xa build/init.o
 *fill*         0x00000000c000d05b        0x1 
 .rodata        0x00000000c000d05c      0x2cd build/interrupt.o
 *fill*         0x00000000c000d329        0x3 
 .rodata        0x00000000c000d32c       0x88 build/timer.o
 .rodata        0x00000000c000d3b4       0x3f build/debug.o
 *fill*         0x00000000c000d3f3        0x1 
 .rodata        0x00000000c000d3f4      0x3bd build/memory.o
 *fill*         0x00000000c000d7b1        0x3 
 .rodata        0x00000000c000d7b4       0x6b build/bitmap.o
 *fill*         0x00000000c000d81f        0x1 
 .rodata        0x00000000c000d820       0xc4 build/string.o
 .rodata        0x00000000c000d8e4      0x2e7 build/thread.o
 *fill*         0x00000000c000dbcb        0x1 
 .rodata        0x00000000c000dbcc      0x135 build/sync.o
 .rodata        0x00000000c000dd01       0x36 build/keyboard.o
 *fill*         0x00000000c000dd37        0x1 
 .rodata        0x00000000c000dd38       0xa8 build/ioqueue.o
 .rodata        0x00000000c000dde0       0x27 build/tss.o
 *fill*         0x00000000c000de07        0x1 
 .rodata        0x00000000c000de08       0xe0 build/process.o
 .rodata        0x00000000c000dee8       0x27 build/syscall-init.o
 *fill*         0x00000000c000df0f        0x1 
 .rodata        0x00000000c000df10      0x215 build/ide.o
 *fill*         0x00000000c000e125        0x3 
 .rodata        0x00000000c000e128      0x8a1 build/fs.o
 *fill*         0x00000000c000e9c9        0x3 
 .rodata        0x00000000c000e9cc       0xc2 build/inode.o
 *fill*         0x00000000c000ea8e        0x2 
 .rodata        0x00000000c000ea90      0x436 build/file.o
 *fill*         0x00000000c000eec6        0x2 
 .rodata        0x00000000c000eec8      0x20f build/dir.o
 *fill*         0x00000000c000f0d7        0x1 
 .rodata        0x00000000c000f0d8      0x145 build/fork.o
 *fill*         0x00000000c000f21d        0x3 
 .rodata        0x00000000c000f220      0x10a build/shell.o
 *fill*         0x00000000c000f32a        0x2 
 .rodata        0x00000000c000f32c       0x32 build/assert.o

.rodata1
 *(.rodata1)

.eh_frame_hdr
 *(.eh_frame_hdr)
 *(.eh_frame_entry .eh_frame_entry.*)

.eh_frame       0x00000000c000f360     0x1dbc
 *(.eh_frame)
 .eh_frame      0x00000000c000f360       0x78 build/main.o
 .eh_frame      0x00000000c000f3d8       0x24 build/init.o
                                         0x50 (size before relaxing)
 .eh_frame      0x00000000c000f3fc      0x1b4 build/interrupt.o
                                        0x1e0 (size before relaxing)
 .eh_frame      0x00000000c000f5b0       0xf0 build/timer.o
                                        0x130 (size before relaxing)
 .eh_frame      0x00000000c000f6a0       0x1c build/debug.o
                                         0x48 (size before relaxing)
 .eh_frame      0x00000000c000f6bc      0x300 build/memory.o
                                        0x340 (size before relaxing)
 .eh_frame      0x00000000c000f9bc       0x90 build/bitmap.o
                                         0xbc (size before relaxing)
 .eh_frame      0x00000000c000fa4c      0x168 build/string.o
                                        0x194 (size before relaxing)
 .eh_frame      0x00000000c000fbb4      0x1f8 build/thread.o
                                        0x238 (size before relaxing)
 .eh_frame      0x00000000c000fdac      0x148 build/list.o
                                        0x188 (size before relaxing)
 .eh_frame      0x00000000c000fef4       0xd8 build/console.o
                                        0x118 (size before relaxing)
 .eh_frame      0x00000000c000ffcc       0xdc build/sync.o
                                        0x11c (size before relaxing)
 .eh_frame      0x00000000c00100a8       0x68 build/keyboard.o
                                         0xa8 (size before relaxing)
 .eh_frame      0x00000000c0010110      0x11c build/ioqueue.o
                                        0x15c (size before relaxing)
 .eh_frame      0x00000000c001022c       0x6c build/tss.o
                                         0xac (size before relaxing)
 .eh_frame      0x00000000c0010298       0xd8 build/process.o
                                        0x118 (size before relaxing)
 .eh_frame      0x00000000c0010370      0x114 build/syscall.o
                                        0x140 (size before relaxing)
 .eh_frame      0x00000000c0010484       0x48 build/syscall-init.o
                                         0x88 (size before relaxing)
 .eh_frame      0x00000000c00104cc       0x90 build/stdio.o
                                         0xd0 (size before relaxing)
 .eh_frame      0x00000000c001055c      0x27c build/ide.o
                                        0x2bc (size before relaxing)
 .eh_frame      0x00000000c00107d8       0x28 build/stdio-kernel.o
                                         0x54 (size before relaxing)
 .eh_frame      0x00000000c0010800      0x3b0 build/fs.o
                                        0x3f0 (size before relaxing)
 .eh_frame      0x00000000c0010bb0      0x100 build/inode.o
                                        0x140 (size before relaxing)
 .eh_frame      0x00000000c0010cb0      0x178 build/file.o
                                        0x1cc (size before relaxing)
 .eh_frame      0x00000000c0010e28      0x17c build/dir.o
                                        0x1bc (size before relaxing)
 .eh_frame      0x00000000c0010fa4       0xd4 build/fork.o
                                        0x114 (size before relaxing)
 .eh_frame      0x00000000c0011078       0x88 build/shell.o
                                         0xc8 (size before relaxing)
 .eh_frame      0x00000000c0011100       0x1c build/assert.o
                                         0x48 (size before relaxing)
 *(.eh_frame.*)

.gcc_except_table
 *(.gcc_except_table .gcc_except_table.*)

.gnu_extab
 *(.gnu_extab*)

.exception_ranges
 *(.exception_ranges*)
                0x00000000c0013000                . = DATA_SEGMENT_ALIGN (CONSTANT (MAXPAGESIZE), CONSTANT (COMMONPAGESIZE))

.eh_frame
 *(.eh_frame)
 *(.eh_frame.*)

.gnu_extab
 *(.gnu_extab)

.gcc_except_table
 *(.gcc_except_table .gcc_except_table.*)

.exception_ranges
 *(.exception_ranges*)

.tdata          0x00000000c0013000        0x0
                [!provide]                        PROVIDE (__tdata_start = .)
 *(.tdata .tdata.* .gnu.linkonce.td.*)

.tbss
 *(.tbss .tbss.* .gnu.linkonce.tb.*)
 *(.tcommon)

.preinit_array  0x00000000c0013000        0x0
                [!provide]                        PROVIDE (__preinit_array_start = .)
 *(.preinit_array)
                [!provide]                        PROVIDE (__preinit_array_end = .)

.init_array     0x00000000c0013000        0x0
                [!provide]                        PROVIDE (__init_array_start = .)
 *(SORT_BY_INIT_PRIORITY(.init_array.*) SORT_BY_INIT_PRIORITY(.ctors.*))
 *(.init_array EXCLUDE_FILE(*crtend?.o *crtend.o *crtbegin?.o *crtbegin.o) .ctors)
                [!provide]                        PROVIDE (__init_array_end = .)

.fini_array     0x00000000c0013000        0x0
                [!provide]                        PROVIDE (__fini_array_start = .)
 *(SORT_BY_INIT_PRIORITY(.fini_array.*) SORT_BY_INIT_PRIORITY(.dtors.*))
 *(.fini_array EXCLUDE_FILE(*crtend?.o *crtend.o *crtbegin?.o *crtbegin.o) .dtors)
                [!provide]                        PROVIDE (__fini_array_end = .)

.ctors
 *crtbegin.o(.ctors)
 *crtbegin?.o(.ctors)
 *(EXCLUDE_FILE(*crtend?.o *crtend.o) .ctors)
 *(SORT_BY_NAME(.ctors.*))
 *(.ctors)

.dtors
 *crtbegin.o(.dtors)
 *crtbegin?.o(.dtors)
 *(EXCLUDE_FILE(*crtend?.o *crtend.o) .dtors)
 *(SORT_BY_NAME(.dtors.*))
 *(.dtors)

.jcr
 *(.jcr)

.data.rel.ro
 *(.data.rel.ro.local* .gnu.linkonce.d.rel.ro.local.*)
 *(.data.rel.ro .data.rel.ro.* .gnu.linkonce.d.rel.ro.*)

.dynamic
 *(.dynamic)

.got            0x00000000c0013000        0x0
 *(.got)
 .got           0x00000000c0013000        0x0 build/main.o
 *(.igot)
                0x00000000c0013ff4                . = DATA_SEGMENT_RELRO_END (., (SIZEOF (.got.plt) >= 0xc)?0xc:0x0)

.got.plt        0x00000000c0013000        0xc
 *(.got.plt)
 .got.plt       0x00000000c0013000        0xc build/main.o
                0x00000000c0013000                _GLOBAL_OFFSET_TABLE_
 *(.igot.plt)
 .igot.plt      0x00000000c001300c        0x0 build/main.o

.data           0x00000000c0013020      0x15c
 *(.data .data.* .gnu.linkonce.d.*)
 .data          0x00000000c0013020        0x0 build/main.o
 .data          0x00000000c0013020        0x0 build/init.o
 .data          0x00000000c0013020        0x0 build/interrupt.o
 .data          0x00000000c0013020        0x0 build/timer.o
 .data          0x00000000c0013020       0xc0 build/kernel.o
                0x00000000c0013020                intr_entry_table
 .data          0x00000000c00130e0        0x8 build/print.o
 .data          0x00000000c00130e8        0x0 build/debug.o
 .data          0x00000000c00130e8        0x0 build/memory.o
 .data          0x00000000c00130e8        0x0 build/bitmap.o
 .data          0x00000000c00130e8        0x0 build/string.o
 .data          0x00000000c00130e8        0x0 build/thread.o
 .data          0x00000000c00130e8        0x0 build/list.o
 .data          0x00000000c00130e8        0x0 build/console.o
 .data          0x00000000c00130e8        0x0 build/sync.o
 *fill*         0x00000000c00130e8       0x18 
 .data          0x00000000c0013100       0x76 build/keyboard.o
 .data          0x00000000c0013176        0x0 build/ioqueue.o
 .data          0x00000000c0013176        0x0 build/tss.o
 .data          0x00000000c0013176        0x0 build/process.o
 .data          0x00000000c0013176        0x0 build/syscall.o
 .data          0x00000000c0013176        0x0 build/syscall-init.o
 .data          0x00000000c0013176        0x0 build/stdio.o
 .data          0x00000000c0013176        0x0 build/ide.o
 .data          0x00000000c0013176        0x0 build/stdio-kernel.o
 .data          0x00000000c0013176        0x0 build/fs.o
 .data          0x00000000c0013176        0x0 build/inode.o
 .data          0x00000000c0013176        0x0 build/file.o
 .data          0x00000000c0013176        0x0 build/dir.o
 .data          0x00000000c0013176        0x0 build/fork.o
 *fill*         0x00000000c0013176        0x2 
 .data          0x00000000c0013178        0x4 build/shell.o
                0x00000000c0013178                argc
 .data          0x00000000c001317c        0x0 build/assert.o

.data1
 *(.data1)
                0x00000000c001317c                _edata = .
                [!provide]                        PROVIDE (edata = .)
                0x00000000c001317c                . = .
                0x00000000c001317c                __bss_start = .

.bss            0x00000000c0013180     0x1f20
 *(.dynbss)
 *(.bss .bss.* .gnu.linkonce.b.*)
 .bss           0x00000000c0013180        0x0 build/main.o
 .bss           0x00000000c0013180        0x0 build/init.o
 .bss           0x00000000c0013180      0x408 build/interrupt.o
 .bss           0x00000000c0013588        0x0 build/timer.o
 .bss           0x00000000c0013588        0x0 build/debug.o
 .bss           0x00000000c0013588        0x0 build/memory.o
 .bss           0x00000000c0013588        0x0 build/bitmap.o
 .bss           0x00000000c0013588        0x0 build/string.o
 .bss           0x00000000c0013588        0x6 build/thread.o
 .bss           0x00000000c001358e        0x0 build/list.o
 *fill*         0x00000000c001358e        0x2 
 .bss           0x00000000c0013590       0x1c build/console.o
 .bss           0x00000000c00135ac        0x0 build/sync.o
 .bss           0x00000000c00135ac       0x14 build/keyboard.o
 .bss           0x00000000c00135c0        0x0 build/ioqueue.o
 .bss           0x00000000c00135c0       0x6c build/tss.o
 .bss           0x00000000c001362c        0x0 build/process.o
 .bss           0x00000000c001362c        0x0 build/syscall.o
 .bss           0x00000000c001362c        0x0 build/syscall-init.o
 .bss           0x00000000c001362c        0x0 build/stdio.o
 .bss           0x00000000c001362c        0x6 build/ide.o
                0x00000000c001362c                ext_lba_base
                0x00000000c0013630                p_no
                0x00000000c0013631                l_no
 .bss           0x00000000c0013632        0x0 build/stdio-kernel.o
 .bss           0x00000000c0013632        0x0 build/fs.o
 .bss           0x00000000c0013632        0x0 build/inode.o
 .bss           0x00000000c0013632        0x0 build/file.o
 .bss           0x00000000c0013632        0x0 build/dir.o
 .bss           0x00000000c0013632        0x0 build/fork.o
 *fill*         0x00000000c0013632        0xe 
 .bss           0x00000000c0013640      0x2c0 build/shell.o
                0x00000000c0013640                final_path
                0x00000000c0013840                cwd_cache
 .bss           0x00000000c0013900        0x0 build/assert.o
 *(COMMON)
 COMMON         0x00000000c0013900      0x424 build/interrupt.o
                0x00000000c0013900                intr_name
                0x00000000c0013b20                idt_table
 COMMON         0x00000000c0013d24        0x4 build/timer.o
                0x00000000c0013d24                ticks
 *fill*         0x00000000c0013d28       0x18 
 COMMON         0x00000000c0013d40      0x12c build/memory.o
                0x00000000c0013d40                user_pool
                0x00000000c0013d80                k_block_descs
                0x00000000c0013e28                kernel_vaddr
                0x00000000c0013e40                kernel_pool
 COMMON         0x00000000c0013e6c       0x44 build/thread.o
                0x00000000c0013e6c                thread_ready_list
                0x00000000c0013e7c                thread_all_list
                0x00000000c0013e8c                idle_thread
                0x00000000c0013e90                main_thread
                0x00000000c0013e94                pid_lock
 *fill*         0x00000000c0013eb0       0x10 
 COMMON         0x00000000c0013ec0       0x6c build/keyboard.o
                0x00000000c0013ec0                kbd_buf
 *fill*         0x00000000c0013f2c       0x14 
 COMMON         0x00000000c0013f40       0x80 build/syscall-init.o
                0x00000000c0013f40                syscall_table
 COMMON         0x00000000c0013fc0      0xcf0 build/ide.o
                0x00000000c0013fc0                channel_cnt
                0x00000000c0013fe0                channels
                0x00000000c0014ca0                partition_list
 COMMON         0x00000000c0014cb0        0x4 build/fs.o
                0x00000000c0014cb0                cur_part
 *fill*         0x00000000c0014cb4        0xc 
 COMMON         0x00000000c0014cc0      0x180 build/file.o
                0x00000000c0014cc0                file_table
 COMMON         0x00000000c0014e40      0x208 build/dir.o
                0x00000000c0014e40                root_dir
 *fill*         0x00000000c0015048       0x18 
 COMMON         0x00000000c0015060       0x40 build/shell.o
                0x00000000c0015060                argv
                0x00000000c00150a0                . = ALIGN ((. != 0x0)?0x4:0x1)
                0x00000000c00150a0                . = ALIGN (0x4)
                0x00000000c00150a0                . = SEGMENT_START ("ldata-segment", .)
                0x00000000c00150a0                . = ALIGN (0x4)
                0x00000000c00150a0                _end = .
                [!provide]                        PROVIDE (end = .)
                0x00000000c00150a0                . = DATA_SEGMENT_END (.)

.stab
 *(.stab)

.stabstr
 *(.stabstr)

.stab.excl
 *(.stab.excl)

.stab.exclstr
 *(.stab.exclstr)

.stab.index
 *(.stab.index)

.stab.indexstr
 *(.stab.indexstr)

.comment        0x0000000000000000       0x2b
 *(.comment)
 .comment       0x0000000000000000       0x2b build/main.o
                                         0x2c (size before relaxing)
 .comment       0x000000000000002b       0x2c build/init.o
 .comment       0x000000000000002b       0x2c build/interrupt.o
 .comment       0x000000000000002b       0x2c build/timer.o
 .comment       0x000000000000002b       0x2c build/debug.o
 .comment       0x000000000000002b       0x2c build/memory.o
 .comment       0x000000000000002b       0x2c build/bitmap.o
 .comment       0x000000000000002b       0x2c build/string.o
 .comment       0x000000000000002b       0x2c build/thread.o
 .comment       0x000000000000002b       0x2c build/list.o
 .comment       0x000000000000002b       0x2c build/console.o
 .comment       0x000000000000002b       0x2c build/sync.o
 .comment       0x000000000000002b       0x2c build/keyboard.o
 .comment       0x000000000000002b       0x2c build/ioqueue.o
 .comment       0x000000000000002b       0x2c build/tss.o
 .comment       0x000000000000002b       0x2c build/process.o
 .comment       0x000000000000002b       0x2c build/syscall.o
 .comment       0x000000000000002b       0x2c build/syscall-init.o
 .comment       0x000000000000002b       0x2c build/stdio.o
 .comment       0x000000000000002b       0x2c build/ide.o
 .comment       0x000000000000002b       0x2c build/stdio-kernel.o
 .comment       0x000000000000002b       0x2c build/fs.o
 .comment       0x000000000000002b       0x2c build/inode.o
 .comment       0x000000000000002b       0x2c build/file.o
 .comment       0x000000000000002b       0x2c build/dir.o
 .comment       0x000000000000002b       0x2c build/fork.o
 .comment       0x000000000000002b       0x2c build/shell.o
 .comment       0x000000000000002b       0x2c build/assert.o

.gnu.build.attributes
 *(.gnu.build.attributes .gnu.build.attributes.*)

.debug
 *(.debug)

.line
 *(.line)

.debug_srcinfo
 *(.debug_srcinfo)

.debug_sfnames
 *(.debug_sfnames)

.debug_aranges
 *(.debug_aranges)

.debug_pubnames
 *(.debug_pubnames)

.debug_info
 *(.debug_info .gnu.linkonce.wi.*)

.debug_abbrev
 *(.debug_abbrev)

.debug_line
 *(.debug_line .debug_line.* .debug_line_end)

.debug_frame
 *(.debug_frame)

.debug_str
 *(.debug_str)

.debug_loc
 *(.debug_loc)

.debug_macinfo
 *(.debug_macinfo)

.debug_weaknames
 *(.debug_weaknames)

.debug_funcnames
 *(.debug_funcnames)

.debug_typenames
 *(.debug_typenames)

.debug_varnames
 *(.debug_varnames)

.debug_pubtypes
 *(.debug_pubtypes)

.debug_ranges
 *(.debug_ranges)

.debug_macro
 *(.debug_macro)

.debug_addr
 *(.debug_addr)

.gnu.attributes
 *(.gnu.attributes)

/DISCARD/
 *(.note.GNU-stack)
 *(.gnu_debuglink)
 *(.gnu.lto_*)
OUTPUT(build/kernel.bin elf32-i386)
