
Merging program properties

Removed property 0xc0000002 to merge build/main.o (0x3) and build/kernel.o (not found)
Removed property 0xc0000002 to merge build/main.o (not found) and build/debug.o (0x3)
Removed property 0xc0000002 to merge build/main.o (not found) and build/memory.o (0x3)
Removed property 0xc0000002 to merge build/main.o (not found) and build/bitmap.o (0x3)
Removed property 0xc0000002 to merge build/main.o (not found) and build/string.o (0x3)
Removed property 0xc0000002 to merge build/main.o (not found) and build/thread.o (0x3)
Removed property 0xc0000002 to merge build/main.o (not found) and build/list.o (0x3)
Removed property 0xc0000002 to merge build/main.o (not found) and build/console.o (0x3)
Removed property 0xc0000002 to merge build/main.o (not found) and build/sync.o (0x3)
Removed property 0xc0000002 to merge build/main.o (not found) and build/keyboard.o (0x3)
Removed property 0xc0000002 to merge build/main.o (not found) and build/ioqueue.o (0x3)
Removed property 0xc0000002 to merge build/main.o (not found) and build/tss.o (0x3)

Allocating common symbols
Common symbol       size              file

kbd_buf             0x6c              build/keyboard.o
thread_ready_list   0x10              build/thread.o
thread_all_list     0x10              build/thread.o
user_pool           0x2c              build/memory.o
intr_name           0xc0              build/interrupt.o
main_thread         0x4               build/thread.o
ticks               0x4               build/timer.o
kernel_vaddr        0xc               build/memory.o
idt_table           0xc0              build/interrupt.o
kernel_pool         0x2c              build/memory.o

Discarded input sections

 .group         0x0000000000000000        0x8 build/main.o
 .group         0x0000000000000000        0x8 build/main.o
 .note.GNU-stack
                0x0000000000000000        0x0 build/main.o
 .note.gnu.property
                0x0000000000000000       0x1c build/main.o
 .group         0x0000000000000000        0x8 build/init.o
 .text.__x86.get_pc_thunk.bx
                0x0000000000000000        0x4 build/init.o
 .note.GNU-stack
                0x0000000000000000        0x0 build/init.o
 .note.gnu.property
                0x0000000000000000       0x1c build/init.o
 .group         0x0000000000000000        0x8 build/interrupt.o
 .group         0x0000000000000000        0x8 build/interrupt.o
 .text.__x86.get_pc_thunk.ax
                0x0000000000000000        0x4 build/interrupt.o
 .text.__x86.get_pc_thunk.bx
                0x0000000000000000        0x4 build/interrupt.o
 .note.GNU-stack
                0x0000000000000000        0x0 build/interrupt.o
 .note.gnu.property
                0x0000000000000000       0x1c build/interrupt.o
 .group         0x0000000000000000        0x8 build/timer.o
 .group         0x0000000000000000        0x8 build/timer.o
 .text.__x86.get_pc_thunk.ax
                0x0000000000000000        0x4 build/timer.o
 .text.__x86.get_pc_thunk.bx
                0x0000000000000000        0x4 build/timer.o
 .note.GNU-stack
                0x0000000000000000        0x0 build/timer.o
 .note.gnu.property
                0x0000000000000000       0x1c build/timer.o
 .group         0x0000000000000000        0x8 build/debug.o
 .text.__x86.get_pc_thunk.bx
                0x0000000000000000        0x4 build/debug.o
 .note.GNU-stack
                0x0000000000000000        0x0 build/debug.o
 .note.gnu.property
                0x0000000000000000       0x1c build/debug.o
 .group         0x0000000000000000        0x8 build/memory.o
 .group         0x0000000000000000        0x8 build/memory.o
 .text.__x86.get_pc_thunk.ax
                0x0000000000000000        0x4 build/memory.o
 .text.__x86.get_pc_thunk.bx
                0x0000000000000000        0x4 build/memory.o
 .note.GNU-stack
                0x0000000000000000        0x0 build/memory.o
 .note.gnu.property
                0x0000000000000000       0x1c build/memory.o
 .group         0x0000000000000000        0x8 build/bitmap.o
 .text.__x86.get_pc_thunk.ax
                0x0000000000000000        0x4 build/bitmap.o
 .note.GNU-stack
                0x0000000000000000        0x0 build/bitmap.o
 .note.gnu.property
                0x0000000000000000       0x1c build/bitmap.o
 .group         0x0000000000000000        0x8 build/string.o
 .text.__x86.get_pc_thunk.ax
                0x0000000000000000        0x4 build/string.o
 .note.GNU-stack
                0x0000000000000000        0x0 build/string.o
 .note.gnu.property
                0x0000000000000000       0x1c build/string.o
 .group         0x0000000000000000        0x8 build/thread.o
 .group         0x0000000000000000        0x8 build/thread.o
 .group         0x0000000000000000        0x8 build/thread.o
 .text.__x86.get_pc_thunk.ax
                0x0000000000000000        0x4 build/thread.o
 .text.__x86.get_pc_thunk.bx
                0x0000000000000000        0x4 build/thread.o
 .note.GNU-stack
                0x0000000000000000        0x0 build/thread.o
 .note.gnu.property
                0x0000000000000000       0x1c build/thread.o
 .group         0x0000000000000000        0x8 build/list.o
 .group         0x0000000000000000        0x8 build/list.o
 .text.__x86.get_pc_thunk.ax
                0x0000000000000000        0x4 build/list.o
 .text.__x86.get_pc_thunk.bx
                0x0000000000000000        0x4 build/list.o
 .note.GNU-stack
                0x0000000000000000        0x0 build/list.o
 .note.gnu.property
                0x0000000000000000       0x1c build/list.o
 .group         0x0000000000000000        0x8 build/console.o
 .group         0x0000000000000000        0x8 build/console.o
 .text.__x86.get_pc_thunk.ax
                0x0000000000000000        0x4 build/console.o
 .text.__x86.get_pc_thunk.bx
                0x0000000000000000        0x4 build/console.o
 .note.GNU-stack
                0x0000000000000000        0x0 build/console.o
 .note.gnu.property
                0x0000000000000000       0x1c build/console.o
 .group         0x0000000000000000        0x8 build/sync.o
 .group         0x0000000000000000        0x8 build/sync.o
 .text.__x86.get_pc_thunk.ax
                0x0000000000000000        0x4 build/sync.o
 .text.__x86.get_pc_thunk.bx
                0x0000000000000000        0x4 build/sync.o
 .note.GNU-stack
                0x0000000000000000        0x0 build/sync.o
 .note.gnu.property
                0x0000000000000000       0x1c build/sync.o
 .group         0x0000000000000000        0x8 build/keyboard.o
 .group         0x0000000000000000        0x8 build/keyboard.o
 .text.__x86.get_pc_thunk.ax
                0x0000000000000000        0x4 build/keyboard.o
 .text.__x86.get_pc_thunk.bx
                0x0000000000000000        0x4 build/keyboard.o
 .note.GNU-stack
                0x0000000000000000        0x0 build/keyboard.o
 .note.gnu.property
                0x0000000000000000       0x1c build/keyboard.o
 .group         0x0000000000000000        0x8 build/ioqueue.o
 .group         0x0000000000000000        0x8 build/ioqueue.o
 .text.__x86.get_pc_thunk.ax
                0x0000000000000000        0x4 build/ioqueue.o
 .text.__x86.get_pc_thunk.bx
                0x0000000000000000        0x4 build/ioqueue.o
 .note.GNU-stack
                0x0000000000000000        0x0 build/ioqueue.o
 .note.gnu.property
                0x0000000000000000       0x1c build/ioqueue.o
 .group         0x0000000000000000        0x8 build/tss.o
 .group         0x0000000000000000        0x8 build/tss.o
 .text.__x86.get_pc_thunk.ax
                0x0000000000000000        0x4 build/tss.o
 .text.__x86.get_pc_thunk.bx
                0x0000000000000000        0x4 build/tss.o
 .note.GNU-stack
                0x0000000000000000        0x0 build/tss.o
 .note.gnu.property
                0x0000000000000000       0x1c build/tss.o

Memory Configuration

Name             Origin             Length             Attributes
*default*        0x0000000000000000 0xffffffffffffffff

Linker script and memory map

Address of section .text set to 0xc0001500
LOAD build/main.o
LOAD build/init.o
LOAD build/interrupt.o
LOAD build/timer.o
LOAD build/kernel.o
LOAD build/print.o
LOAD build/debug.o
LOAD build/memory.o
LOAD build/bitmap.o
LOAD build/string.o
LOAD build/thread.o
LOAD build/list.o
LOAD build/switch.o
LOAD build/console.o
LOAD build/sync.o
LOAD build/keyboard.o
LOAD build/ioqueue.o
LOAD build/tss.o
                [!provide]                        PROVIDE (__executable_start = SEGMENT_START ("text-segment", 0x8048000))
                0x00000000080480d4                . = (SEGMENT_START ("text-segment", 0x8048000) + SIZEOF_HEADERS)

.interp
 *(.interp)

.note.gnu.build-id
 *(.note.gnu.build-id)

.hash
 *(.hash)

.gnu.hash
 *(.gnu.hash)

.dynsym
 *(.dynsym)

.dynstr
 *(.dynstr)

.gnu.version
 *(.gnu.version)

.gnu.version_d
 *(.gnu.version_d)

.gnu.version_r
 *(.gnu.version_r)

.rel.dyn        0x00000000080480d4        0x0
 *(.rel.init)
 *(.rel.text .rel.text.* .rel.gnu.linkonce.t.*)
 .rel.text      0x00000000080480d4        0x0 build/main.o
 *(.rel.fini)
 *(.rel.rodata .rel.rodata.* .rel.gnu.linkonce.r.*)
 *(.rel.data.rel.ro .rel.data.rel.ro.* .rel.gnu.linkonce.d.rel.ro.*)
 *(.rel.data .rel.data.* .rel.gnu.linkonce.d.*)
 *(.rel.tdata .rel.tdata.* .rel.gnu.linkonce.td.*)
 *(.rel.tbss .rel.tbss.* .rel.gnu.linkonce.tb.*)
 *(.rel.ctors)
 *(.rel.dtors)
 *(.rel.got)
 .rel.got       0x00000000080480d4        0x0 build/main.o
 *(.rel.bss .rel.bss.* .rel.gnu.linkonce.b.*)
 *(.rel.ifunc)

.rel.plt        0x00000000080480d4        0x0
 *(.rel.plt)
                [!provide]                        PROVIDE (__rel_iplt_start = .)
 *(.rel.iplt)
 .rel.iplt      0x00000000080480d4        0x0 build/main.o
                [!provide]                        PROVIDE (__rel_iplt_end = .)
                0x0000000008049000                . = ALIGN (CONSTANT (MAXPAGESIZE))

.init
 *(SORT_NONE(.init))

.plt            0x0000000008049000        0x0
 *(.plt)
 *(.iplt)
 .iplt          0x0000000008049000        0x0 build/main.o

.plt.got
 *(.plt.got)

.plt.sec
 *(.plt.sec)

.text           0x00000000c0001500     0x39a0
 *(.text.unlikely .text.*_unlikely .text.unlikely.*)
 *(.text.exit .text.exit.*)
 *(.text.startup .text.startup.*)
 *(.text.hot .text.hot.*)
 *(SORT_BY_NAME(.text.sorted.*))
 *(.text .stub .text.* .gnu.linkonce.t.*)
 .text          0x00000000c0001500      0x128 build/main.o
                0x00000000c0001500                main
                0x00000000c000153c                k_thread_a
                0x00000000c0001590                k_thread_b
                0x00000000c00015e4                u_prog_a
                0x00000000c0001606                u_prog_b
 .text.__x86.get_pc_thunk.ax
                0x00000000c0001628        0x4 build/main.o
                0x00000000c0001628                __x86.get_pc_thunk.ax
 .text.__x86.get_pc_thunk.bx
                0x00000000c000162c        0x4 build/main.o
                0x00000000c000162c                __x86.get_pc_thunk.bx
 .text          0x00000000c0001630       0x51 build/init.o
                0x00000000c0001630                init_all
 .text          0x00000000c0001681      0x57a build/interrupt.o
                0x00000000c0001a88                intr_enable
                0x00000000c0001abf                intr_disable
                0x00000000c0001af6                intr_set_status
                0x00000000c0001b22                intr_get_status
                0x00000000c0001b4d                register_handler
                0x00000000c0001b7a                idt_init
 .text          0x00000000c0001bfb      0x1c6 build/timer.o
                0x00000000c0001d55                timer_init
 *fill*         0x00000000c0001dc1        0xf 
 .text          0x00000000c0001dd0      0x537 build/kernel.o
                0x00000000c0001dd0                intr_exit
 *fill*         0x00000000c0002307        0x9 
 .text          0x00000000c0002310      0x172 build/print.o
                0x00000000c0002310                put_str
                0x00000000c000232e                put_char
                0x00000000c00023fb                put_int
                0x00000000c000245e                set_cursor
 .text          0x00000000c0002482       0xf8 build/debug.o
                0x00000000c0002482                panic_spin
 .text          0x00000000c000257a      0xb2a build/memory.o
                0x00000000c00026b1                pte_ptr
                0x00000000c00026ef                pde_ptr
                0x00000000c00028c2                malloc_page
                0x00000000c000299f                get_kernel_pages
                0x00000000c00029ed                get_user_pages
                0x00000000c0002a5f                get_a_page
                0x00000000c0002bed                addr_v2p
                0x00000000c000304c                mem_init
 .text          0x00000000c00030a4      0x29d build/bitmap.o
                0x00000000c00030a4                bitmap_init
                0x00000000c00030db                bitmap_scan_test
                0x00000000c0003129                bitmap_scan
                0x00000000c0003275                bitmap_set
 .text          0x00000000c0003341      0x4d2 build/string.o
                0x00000000c0003341                memset
                0x00000000c00033ae                memcpy
                0x00000000c0003429                memcmp
                0x00000000c00034c6                strcpy
                0x00000000c0003535                strlen
                0x00000000c0003596                strcmp
                0x00000000c0003629                strchr
                0x00000000c000369b                strrchr
                0x00000000c0003713                strcat
                0x00000000c0003797                strchrs
 .text          0x00000000c0003813      0x676 build/thread.o
                0x00000000c0003813                running_thread
                0x00000000c0003866                thread_create
                0x00000000c00038ee                init_thread
                0x00000000c0003997                thread_start
                0x00000000c0003b3c                schedule
                0x00000000c0003c7f                thread_block
                0x00000000c0003cfb                thread_unblock
                0x00000000c0003e20                thread_init
 .text.__x86.get_pc_thunk.dx
                0x00000000c0003e89        0x4 build/thread.o
                0x00000000c0003e89                __x86.get_pc_thunk.dx
 .text          0x00000000c0003e8d      0x287 build/list.o
                0x00000000c0003e8d                list_init
                0x00000000c0003ec9                list_insert_before
                0x00000000c0003f21                list_push
                0x00000000c0003f4d                list_append
                0x00000000c0003f79                list_remove
                0x00000000c0003fc6                list_pop
                0x00000000c0003ff6                elem_find
                0x00000000c000403f                list_traversal
                0x00000000c00040aa                list_len
                0x00000000c00040ed                list_empty
 *fill*         0x00000000c0004114        0xc 
 .text          0x00000000c0004120       0x15 build/switch.o
                0x00000000c0004120                switch_to
 .text          0x00000000c0004135      0x131 build/console.o
                0x00000000c0004135                console_init
                0x00000000c0004164                console_acquire
                0x00000000c0004193                console_release
                0x00000000c00041c2                console_put_str
                0x00000000c00041f6                console_put_char
                0x00000000c0004232                console_put_int
 .text          0x00000000c0004266      0x3a7 build/sync.o
                0x00000000c0004266                sema_init
                0x00000000c00042a4                lock_init
                0x00000000c00042e2                sema_down
                0x00000000c0004402                sema_up
                0x00000000c00044d0                lock_acquire
                0x00000000c000455a                lock_release
 .text          0x00000000c000460d      0x337 build/keyboard.o
                0x00000000c00048de                keyboard_init
 .text          0x00000000c0004944      0x39e build/ioqueue.o
                0x00000000c0004944                ioqueue_init
                0x00000000c00049c6                ioq_full
                0x00000000c0004a29                ioq_empty
                0x00000000c0004b3f                ioq_getchar
                0x00000000c0004c0f                ioq_putchar
 .text          0x00000000c0004ce2      0x1be build/tss.o
                0x00000000c0004ce2                update_tss_esp
                0x00000000c0004d7b                tss_init
 *(.gnu.warning)

.fini
 *(SORT_NONE(.fini))
                [!provide]                        PROVIDE (__etext = .)
                [!provide]                        PROVIDE (_etext = .)
                [!provide]                        PROVIDE (etext = .)
                0x00000000c0005000                . = ALIGN (CONSTANT (MAXPAGESIZE))
                0x00000000c0005000                . = SEGMENT_START ("rodata-segment", (ALIGN (CONSTANT (MAXPAGESIZE)) + (. & (CONSTANT (MAXPAGESIZE) - 0x1))))

.rodata         0x00000000c0005000      0xc8f
 *(.rodata .rodata.* .gnu.linkonce.r.*)
 .rodata        0x00000000c0005000       0x1f build/main.o
 .rodata        0x00000000c000501f        0xa build/init.o
 *fill*         0x00000000c0005029        0x3 
 .rodata        0x00000000c000502c      0x2cd build/interrupt.o
 *fill*         0x00000000c00052f9        0x3 
 .rodata        0x00000000c00052fc       0x6b build/timer.o
 .rodata        0x00000000c0005367       0x3f build/debug.o
 *fill*         0x00000000c00053a6        0x2 
 .rodata        0x00000000c00053a8      0x2af build/memory.o
 *fill*         0x00000000c0005657        0x1 
 .rodata        0x00000000c0005658       0x6b build/bitmap.o
 *fill*         0x00000000c00056c3        0x1 
 .rodata        0x00000000c00056c4       0xc4 build/string.o
 .rodata        0x00000000c0005788      0x2cb build/thread.o
 *fill*         0x00000000c0005a53        0x1 
 .rodata        0x00000000c0005a54      0x135 build/sync.o
 .rodata        0x00000000c0005b89       0x36 build/keyboard.o
 *fill*         0x00000000c0005bbf        0x1 
 .rodata        0x00000000c0005bc0       0xa8 build/ioqueue.o
 .rodata        0x00000000c0005c68       0x27 build/tss.o

.rodata1
 *(.rodata1)

.eh_frame_hdr
 *(.eh_frame_hdr)
 *(.eh_frame_entry .eh_frame_entry.*)

.eh_frame       0x00000000c0005c90      0xd48
 *(.eh_frame)
 .eh_frame      0x00000000c0005c90       0xd8 build/main.o
 .eh_frame      0x00000000c0005d68       0x24 build/init.o
                                         0x50 (size before relaxing)
 .eh_frame      0x00000000c0005d8c      0x1a0 build/interrupt.o
                                        0x1e0 (size before relaxing)
 .eh_frame      0x00000000c0005f2c       0x94 build/timer.o
                                         0xd4 (size before relaxing)
 .eh_frame      0x00000000c0005fc0       0x1c build/debug.o
                                         0x48 (size before relaxing)
 .eh_frame      0x00000000c0005fdc      0x1a4 build/memory.o
                                        0x1e4 (size before relaxing)
 .eh_frame      0x00000000c0006180       0x90 build/bitmap.o
                                         0xbc (size before relaxing)
 .eh_frame      0x00000000c0006210      0x168 build/string.o
                                        0x194 (size before relaxing)
 .eh_frame      0x00000000c0006378      0x174 build/thread.o
                                        0x1b4 (size before relaxing)
 .eh_frame      0x00000000c00064ec      0x148 build/list.o
                                        0x188 (size before relaxing)
 .eh_frame      0x00000000c0006634       0xd8 build/console.o
                                        0x118 (size before relaxing)
 .eh_frame      0x00000000c000670c       0xdc build/sync.o
                                        0x11c (size before relaxing)
 .eh_frame      0x00000000c00067e8       0x68 build/keyboard.o
                                         0xa8 (size before relaxing)
 .eh_frame      0x00000000c0006850      0x11c build/ioqueue.o
                                        0x15c (size before relaxing)
 .eh_frame      0x00000000c000696c       0x6c build/tss.o
                                         0xac (size before relaxing)
 *(.eh_frame.*)

.gcc_except_table
 *(.gcc_except_table .gcc_except_table.*)

.gnu_extab
 *(.gnu_extab*)

.exception_ranges
 *(.exception_ranges*)
                0x00000000c0008000                . = DATA_SEGMENT_ALIGN (CONSTANT (MAXPAGESIZE), CONSTANT (COMMONPAGESIZE))

.eh_frame
 *(.eh_frame)
 *(.eh_frame.*)

.gnu_extab
 *(.gnu_extab)

.gcc_except_table
 *(.gcc_except_table .gcc_except_table.*)

.exception_ranges
 *(.exception_ranges*)

.tdata          0x00000000c0008000        0x0
                [!provide]                        PROVIDE (__tdata_start = .)
 *(.tdata .tdata.* .gnu.linkonce.td.*)

.tbss
 *(.tbss .tbss.* .gnu.linkonce.tb.*)
 *(.tcommon)

.preinit_array  0x00000000c0008000        0x0
                [!provide]                        PROVIDE (__preinit_array_start = .)
 *(.preinit_array)
                [!provide]                        PROVIDE (__preinit_array_end = .)

.init_array     0x00000000c0008000        0x0
                [!provide]                        PROVIDE (__init_array_start = .)
 *(SORT_BY_INIT_PRIORITY(.init_array.*) SORT_BY_INIT_PRIORITY(.ctors.*))
 *(.init_array EXCLUDE_FILE(*crtend?.o *crtend.o *crtbegin?.o *crtbegin.o) .ctors)
                [!provide]                        PROVIDE (__init_array_end = .)

.fini_array     0x00000000c0008000        0x0
                [!provide]                        PROVIDE (__fini_array_start = .)
 *(SORT_BY_INIT_PRIORITY(.fini_array.*) SORT_BY_INIT_PRIORITY(.dtors.*))
 *(.fini_array EXCLUDE_FILE(*crtend?.o *crtend.o *crtbegin?.o *crtbegin.o) .dtors)
                [!provide]                        PROVIDE (__fini_array_end = .)

.ctors
 *crtbegin.o(.ctors)
 *crtbegin?.o(.ctors)
 *(EXCLUDE_FILE(*crtend?.o *crtend.o) .ctors)
 *(SORT_BY_NAME(.ctors.*))
 *(.ctors)

.dtors
 *crtbegin.o(.dtors)
 *crtbegin?.o(.dtors)
 *(EXCLUDE_FILE(*crtend?.o *crtend.o) .dtors)
 *(SORT_BY_NAME(.dtors.*))
 *(.dtors)

.jcr
 *(.jcr)

.data.rel.ro
 *(.data.rel.ro.local* .gnu.linkonce.d.rel.ro.local.*)
 *(.data.rel.ro .data.rel.ro.* .gnu.linkonce.d.rel.ro.*)

.dynamic
 *(.dynamic)

.got            0x00000000c0008000        0x0
 *(.got)
 .got           0x00000000c0008000        0x0 build/main.o
 *(.igot)
                0x00000000c0008ff4                . = DATA_SEGMENT_RELRO_END (., (SIZEOF (.got.plt) >= 0xc)?0xc:0x0)

.got.plt        0x00000000c0008000        0xc
 *(.got.plt)
 .got.plt       0x00000000c0008000        0xc build/main.o
                0x00000000c0008000                _GLOBAL_OFFSET_TABLE_
 *(.igot.plt)
 .igot.plt      0x00000000c000800c        0x0 build/main.o

.data           0x00000000c0008020      0x156
 *(.data .data.* .gnu.linkonce.d.*)
 .data          0x00000000c0008020        0x0 build/main.o
 .data          0x00000000c0008020        0x0 build/init.o
 .data          0x00000000c0008020        0x0 build/interrupt.o
 .data          0x00000000c0008020        0x0 build/timer.o
 .data          0x00000000c0008020       0xc0 build/kernel.o
                0x00000000c0008020                intr_entry_table
 .data          0x00000000c00080e0        0x8 build/print.o
 .data          0x00000000c00080e8        0x0 build/debug.o
 .data          0x00000000c00080e8        0x0 build/memory.o
 .data          0x00000000c00080e8        0x0 build/bitmap.o
 .data          0x00000000c00080e8        0x0 build/string.o
 .data          0x00000000c00080e8        0x0 build/thread.o
 .data          0x00000000c00080e8        0x0 build/list.o
 .data          0x00000000c00080e8        0x0 build/console.o
 .data          0x00000000c00080e8        0x0 build/sync.o
 *fill*         0x00000000c00080e8       0x18 
 .data          0x00000000c0008100       0x76 build/keyboard.o
 .data          0x00000000c0008176        0x0 build/ioqueue.o
 .data          0x00000000c0008176        0x0 build/tss.o

.data1
 *(.data1)
                0x00000000c0008176                _edata = .
                [!provide]                        PROVIDE (edata = .)
                0x00000000c0008176                . = .
                0x00000000c0008176                __bss_start = .

.bss            0x00000000c0008180      0x50c
 *(.dynbss)
 *(.bss .bss.* .gnu.linkonce.b.*)
 .bss           0x00000000c0008180        0x8 build/main.o
                0x00000000c0008180                test_var_a
                0x00000000c0008184                test_var_b
 .bss           0x00000000c0008188        0x0 build/init.o
 *fill*         0x00000000c0008188       0x18 
 .bss           0x00000000c00081a0      0x180 build/interrupt.o
 .bss           0x00000000c0008320        0x0 build/timer.o
 .bss           0x00000000c0008320        0x0 build/debug.o
 .bss           0x00000000c0008320        0x0 build/memory.o
 .bss           0x00000000c0008320        0x0 build/bitmap.o
 .bss           0x00000000c0008320        0x0 build/string.o
 .bss           0x00000000c0008320        0x4 build/thread.o
 .bss           0x00000000c0008324        0x0 build/list.o
 .bss           0x00000000c0008324       0x1c build/console.o
 .bss           0x00000000c0008340        0x0 build/sync.o
 .bss           0x00000000c0008340       0x14 build/keyboard.o
 .bss           0x00000000c0008354        0x0 build/ioqueue.o
 *fill*         0x00000000c0008354        0xc 
 .bss           0x00000000c0008360       0x6c build/tss.o
 *(COMMON)
 *fill*         0x00000000c00083cc       0x14 
 COMMON         0x00000000c00083e0      0x180 build/interrupt.o
                0x00000000c00083e0                intr_name
                0x00000000c00084a0                idt_table
 COMMON         0x00000000c0008560        0x4 build/timer.o
                0x00000000c0008560                ticks
 *fill*         0x00000000c0008564       0x1c 
 COMMON         0x00000000c0008580       0x6c build/memory.o
                0x00000000c0008580                user_pool
                0x00000000c00085ac                kernel_vaddr
                0x00000000c00085c0                kernel_pool
 COMMON         0x00000000c00085ec       0x24 build/thread.o
                0x00000000c00085ec                thread_ready_list
                0x00000000c00085fc                thread_all_list
                0x00000000c000860c                main_thread
 *fill*         0x00000000c0008610       0x10 
 COMMON         0x00000000c0008620       0x6c build/keyboard.o
                0x00000000c0008620                kbd_buf
                0x00000000c000868c                . = ALIGN ((. != 0x0)?0x4:0x1)
                0x00000000c000868c                . = ALIGN (0x4)
                0x00000000c000868c                . = SEGMENT_START ("ldata-segment", .)
                0x00000000c000868c                . = ALIGN (0x4)
                0x00000000c000868c                _end = .
                [!provide]                        PROVIDE (end = .)
                0x00000000c000868c                . = DATA_SEGMENT_END (.)

.stab
 *(.stab)

.stabstr
 *(.stabstr)

.stab.excl
 *(.stab.excl)

.stab.exclstr
 *(.stab.exclstr)

.stab.index
 *(.stab.index)

.stab.indexstr
 *(.stab.indexstr)

.comment        0x0000000000000000       0x2b
 *(.comment)
 .comment       0x0000000000000000       0x2b build/main.o
                                         0x2c (size before relaxing)
 .comment       0x000000000000002b       0x2c build/init.o
 .comment       0x000000000000002b       0x2c build/interrupt.o
 .comment       0x000000000000002b       0x2c build/timer.o
 .comment       0x000000000000002b       0x2c build/debug.o
 .comment       0x000000000000002b       0x2c build/memory.o
 .comment       0x000000000000002b       0x2c build/bitmap.o
 .comment       0x000000000000002b       0x2c build/string.o
 .comment       0x000000000000002b       0x2c build/thread.o
 .comment       0x000000000000002b       0x2c build/list.o
 .comment       0x000000000000002b       0x2c build/console.o
 .comment       0x000000000000002b       0x2c build/sync.o
 .comment       0x000000000000002b       0x2c build/keyboard.o
 .comment       0x000000000000002b       0x2c build/ioqueue.o
 .comment       0x000000000000002b       0x2c build/tss.o

.gnu.build.attributes
 *(.gnu.build.attributes .gnu.build.attributes.*)

.debug
 *(.debug)

.line
 *(.line)

.debug_srcinfo
 *(.debug_srcinfo)

.debug_sfnames
 *(.debug_sfnames)

.debug_aranges
 *(.debug_aranges)

.debug_pubnames
 *(.debug_pubnames)

.debug_info
 *(.debug_info .gnu.linkonce.wi.*)

.debug_abbrev
 *(.debug_abbrev)

.debug_line
 *(.debug_line .debug_line.* .debug_line_end)

.debug_frame
 *(.debug_frame)

.debug_str
 *(.debug_str)

.debug_loc
 *(.debug_loc)

.debug_macinfo
 *(.debug_macinfo)

.debug_weaknames
 *(.debug_weaknames)

.debug_funcnames
 *(.debug_funcnames)

.debug_typenames
 *(.debug_typenames)

.debug_varnames
 *(.debug_varnames)

.debug_pubtypes
 *(.debug_pubtypes)

.debug_ranges
 *(.debug_ranges)

.debug_macro
 *(.debug_macro)

.debug_addr
 *(.debug_addr)

.gnu.attributes
 *(.gnu.attributes)

/DISCARD/
 *(.note.GNU-stack)
 *(.gnu_debuglink)
 *(.gnu.lto_*)
OUTPUT(build/kernel.bin elf32-i386)
