
Merging program properties

Removed property 0xc0000002 to merge build/main.o (0x3) and build/kernel.o (not found)
Removed property 0xc0000002 to merge build/main.o (not found) and build/debug.o (0x3)
Removed property 0xc0000002 to merge build/main.o (not found) and build/memory.o (0x3)
Removed property 0xc0000002 to merge build/main.o (not found) and build/bitmap.o (0x3)
Removed property 0xc0000002 to merge build/main.o (not found) and build/string.o (0x3)
Removed property 0xc0000002 to merge build/main.o (not found) and build/thread.o (0x3)
Removed property 0xc0000002 to merge build/main.o (not found) and build/list.o (0x3)
Removed property 0xc0000002 to merge build/main.o (not found) and build/console.o (0x3)
Removed property 0xc0000002 to merge build/main.o (not found) and build/sync.o (0x3)
Removed property 0xc0000002 to merge build/main.o (not found) and build/keyboard.o (0x3)
Removed property 0xc0000002 to merge build/main.o (not found) and build/ioqueue.o (0x3)
Removed property 0xc0000002 to merge build/main.o (not found) and build/tss.o (0x3)
Removed property 0xc0000002 to merge build/main.o (not found) and build/process.o (0x3)
Removed property 0xc0000002 to merge build/main.o (not found) and build/syscall.o (0x3)
Removed property 0xc0000002 to merge build/main.o (not found) and build/syscall-init.o (0x3)
Removed property 0xc0000002 to merge build/main.o (not found) and build/stdio.o (0x3)
Removed property 0xc0000002 to merge build/main.o (not found) and build/ide.o (0x3)
Removed property 0xc0000002 to merge build/main.o (not found) and build/stdio-kernel.o (0x3)
Removed property 0xc0000002 to merge build/main.o (not found) and build/fs.o (0x3)
Removed property 0xc0000002 to merge build/main.o (not found) and build/inode.o (0x3)
Removed property 0xc0000002 to merge build/main.o (not found) and build/file.o (0x3)
Removed property 0xc0000002 to merge build/main.o (not found) and build/dir.o (0x3)
Removed property 0xc0000002 to merge build/main.o (not found) and build/fork.o (0x3)

Allocating common symbols
Common symbol       size              file

kbd_buf             0x6c              build/keyboard.o
root_dir            0x208             build/dir.o
thread_ready_list   0x10              build/thread.o
thread_all_list     0x10              build/thread.o
user_pool           0x2c              build/memory.o
channel_cnt         0x1               build/ide.o
cur_part            0x4               build/fs.o
k_block_descs       0xa8              build/memory.o
idle_thread         0x4               build/thread.o
intr_name           0x204             build/interrupt.o
main_thread         0x4               build/thread.o
channels            0xcc0             build/ide.o
ticks               0x4               build/timer.o
kernel_vaddr        0xc               build/memory.o
syscall_table       0x80              build/syscall-init.o
idt_table           0x204             build/interrupt.o
file_table          0x180             build/file.o
partition_list      0x10              build/ide.o
kernel_pool         0x2c              build/memory.o
pid_lock            0x1c              build/thread.o

Discarded input sections

 .group         0x0000000000000000        0x8 build/main.o
 .note.GNU-stack
                0x0000000000000000        0x0 build/main.o
 .note.gnu.property
                0x0000000000000000       0x1c build/main.o
 .group         0x0000000000000000        0x8 build/init.o
 .text.__x86.get_pc_thunk.bx
                0x0000000000000000        0x4 build/init.o
 .note.GNU-stack
                0x0000000000000000        0x0 build/init.o
 .note.gnu.property
                0x0000000000000000       0x1c build/init.o
 .group         0x0000000000000000        0x8 build/interrupt.o
 .group         0x0000000000000000        0x8 build/interrupt.o
 .text.__x86.get_pc_thunk.bx
                0x0000000000000000        0x4 build/interrupt.o
 .note.GNU-stack
                0x0000000000000000        0x0 build/interrupt.o
 .note.gnu.property
                0x0000000000000000       0x1c build/interrupt.o
 .group         0x0000000000000000        0x8 build/timer.o
 .group         0x0000000000000000        0x8 build/timer.o
 .group         0x0000000000000000        0x8 build/timer.o
 .text.__x86.get_pc_thunk.ax
                0x0000000000000000        0x4 build/timer.o
 .text.__x86.get_pc_thunk.bx
                0x0000000000000000        0x4 build/timer.o
 .note.GNU-stack
                0x0000000000000000        0x0 build/timer.o
 .note.gnu.property
                0x0000000000000000       0x1c build/timer.o
 .group         0x0000000000000000        0x8 build/debug.o
 .text.__x86.get_pc_thunk.bx
                0x0000000000000000        0x4 build/debug.o
 .note.GNU-stack
                0x0000000000000000        0x0 build/debug.o
 .note.gnu.property
                0x0000000000000000       0x1c build/debug.o
 .group         0x0000000000000000        0x8 build/memory.o
 .group         0x0000000000000000        0x8 build/memory.o
 .text.__x86.get_pc_thunk.ax
                0x0000000000000000        0x4 build/memory.o
 .text.__x86.get_pc_thunk.bx
                0x0000000000000000        0x4 build/memory.o
 .note.GNU-stack
                0x0000000000000000        0x0 build/memory.o
 .note.gnu.property
                0x0000000000000000       0x1c build/memory.o
 .group         0x0000000000000000        0x8 build/bitmap.o
 .text.__x86.get_pc_thunk.ax
                0x0000000000000000        0x4 build/bitmap.o
 .note.GNU-stack
                0x0000000000000000        0x0 build/bitmap.o
 .note.gnu.property
                0x0000000000000000       0x1c build/bitmap.o
 .group         0x0000000000000000        0x8 build/string.o
 .text.__x86.get_pc_thunk.ax
                0x0000000000000000        0x4 build/string.o
 .note.GNU-stack
                0x0000000000000000        0x0 build/string.o
 .note.gnu.property
                0x0000000000000000       0x1c build/string.o
 .group         0x0000000000000000        0x8 build/thread.o
 .group         0x0000000000000000        0x8 build/thread.o
 .group         0x0000000000000000        0x8 build/thread.o
 .text.__x86.get_pc_thunk.ax
                0x0000000000000000        0x4 build/thread.o
 .text.__x86.get_pc_thunk.bx
                0x0000000000000000        0x4 build/thread.o
 .note.GNU-stack
                0x0000000000000000        0x0 build/thread.o
 .note.gnu.property
                0x0000000000000000       0x1c build/thread.o
 .group         0x0000000000000000        0x8 build/list.o
 .group         0x0000000000000000        0x8 build/list.o
 .text.__x86.get_pc_thunk.ax
                0x0000000000000000        0x4 build/list.o
 .text.__x86.get_pc_thunk.bx
                0x0000000000000000        0x4 build/list.o
 .note.GNU-stack
                0x0000000000000000        0x0 build/list.o
 .note.gnu.property
                0x0000000000000000       0x1c build/list.o
 .group         0x0000000000000000        0x8 build/console.o
 .group         0x0000000000000000        0x8 build/console.o
 .text.__x86.get_pc_thunk.ax
                0x0000000000000000        0x4 build/console.o
 .text.__x86.get_pc_thunk.bx
                0x0000000000000000        0x4 build/console.o
 .note.GNU-stack
                0x0000000000000000        0x0 build/console.o
 .note.gnu.property
                0x0000000000000000       0x1c build/console.o
 .group         0x0000000000000000        0x8 build/sync.o
 .group         0x0000000000000000        0x8 build/sync.o
 .text.__x86.get_pc_thunk.ax
                0x0000000000000000        0x4 build/sync.o
 .text.__x86.get_pc_thunk.bx
                0x0000000000000000        0x4 build/sync.o
 .note.GNU-stack
                0x0000000000000000        0x0 build/sync.o
 .note.gnu.property
                0x0000000000000000       0x1c build/sync.o
 .group         0x0000000000000000        0x8 build/keyboard.o
 .group         0x0000000000000000        0x8 build/keyboard.o
 .text.__x86.get_pc_thunk.ax
                0x0000000000000000        0x4 build/keyboard.o
 .text.__x86.get_pc_thunk.bx
                0x0000000000000000        0x4 build/keyboard.o
 .note.GNU-stack
                0x0000000000000000        0x0 build/keyboard.o
 .note.gnu.property
                0x0000000000000000       0x1c build/keyboard.o
 .group         0x0000000000000000        0x8 build/ioqueue.o
 .group         0x0000000000000000        0x8 build/ioqueue.o
 .text.__x86.get_pc_thunk.ax
                0x0000000000000000        0x4 build/ioqueue.o
 .text.__x86.get_pc_thunk.bx
                0x0000000000000000        0x4 build/ioqueue.o
 .note.GNU-stack
                0x0000000000000000        0x0 build/ioqueue.o
 .note.gnu.property
                0x0000000000000000       0x1c build/ioqueue.o
 .group         0x0000000000000000        0x8 build/tss.o
 .group         0x0000000000000000        0x8 build/tss.o
 .text.__x86.get_pc_thunk.ax
                0x0000000000000000        0x4 build/tss.o
 .text.__x86.get_pc_thunk.bx
                0x0000000000000000        0x4 build/tss.o
 .note.GNU-stack
                0x0000000000000000        0x0 build/tss.o
 .note.gnu.property
                0x0000000000000000       0x1c build/tss.o
 .group         0x0000000000000000        0x8 build/process.o
 .group         0x0000000000000000        0x8 build/process.o
 .text.__x86.get_pc_thunk.ax
                0x0000000000000000        0x4 build/process.o
 .text.__x86.get_pc_thunk.bx
                0x0000000000000000        0x4 build/process.o
 .note.GNU-stack
                0x0000000000000000        0x0 build/process.o
 .note.gnu.property
                0x0000000000000000       0x1c build/process.o
 .group         0x0000000000000000        0x8 build/syscall.o
 .text.__x86.get_pc_thunk.ax
                0x0000000000000000        0x4 build/syscall.o
 .note.GNU-stack
                0x0000000000000000        0x0 build/syscall.o
 .note.gnu.property
                0x0000000000000000       0x1c build/syscall.o
 .group         0x0000000000000000        0x8 build/syscall-init.o
 .group         0x0000000000000000        0x8 build/syscall-init.o
 .text.__x86.get_pc_thunk.ax
                0x0000000000000000        0x4 build/syscall-init.o
 .text.__x86.get_pc_thunk.bx
                0x0000000000000000        0x4 build/syscall-init.o
 .note.GNU-stack
                0x0000000000000000        0x0 build/syscall-init.o
 .note.gnu.property
                0x0000000000000000       0x1c build/syscall-init.o
 .group         0x0000000000000000        0x8 build/stdio.o
 .group         0x0000000000000000        0x8 build/stdio.o
 .text.__x86.get_pc_thunk.ax
                0x0000000000000000        0x4 build/stdio.o
 .text.__x86.get_pc_thunk.bx
                0x0000000000000000        0x4 build/stdio.o
 .note.GNU-stack
                0x0000000000000000        0x0 build/stdio.o
 .note.gnu.property
                0x0000000000000000       0x1c build/stdio.o
 .group         0x0000000000000000        0x8 build/ide.o
 .group         0x0000000000000000        0x8 build/ide.o
 .text.__x86.get_pc_thunk.ax
                0x0000000000000000        0x4 build/ide.o
 .text.__x86.get_pc_thunk.bx
                0x0000000000000000        0x4 build/ide.o
 .note.GNU-stack
                0x0000000000000000        0x0 build/ide.o
 .note.gnu.property
                0x0000000000000000       0x1c build/ide.o
 .group         0x0000000000000000        0x8 build/stdio-kernel.o
 .text.__x86.get_pc_thunk.bx
                0x0000000000000000        0x4 build/stdio-kernel.o
 .note.GNU-stack
                0x0000000000000000        0x0 build/stdio-kernel.o
 .note.gnu.property
                0x0000000000000000       0x1c build/stdio-kernel.o
 .group         0x0000000000000000        0x8 build/fs.o
 .group         0x0000000000000000        0x8 build/fs.o
 .text.__x86.get_pc_thunk.ax
                0x0000000000000000        0x4 build/fs.o
 .text.__x86.get_pc_thunk.bx
                0x0000000000000000        0x4 build/fs.o
 .note.GNU-stack
                0x0000000000000000        0x0 build/fs.o
 .note.gnu.property
                0x0000000000000000       0x1c build/fs.o
 .group         0x0000000000000000        0x8 build/inode.o
 .group         0x0000000000000000        0x8 build/inode.o
 .text.__x86.get_pc_thunk.ax
                0x0000000000000000        0x4 build/inode.o
 .text.__x86.get_pc_thunk.bx
                0x0000000000000000        0x4 build/inode.o
 .note.GNU-stack
                0x0000000000000000        0x0 build/inode.o
 .note.gnu.property
                0x0000000000000000       0x1c build/inode.o
 .group         0x0000000000000000        0x8 build/file.o
 .group         0x0000000000000000        0x8 build/file.o
 .group         0x0000000000000000        0x8 build/file.o
 .text.__x86.get_pc_thunk.ax
                0x0000000000000000        0x4 build/file.o
 .text.__x86.get_pc_thunk.dx
                0x0000000000000000        0x4 build/file.o
 .text.__x86.get_pc_thunk.bx
                0x0000000000000000        0x4 build/file.o
 .note.GNU-stack
                0x0000000000000000        0x0 build/file.o
 .note.gnu.property
                0x0000000000000000       0x1c build/file.o
 .group         0x0000000000000000        0x8 build/dir.o
 .group         0x0000000000000000        0x8 build/dir.o
 .text.__x86.get_pc_thunk.ax
                0x0000000000000000        0x4 build/dir.o
 .text.__x86.get_pc_thunk.bx
                0x0000000000000000        0x4 build/dir.o
 .note.GNU-stack
                0x0000000000000000        0x0 build/dir.o
 .note.gnu.property
                0x0000000000000000       0x1c build/dir.o
 .group         0x0000000000000000        0x8 build/fork.o
 .group         0x0000000000000000        0x8 build/fork.o
 .text.__x86.get_pc_thunk.ax
                0x0000000000000000        0x4 build/fork.o
 .text.__x86.get_pc_thunk.bx
                0x0000000000000000        0x4 build/fork.o
 .note.GNU-stack
                0x0000000000000000        0x0 build/fork.o
 .note.gnu.property
                0x0000000000000000       0x1c build/fork.o

Memory Configuration

Name             Origin             Length             Attributes
*default*        0x0000000000000000 0xffffffffffffffff

Linker script and memory map

Address of section .text set to 0xc0001500
LOAD build/main.o
LOAD build/init.o
LOAD build/interrupt.o
LOAD build/timer.o
LOAD build/kernel.o
LOAD build/print.o
LOAD build/debug.o
LOAD build/memory.o
LOAD build/bitmap.o
LOAD build/string.o
LOAD build/thread.o
LOAD build/list.o
LOAD build/switch.o
LOAD build/console.o
LOAD build/sync.o
LOAD build/keyboard.o
LOAD build/ioqueue.o
LOAD build/tss.o
LOAD build/process.o
LOAD build/syscall.o
LOAD build/syscall-init.o
LOAD build/stdio.o
LOAD build/ide.o
LOAD build/stdio-kernel.o
LOAD build/fs.o
LOAD build/inode.o
LOAD build/file.o
LOAD build/dir.o
LOAD build/fork.o
                [!provide]                        PROVIDE (__executable_start = SEGMENT_START ("text-segment", 0x8048000))
                0x00000000080480d4                . = (SEGMENT_START ("text-segment", 0x8048000) + SIZEOF_HEADERS)

.interp
 *(.interp)

.note.gnu.build-id
 *(.note.gnu.build-id)

.hash
 *(.hash)

.gnu.hash
 *(.gnu.hash)

.dynsym
 *(.dynsym)

.dynstr
 *(.dynstr)

.gnu.version
 *(.gnu.version)

.gnu.version_d
 *(.gnu.version_d)

.gnu.version_r
 *(.gnu.version_r)

.rel.dyn        0x00000000080480d4        0x0
 *(.rel.init)
 *(.rel.text .rel.text.* .rel.gnu.linkonce.t.*)
 .rel.text      0x00000000080480d4        0x0 build/main.o
 *(.rel.fini)
 *(.rel.rodata .rel.rodata.* .rel.gnu.linkonce.r.*)
 *(.rel.data.rel.ro .rel.data.rel.ro.* .rel.gnu.linkonce.d.rel.ro.*)
 *(.rel.data .rel.data.* .rel.gnu.linkonce.d.*)
 *(.rel.tdata .rel.tdata.* .rel.gnu.linkonce.td.*)
 *(.rel.tbss .rel.tbss.* .rel.gnu.linkonce.tb.*)
 *(.rel.ctors)
 *(.rel.dtors)
 *(.rel.got)
 .rel.got       0x00000000080480d4        0x0 build/main.o
 *(.rel.bss .rel.bss.* .rel.gnu.linkonce.b.*)
 *(.rel.ifunc)

.rel.plt        0x00000000080480d4        0x0
 *(.rel.plt)
                [!provide]                        PROVIDE (__rel_iplt_start = .)
 *(.rel.iplt)
 .rel.iplt      0x00000000080480d4        0x0 build/main.o
                [!provide]                        PROVIDE (__rel_iplt_end = .)
                0x0000000008049000                . = ALIGN (CONSTANT (MAXPAGESIZE))

.init
 *(SORT_NONE(.init))

.plt            0x0000000008049000        0x0
 *(.plt)
 *(.iplt)
 .iplt          0x0000000008049000        0x0 build/main.o

.plt.got
 *(.plt.got)

.plt.sec
 *(.plt.sec)

.text           0x00000000c0001500     0xb417
 *(.text.unlikely .text.*_unlikely .text.unlikely.*)
 *(.text.exit .text.exit.*)
 *(.text.startup .text.startup.*)
 *(.text.hot .text.hot.*)
 *(SORT_BY_NAME(.text.sorted.*))
 *(.text .stub .text.* .gnu.linkonce.t.*)
 .text          0x00000000c0001500      0x3dc build/main.o
                0x00000000c0001500                main
                0x00000000c000153c                init
                0x00000000c000159a                k_thread_a
                0x00000000c0001690                k_thread_b
                0x00000000c0001786                u_prog_a
                0x00000000c0001831                u_prog_b
 .text.__x86.get_pc_thunk.bx
                0x00000000c00018dc        0x4 build/main.o
                0x00000000c00018dc                __x86.get_pc_thunk.bx
 .text          0x00000000c00018e0       0x60 build/init.o
                0x00000000c00018e0                init_all
 .text          0x00000000c0001940      0x5ae build/interrupt.o
                0x00000000c0001d7b                intr_enable
                0x00000000c0001db2                intr_disable
                0x00000000c0001de9                intr_set_status
                0x00000000c0001e15                intr_get_status
                0x00000000c0001e40                register_handler
                0x00000000c0001e6d                idt_init
 .text.__x86.get_pc_thunk.ax
                0x00000000c0001eee        0x4 build/interrupt.o
                0x00000000c0001eee                __x86.get_pc_thunk.ax
 .text          0x00000000c0001ef2      0x26c build/timer.o
                0x00000000c000208c                mtime_sleep
                0x00000000c00020f2                timer_init
 .text.__x86.get_pc_thunk.cx
                0x00000000c000215e        0x4 build/timer.o
                0x00000000c000215e                __x86.get_pc_thunk.cx
 *fill*         0x00000000c0002162        0xe 
 .text          0x00000000c0002170      0x55b build/kernel.o
                0x00000000c0002170                intr_exit
                0x00000000c00026a7                syscall_handler
 *fill*         0x00000000c00026cb        0x5 
 .text          0x00000000c00026d0      0x172 build/print.o
                0x00000000c00026d0                put_str
                0x00000000c00026ee                put_char
                0x00000000c00027bb                put_int
                0x00000000c000281e                set_cursor
 .text          0x00000000c0002842       0xf8 build/debug.o
                0x00000000c0002842                panic_spin
 .text          0x00000000c000293a     0x141f build/memory.o
                0x00000000c0002a71                pte_ptr
                0x00000000c0002aaf                pde_ptr
                0x00000000c0002c78                malloc_page
                0x00000000c0002d55                get_kernel_pages
                0x00000000c0002dcd                get_user_pages
                0x00000000c0002e3f                get_a_page
                0x00000000c0002fcd                get_a_page_without_opvaddrbitmap
                0x00000000c000306c                addr_v2p
                0x00000000c0003317                block_desc_init
                0x00000000c0003402                sys_malloc
                0x00000000c000375e                pfree
                0x00000000c00038e0                mfree_page
                0x00000000c0003ae3                sys_free
                0x00000000c0003cef                mem_init
 .text          0x00000000c0003d59      0x29d build/bitmap.o
                0x00000000c0003d59                bitmap_init
                0x00000000c0003d90                bitmap_scan_test
                0x00000000c0003dde                bitmap_scan
                0x00000000c0003f2a                bitmap_set
 .text          0x00000000c0003ff6      0x4d2 build/string.o
                0x00000000c0003ff6                memset
                0x00000000c0004063                memcpy
                0x00000000c00040de                memcmp
                0x00000000c000417b                strcpy
                0x00000000c00041ea                strlen
                0x00000000c000424b                strcmp
                0x00000000c00042de                strchr
                0x00000000c0004350                strrchr
                0x00000000c00043c8                strcat
                0x00000000c000444c                strchrs
 .text          0x00000000c00044c8      0x8b5 build/thread.o
                0x00000000c00044ed                thread_yield
                0x00000000c000458b                running_thread
                0x00000000c0004635                fork_pid
                0x00000000c0004650                thread_create
                0x00000000c00046d8                init_thread
                0x00000000c00047f7                thread_start
                0x00000000c00049a5                schedule
                0x00000000c0004b26                thread_block
                0x00000000c0004ba2                thread_unblock
                0x00000000c0004cc7                thread_init
 .text.__x86.get_pc_thunk.dx
                0x00000000c0004d7d        0x4 build/thread.o
                0x00000000c0004d7d                __x86.get_pc_thunk.dx
 .text          0x00000000c0004d81      0x287 build/list.o
                0x00000000c0004d81                list_init
                0x00000000c0004dbd                list_insert_before
                0x00000000c0004e15                list_push
                0x00000000c0004e41                list_append
                0x00000000c0004e6d                list_remove
                0x00000000c0004eba                list_pop
                0x00000000c0004eea                elem_find
                0x00000000c0004f33                list_traversal
                0x00000000c0004f9e                list_len
                0x00000000c0004fe1                list_empty
 *fill*         0x00000000c0005008        0x8 
 .text          0x00000000c0005010       0x15 build/switch.o
                0x00000000c0005010                switch_to
 .text          0x00000000c0005025      0x131 build/console.o
                0x00000000c0005025                console_init
                0x00000000c0005054                console_acquire
                0x00000000c0005083                console_release
                0x00000000c00050b2                console_put_str
                0x00000000c00050e6                console_put_char
                0x00000000c0005122                console_put_int
 .text          0x00000000c0005156      0x3a7 build/sync.o
                0x00000000c0005156                sema_init
                0x00000000c0005194                lock_init
                0x00000000c00051d2                sema_down
                0x00000000c00052f2                sema_up
                0x00000000c00053c0                lock_acquire
                0x00000000c000544a                lock_release
 .text          0x00000000c00054fd      0x337 build/keyboard.o
                0x00000000c00057ce                keyboard_init
 .text          0x00000000c0005834      0x39e build/ioqueue.o
                0x00000000c0005834                ioqueue_init
                0x00000000c00058b6                ioq_full
                0x00000000c0005919                ioq_empty
                0x00000000c0005a2f                ioq_getchar
                0x00000000c0005aff                ioq_putchar
 .text          0x00000000c0005bd2      0x1be build/tss.o
                0x00000000c0005bd2                update_tss_esp
                0x00000000c0005c6b                tss_init
 .text          0x00000000c0005d90      0x3f4 build/process.o
                0x00000000c0005d90                start_process
                0x00000000c0005ea8                page_dir_activate
                0x00000000c0005ef1                process_activate
                0x00000000c0005f58                create_page_dir
                0x00000000c0005fe5                create_user_vaddr_bitmap
                0x00000000c0006042                process_execute
 .text          0x00000000c0006184       0xcf build/syscall.o
                0x00000000c0006184                getpid
                0x00000000c00061a7                write
                0x00000000c00061d8                malloc
                0x00000000c0006205                free
                0x00000000c0006230                fork
 .text          0x00000000c0006253       0xb1 build/syscall-init.o
                0x00000000c0006253                sys_getpid
                0x00000000c000627a                syscall_init
 .text          0x00000000c0006304      0x2f1 build/stdio.o
                0x00000000c0006399                vsprintf
                0x00000000c000652b                sprintf
                0x00000000c0006569                printf
 .text          0x00000000c00065f5      0xf36 build/ide.o
                0x00000000c0006993                ide_read
                0x00000000c0006b2c                ide_write
                0x00000000c0006cc5                intr_hd_handler
                0x00000000c00072d3                ide_init
 .text          0x00000000c000752b       0x78 build/stdio-kernel.o
                0x00000000c000752b                printk
 .text          0x00000000c00075a3     0x233e build/fs.o
                0x00000000c0007ce5                path_depth_cnt
                0x00000000c000803a                sys_open
                0x00000000c0008323                sys_close
                0x00000000c0008395                sys_write
                0x00000000c00084a1                sys_read
                0x00000000c000853b                sys_lseek
                0x00000000c0008648                sys_unlink
                0x00000000c00088aa                sys_mkdir
                0x00000000c0008ce0                sys_opendir
                0x00000000c0008e11                sys_closedir
                0x00000000c0008e52                sys_readdir
                0x00000000c0008ea3                sys_rewinddir
                0x00000000c0008ec1                sys_rmdir
                0x00000000c00092b4                sys_getcwd
                0x00000000c00094c7                sys_chdir
                0x00000000c0009569                sys_stat
                0x00000000c00096b4                filesys_init
 .text          0x00000000c00098e1      0x7d8 build/inode.o
                0x00000000c0009995                inode_sync
                0x00000000c0009ad5                inode_open
                0x00000000c0009c2e                inode_close
                0x00000000c0009cbd                inode_delete
                0x00000000c0009dee                inode_release
                0x00000000c000a054                inode_init
 .text          0x00000000c000a0b9     0x131e build/file.o
                0x00000000c000a0b9                get_free_slot_in_global
                0x00000000c000a12b                pcb_fd_install
                0x00000000c000a1ab                inode_bitmap_alloc
                0x00000000c000a205                block_bitmap_alloc
                0x00000000c000a26a                bitmap_sync
                0x00000000c000a307                file_create
                0x00000000c000a616                file_open
                0x00000000c000a761                file_close
                0x00000000c000a7b8                file_write
                0x00000000c000aff3                file_read
 .text          0x00000000c000b3d7      0xf96 build/dir.o
                0x00000000c000b3d7                open_root_dir
                0x00000000c000b420                dir_open
                0x00000000c000b471                search_dir_entry
                0x00000000c000b65e                dir_close
                0x00000000c000b6a6                create_dir_entry
                0x00000000c000b72e                sync_dir_entry
                0x00000000c000bba1                delete_dir_entry
                0x00000000c000c045                dir_read
                0x00000000c000c24d                dir_is_empty
                0x00000000c000c289                dir_remove
 .text          0x00000000c000c36d      0x5aa build/fork.o
                0x00000000c000c7c8                sys_fork
 *(.gnu.warning)

.fini
 *(SORT_NONE(.fini))
                [!provide]                        PROVIDE (__etext = .)
                [!provide]                        PROVIDE (_etext = .)
                [!provide]                        PROVIDE (etext = .)
                0x00000000c000d000                . = ALIGN (CONSTANT (MAXPAGESIZE))
                0x00000000c000d000                . = SEGMENT_START ("rodata-segment", (ALIGN (CONSTANT (MAXPAGESIZE)) + (. & (CONSTANT (MAXPAGESIZE) - 0x1))))

.rodata         0x00000000c000d000     0x22ad
 *(.rodata .rodata.* .gnu.linkonce.r.*)
 .rodata        0x00000000c000d000       0xe0 build/main.o
 .rodata        0x00000000c000d0e0        0xa build/init.o
 *fill*         0x00000000c000d0ea        0x2 
 .rodata        0x00000000c000d0ec      0x2cd build/interrupt.o
 *fill*         0x00000000c000d3b9        0x3 
 .rodata        0x00000000c000d3bc       0x88 build/timer.o
 .rodata        0x00000000c000d444       0x3f build/debug.o
 *fill*         0x00000000c000d483        0x1 
 .rodata        0x00000000c000d484      0x3bd build/memory.o
 *fill*         0x00000000c000d841        0x3 
 .rodata        0x00000000c000d844       0x6b build/bitmap.o
 *fill*         0x00000000c000d8af        0x1 
 .rodata        0x00000000c000d8b0       0xc4 build/string.o
 .rodata        0x00000000c000d974      0x2e7 build/thread.o
 *fill*         0x00000000c000dc5b        0x1 
 .rodata        0x00000000c000dc5c      0x135 build/sync.o
 .rodata        0x00000000c000dd91       0x36 build/keyboard.o
 *fill*         0x00000000c000ddc7        0x1 
 .rodata        0x00000000c000ddc8       0xa8 build/ioqueue.o
 .rodata        0x00000000c000de70       0x27 build/tss.o
 *fill*         0x00000000c000de97        0x1 
 .rodata        0x00000000c000de98       0xe0 build/process.o
 .rodata        0x00000000c000df78       0x27 build/syscall-init.o
 *fill*         0x00000000c000df9f        0x1 
 .rodata        0x00000000c000dfa0      0x215 build/ide.o
 *fill*         0x00000000c000e1b5        0x3 
 .rodata        0x00000000c000e1b8      0x8a1 build/fs.o
 *fill*         0x00000000c000ea59        0x3 
 .rodata        0x00000000c000ea5c       0xc2 build/inode.o
 *fill*         0x00000000c000eb1e        0x2 
 .rodata        0x00000000c000eb20      0x436 build/file.o
 *fill*         0x00000000c000ef56        0x2 
 .rodata        0x00000000c000ef58      0x20f build/dir.o
 *fill*         0x00000000c000f167        0x1 
 .rodata        0x00000000c000f168      0x145 build/fork.o

.rodata1
 *(.rodata1)

.eh_frame_hdr
 *(.eh_frame_hdr)
 *(.eh_frame_entry .eh_frame_entry.*)

.eh_frame       0x00000000c000f2b0     0x1cf4
 *(.eh_frame)
 .eh_frame      0x00000000c000f2b0       0xe0 build/main.o
 .eh_frame      0x00000000c000f390       0x24 build/init.o
                                         0x50 (size before relaxing)
 .eh_frame      0x00000000c000f3b4      0x1b4 build/interrupt.o
                                        0x1e0 (size before relaxing)
 .eh_frame      0x00000000c000f568       0xf0 build/timer.o
                                        0x130 (size before relaxing)
 .eh_frame      0x00000000c000f658       0x1c build/debug.o
                                         0x48 (size before relaxing)
 .eh_frame      0x00000000c000f674      0x300 build/memory.o
                                        0x340 (size before relaxing)
 .eh_frame      0x00000000c000f974       0x90 build/bitmap.o
                                         0xbc (size before relaxing)
 .eh_frame      0x00000000c000fa04      0x168 build/string.o
                                        0x194 (size before relaxing)
 .eh_frame      0x00000000c000fb6c      0x1f8 build/thread.o
                                        0x238 (size before relaxing)
 .eh_frame      0x00000000c000fd64      0x148 build/list.o
                                        0x188 (size before relaxing)
 .eh_frame      0x00000000c000feac       0xd8 build/console.o
                                        0x118 (size before relaxing)
 .eh_frame      0x00000000c000ff84       0xdc build/sync.o
                                        0x11c (size before relaxing)
 .eh_frame      0x00000000c0010060       0x68 build/keyboard.o
                                         0xa8 (size before relaxing)
 .eh_frame      0x00000000c00100c8      0x11c build/ioqueue.o
                                        0x15c (size before relaxing)
 .eh_frame      0x00000000c00101e4       0x6c build/tss.o
                                         0xac (size before relaxing)
 .eh_frame      0x00000000c0010250       0xd8 build/process.o
                                        0x118 (size before relaxing)
 .eh_frame      0x00000000c0010328       0xac build/syscall.o
                                         0xd8 (size before relaxing)
 .eh_frame      0x00000000c00103d4       0x48 build/syscall-init.o
                                         0x88 (size before relaxing)
 .eh_frame      0x00000000c001041c       0x90 build/stdio.o
                                         0xd0 (size before relaxing)
 .eh_frame      0x00000000c00104ac      0x27c build/ide.o
                                        0x2bc (size before relaxing)
 .eh_frame      0x00000000c0010728       0x28 build/stdio-kernel.o
                                         0x54 (size before relaxing)
 .eh_frame      0x00000000c0010750      0x38c build/fs.o
                                        0x3cc (size before relaxing)
 .eh_frame      0x00000000c0010adc      0x100 build/inode.o
                                        0x140 (size before relaxing)
 .eh_frame      0x00000000c0010bdc      0x178 build/file.o
                                        0x1cc (size before relaxing)
 .eh_frame      0x00000000c0010d54      0x17c build/dir.o
                                        0x1bc (size before relaxing)
 .eh_frame      0x00000000c0010ed0       0xd4 build/fork.o
                                        0x114 (size before relaxing)
 *(.eh_frame.*)

.gcc_except_table
 *(.gcc_except_table .gcc_except_table.*)

.gnu_extab
 *(.gnu_extab*)

.exception_ranges
 *(.exception_ranges*)
                0x00000000c0012000                . = DATA_SEGMENT_ALIGN (CONSTANT (MAXPAGESIZE), CONSTANT (COMMONPAGESIZE))

.eh_frame
 *(.eh_frame)
 *(.eh_frame.*)

.gnu_extab
 *(.gnu_extab)

.gcc_except_table
 *(.gcc_except_table .gcc_except_table.*)

.exception_ranges
 *(.exception_ranges*)

.tdata          0x00000000c0012000        0x0
                [!provide]                        PROVIDE (__tdata_start = .)
 *(.tdata .tdata.* .gnu.linkonce.td.*)

.tbss
 *(.tbss .tbss.* .gnu.linkonce.tb.*)
 *(.tcommon)

.preinit_array  0x00000000c0012000        0x0
                [!provide]                        PROVIDE (__preinit_array_start = .)
 *(.preinit_array)
                [!provide]                        PROVIDE (__preinit_array_end = .)

.init_array     0x00000000c0012000        0x0
                [!provide]                        PROVIDE (__init_array_start = .)
 *(SORT_BY_INIT_PRIORITY(.init_array.*) SORT_BY_INIT_PRIORITY(.ctors.*))
 *(.init_array EXCLUDE_FILE(*crtend?.o *crtend.o *crtbegin?.o *crtbegin.o) .ctors)
                [!provide]                        PROVIDE (__init_array_end = .)

.fini_array     0x00000000c0012000        0x0
                [!provide]                        PROVIDE (__fini_array_start = .)
 *(SORT_BY_INIT_PRIORITY(.fini_array.*) SORT_BY_INIT_PRIORITY(.dtors.*))
 *(.fini_array EXCLUDE_FILE(*crtend?.o *crtend.o *crtbegin?.o *crtbegin.o) .dtors)
                [!provide]                        PROVIDE (__fini_array_end = .)

.ctors
 *crtbegin.o(.ctors)
 *crtbegin?.o(.ctors)
 *(EXCLUDE_FILE(*crtend?.o *crtend.o) .ctors)
 *(SORT_BY_NAME(.ctors.*))
 *(.ctors)

.dtors
 *crtbegin.o(.dtors)
 *crtbegin?.o(.dtors)
 *(EXCLUDE_FILE(*crtend?.o *crtend.o) .dtors)
 *(SORT_BY_NAME(.dtors.*))
 *(.dtors)

.jcr
 *(.jcr)

.data.rel.ro
 *(.data.rel.ro.local* .gnu.linkonce.d.rel.ro.local.*)
 *(.data.rel.ro .data.rel.ro.* .gnu.linkonce.d.rel.ro.*)

.dynamic
 *(.dynamic)

.got            0x00000000c0012000        0x0
 *(.got)
 .got           0x00000000c0012000        0x0 build/main.o
 *(.igot)
                0x00000000c0012ff4                . = DATA_SEGMENT_RELRO_END (., (SIZEOF (.got.plt) >= 0xc)?0xc:0x0)

.got.plt        0x00000000c0012000        0xc
 *(.got.plt)
 .got.plt       0x00000000c0012000        0xc build/main.o
                0x00000000c0012000                _GLOBAL_OFFSET_TABLE_
 *(.igot.plt)
 .igot.plt      0x00000000c001200c        0x0 build/main.o

.data           0x00000000c0012020      0x156
 *(.data .data.* .gnu.linkonce.d.*)
 .data          0x00000000c0012020        0x0 build/main.o
 .data          0x00000000c0012020        0x0 build/init.o
 .data          0x00000000c0012020        0x0 build/interrupt.o
 .data          0x00000000c0012020        0x0 build/timer.o
 .data          0x00000000c0012020       0xc0 build/kernel.o
                0x00000000c0012020                intr_entry_table
 .data          0x00000000c00120e0        0x8 build/print.o
 .data          0x00000000c00120e8        0x0 build/debug.o
 .data          0x00000000c00120e8        0x0 build/memory.o
 .data          0x00000000c00120e8        0x0 build/bitmap.o
 .data          0x00000000c00120e8        0x0 build/string.o
 .data          0x00000000c00120e8        0x0 build/thread.o
 .data          0x00000000c00120e8        0x0 build/list.o
 .data          0x00000000c00120e8        0x0 build/console.o
 .data          0x00000000c00120e8        0x0 build/sync.o
 *fill*         0x00000000c00120e8       0x18 
 .data          0x00000000c0012100       0x76 build/keyboard.o
 .data          0x00000000c0012176        0x0 build/ioqueue.o
 .data          0x00000000c0012176        0x0 build/tss.o
 .data          0x00000000c0012176        0x0 build/process.o
 .data          0x00000000c0012176        0x0 build/syscall.o
 .data          0x00000000c0012176        0x0 build/syscall-init.o
 .data          0x00000000c0012176        0x0 build/stdio.o
 .data          0x00000000c0012176        0x0 build/ide.o
 .data          0x00000000c0012176        0x0 build/stdio-kernel.o
 .data          0x00000000c0012176        0x0 build/fs.o
 .data          0x00000000c0012176        0x0 build/inode.o
 .data          0x00000000c0012176        0x0 build/file.o
 .data          0x00000000c0012176        0x0 build/dir.o
 .data          0x00000000c0012176        0x0 build/fork.o

.data1
 *(.data1)
                0x00000000c0012176                _edata = .
                [!provide]                        PROVIDE (edata = .)
                0x00000000c0012176                . = .
                0x00000000c0012176                __bss_start = .

.bss            0x00000000c0012180     0x1c08
 *(.dynbss)
 *(.bss .bss.* .gnu.linkonce.b.*)
 .bss           0x00000000c0012180        0x0 build/main.o
 .bss           0x00000000c0012180        0x0 build/init.o
 .bss           0x00000000c0012180      0x408 build/interrupt.o
 .bss           0x00000000c0012588        0x0 build/timer.o
 .bss           0x00000000c0012588        0x0 build/debug.o
 .bss           0x00000000c0012588        0x0 build/memory.o
 .bss           0x00000000c0012588        0x0 build/bitmap.o
 .bss           0x00000000c0012588        0x0 build/string.o
 .bss           0x00000000c0012588        0x6 build/thread.o
 .bss           0x00000000c001258e        0x0 build/list.o
 *fill*         0x00000000c001258e        0x2 
 .bss           0x00000000c0012590       0x1c build/console.o
 .bss           0x00000000c00125ac        0x0 build/sync.o
 .bss           0x00000000c00125ac       0x14 build/keyboard.o
 .bss           0x00000000c00125c0        0x0 build/ioqueue.o
 .bss           0x00000000c00125c0       0x6c build/tss.o
 .bss           0x00000000c001262c        0x0 build/process.o
 .bss           0x00000000c001262c        0x0 build/syscall.o
 .bss           0x00000000c001262c        0x0 build/syscall-init.o
 .bss           0x00000000c001262c        0x0 build/stdio.o
 .bss           0x00000000c001262c        0x6 build/ide.o
                0x00000000c001262c                ext_lba_base
                0x00000000c0012630                p_no
                0x00000000c0012631                l_no
 .bss           0x00000000c0012632        0x0 build/stdio-kernel.o
 .bss           0x00000000c0012632        0x0 build/fs.o
 .bss           0x00000000c0012632        0x0 build/inode.o
 .bss           0x00000000c0012632        0x0 build/file.o
 .bss           0x00000000c0012632        0x0 build/dir.o
 .bss           0x00000000c0012632        0x0 build/fork.o
 *(COMMON)
 *fill*         0x00000000c0012632        0xe 
 COMMON         0x00000000c0012640      0x424 build/interrupt.o
                0x00000000c0012640                intr_name
                0x00000000c0012860                idt_table
 COMMON         0x00000000c0012a64        0x4 build/timer.o
                0x00000000c0012a64                ticks
 *fill*         0x00000000c0012a68       0x18 
 COMMON         0x00000000c0012a80      0x12c build/memory.o
                0x00000000c0012a80                user_pool
                0x00000000c0012ac0                k_block_descs
                0x00000000c0012b68                kernel_vaddr
                0x00000000c0012b80                kernel_pool
 COMMON         0x00000000c0012bac       0x44 build/thread.o
                0x00000000c0012bac                thread_ready_list
                0x00000000c0012bbc                thread_all_list
                0x00000000c0012bcc                idle_thread
                0x00000000c0012bd0                main_thread
                0x00000000c0012bd4                pid_lock
 *fill*         0x00000000c0012bf0       0x10 
 COMMON         0x00000000c0012c00       0x6c build/keyboard.o
                0x00000000c0012c00                kbd_buf
 *fill*         0x00000000c0012c6c       0x14 
 COMMON         0x00000000c0012c80       0x80 build/syscall-init.o
                0x00000000c0012c80                syscall_table
 COMMON         0x00000000c0012d00      0xcf0 build/ide.o
                0x00000000c0012d00                channel_cnt
                0x00000000c0012d20                channels
                0x00000000c00139e0                partition_list
 COMMON         0x00000000c00139f0        0x4 build/fs.o
                0x00000000c00139f0                cur_part
 *fill*         0x00000000c00139f4        0xc 
 COMMON         0x00000000c0013a00      0x180 build/file.o
                0x00000000c0013a00                file_table
 COMMON         0x00000000c0013b80      0x208 build/dir.o
                0x00000000c0013b80                root_dir
                0x00000000c0013d88                . = ALIGN ((. != 0x0)?0x4:0x1)
                0x00000000c0013d88                . = ALIGN (0x4)
                0x00000000c0013d88                . = SEGMENT_START ("ldata-segment", .)
                0x00000000c0013d88                . = ALIGN (0x4)
                0x00000000c0013d88                _end = .
                [!provide]                        PROVIDE (end = .)
                0x00000000c0013d88                . = DATA_SEGMENT_END (.)

.stab
 *(.stab)

.stabstr
 *(.stabstr)

.stab.excl
 *(.stab.excl)

.stab.exclstr
 *(.stab.exclstr)

.stab.index
 *(.stab.index)

.stab.indexstr
 *(.stab.indexstr)

.comment        0x0000000000000000       0x2b
 *(.comment)
 .comment       0x0000000000000000       0x2b build/main.o
                                         0x2c (size before relaxing)
 .comment       0x000000000000002b       0x2c build/init.o
 .comment       0x000000000000002b       0x2c build/interrupt.o
 .comment       0x000000000000002b       0x2c build/timer.o
 .comment       0x000000000000002b       0x2c build/debug.o
 .comment       0x000000000000002b       0x2c build/memory.o
 .comment       0x000000000000002b       0x2c build/bitmap.o
 .comment       0x000000000000002b       0x2c build/string.o
 .comment       0x000000000000002b       0x2c build/thread.o
 .comment       0x000000000000002b       0x2c build/list.o
 .comment       0x000000000000002b       0x2c build/console.o
 .comment       0x000000000000002b       0x2c build/sync.o
 .comment       0x000000000000002b       0x2c build/keyboard.o
 .comment       0x000000000000002b       0x2c build/ioqueue.o
 .comment       0x000000000000002b       0x2c build/tss.o
 .comment       0x000000000000002b       0x2c build/process.o
 .comment       0x000000000000002b       0x2c build/syscall.o
 .comment       0x000000000000002b       0x2c build/syscall-init.o
 .comment       0x000000000000002b       0x2c build/stdio.o
 .comment       0x000000000000002b       0x2c build/ide.o
 .comment       0x000000000000002b       0x2c build/stdio-kernel.o
 .comment       0x000000000000002b       0x2c build/fs.o
 .comment       0x000000000000002b       0x2c build/inode.o
 .comment       0x000000000000002b       0x2c build/file.o
 .comment       0x000000000000002b       0x2c build/dir.o
 .comment       0x000000000000002b       0x2c build/fork.o

.gnu.build.attributes
 *(.gnu.build.attributes .gnu.build.attributes.*)

.debug
 *(.debug)

.line
 *(.line)

.debug_srcinfo
 *(.debug_srcinfo)

.debug_sfnames
 *(.debug_sfnames)

.debug_aranges
 *(.debug_aranges)

.debug_pubnames
 *(.debug_pubnames)

.debug_info
 *(.debug_info .gnu.linkonce.wi.*)

.debug_abbrev
 *(.debug_abbrev)

.debug_line
 *(.debug_line .debug_line.* .debug_line_end)

.debug_frame
 *(.debug_frame)

.debug_str
 *(.debug_str)

.debug_loc
 *(.debug_loc)

.debug_macinfo
 *(.debug_macinfo)

.debug_weaknames
 *(.debug_weaknames)

.debug_funcnames
 *(.debug_funcnames)

.debug_typenames
 *(.debug_typenames)

.debug_varnames
 *(.debug_varnames)

.debug_pubtypes
 *(.debug_pubtypes)

.debug_ranges
 *(.debug_ranges)

.debug_macro
 *(.debug_macro)

.debug_addr
 *(.debug_addr)

.gnu.attributes
 *(.gnu.attributes)

/DISCARD/
 *(.note.GNU-stack)
 *(.gnu_debuglink)
 *(.gnu.lto_*)
OUTPUT(build/kernel.bin elf32-i386)
