
Merging program properties

Removed property 0xc0000002 to merge build/main.o (0x3) and build/kernel.o (not found)
Removed property 0xc0000002 to merge build/main.o (not found) and build/debug.o (0x3)
Removed property 0xc0000002 to merge build/main.o (not found) and build/memory.o (0x3)
Removed property 0xc0000002 to merge build/main.o (not found) and build/bitmap.o (0x3)
Removed property 0xc0000002 to merge build/main.o (not found) and build/string.o (0x3)
Removed property 0xc0000002 to merge build/main.o (not found) and build/thread.o (0x3)
Removed property 0xc0000002 to merge build/main.o (not found) and build/list.o (0x3)
Removed property 0xc0000002 to merge build/main.o (not found) and build/console.o (0x3)
Removed property 0xc0000002 to merge build/main.o (not found) and build/sync.o (0x3)
Removed property 0xc0000002 to merge build/main.o (not found) and build/keyboard.o (0x3)
Removed property 0xc0000002 to merge build/main.o (not found) and build/ioqueue.o (0x3)
Removed property 0xc0000002 to merge build/main.o (not found) and build/tss.o (0x3)
Removed property 0xc0000002 to merge build/main.o (not found) and build/process.o (0x3)
Removed property 0xc0000002 to merge build/main.o (not found) and build/syscall.o (0x3)
Removed property 0xc0000002 to merge build/main.o (not found) and build/syscall-init.o (0x3)
Removed property 0xc0000002 to merge build/main.o (not found) and build/stdio.o (0x3)
Removed property 0xc0000002 to merge build/main.o (not found) and build/ide.o (0x3)
Removed property 0xc0000002 to merge build/main.o (not found) and build/stdio-kernel.o (0x3)
Removed property 0xc0000002 to merge build/main.o (not found) and build/fs.o (0x3)
Removed property 0xc0000002 to merge build/main.o (not found) and build/inode.o (0x3)
Removed property 0xc0000002 to merge build/main.o (not found) and build/file.o (0x3)
Removed property 0xc0000002 to merge build/main.o (not found) and build/dir.o (0x3)

Allocating common symbols
Common symbol       size              file

kbd_buf             0x6c              build/keyboard.o
root_dir            0x208             build/dir.o
thread_ready_list   0x10              build/thread.o
thread_all_list     0x10              build/thread.o
user_pool           0x2c              build/memory.o
channel_cnt         0x1               build/ide.o
cur_part            0x4               build/fs.o
k_block_descs       0xa8              build/memory.o
idle_thread         0x4               build/thread.o
intr_name           0x204             build/interrupt.o
main_thread         0x4               build/thread.o
channels            0xcc0             build/ide.o
ticks               0x4               build/timer.o
kernel_vaddr        0xc               build/memory.o
syscall_table       0x80              build/syscall-init.o
idt_table           0x204             build/interrupt.o
file_table          0x180             build/file.o
partition_list      0x10              build/ide.o
kernel_pool         0x2c              build/memory.o
pid_lock            0x1c              build/thread.o

Discarded input sections

 .group         0x0000000000000000        0x8 build/main.o
 .note.GNU-stack
                0x0000000000000000        0x0 build/main.o
 .note.gnu.property
                0x0000000000000000       0x1c build/main.o
 .group         0x0000000000000000        0x8 build/init.o
 .text.__x86.get_pc_thunk.bx
                0x0000000000000000        0x4 build/init.o
 .note.GNU-stack
                0x0000000000000000        0x0 build/init.o
 .note.gnu.property
                0x0000000000000000       0x1c build/init.o
 .group         0x0000000000000000        0x8 build/interrupt.o
 .group         0x0000000000000000        0x8 build/interrupt.o
 .text.__x86.get_pc_thunk.bx
                0x0000000000000000        0x4 build/interrupt.o
 .note.GNU-stack
                0x0000000000000000        0x0 build/interrupt.o
 .note.gnu.property
                0x0000000000000000       0x1c build/interrupt.o
 .group         0x0000000000000000        0x8 build/timer.o
 .group         0x0000000000000000        0x8 build/timer.o
 .group         0x0000000000000000        0x8 build/timer.o
 .text.__x86.get_pc_thunk.ax
                0x0000000000000000        0x4 build/timer.o
 .text.__x86.get_pc_thunk.bx
                0x0000000000000000        0x4 build/timer.o
 .note.GNU-stack
                0x0000000000000000        0x0 build/timer.o
 .note.gnu.property
                0x0000000000000000       0x1c build/timer.o
 .group         0x0000000000000000        0x8 build/debug.o
 .text.__x86.get_pc_thunk.bx
                0x0000000000000000        0x4 build/debug.o
 .note.GNU-stack
                0x0000000000000000        0x0 build/debug.o
 .note.gnu.property
                0x0000000000000000       0x1c build/debug.o
 .group         0x0000000000000000        0x8 build/memory.o
 .group         0x0000000000000000        0x8 build/memory.o
 .text.__x86.get_pc_thunk.ax
                0x0000000000000000        0x4 build/memory.o
 .text.__x86.get_pc_thunk.bx
                0x0000000000000000        0x4 build/memory.o
 .note.GNU-stack
                0x0000000000000000        0x0 build/memory.o
 .note.gnu.property
                0x0000000000000000       0x1c build/memory.o
 .group         0x0000000000000000        0x8 build/bitmap.o
 .text.__x86.get_pc_thunk.ax
                0x0000000000000000        0x4 build/bitmap.o
 .note.GNU-stack
                0x0000000000000000        0x0 build/bitmap.o
 .note.gnu.property
                0x0000000000000000       0x1c build/bitmap.o
 .group         0x0000000000000000        0x8 build/string.o
 .text.__x86.get_pc_thunk.ax
                0x0000000000000000        0x4 build/string.o
 .note.GNU-stack
                0x0000000000000000        0x0 build/string.o
 .note.gnu.property
                0x0000000000000000       0x1c build/string.o
 .group         0x0000000000000000        0x8 build/thread.o
 .group         0x0000000000000000        0x8 build/thread.o
 .group         0x0000000000000000        0x8 build/thread.o
 .text.__x86.get_pc_thunk.ax
                0x0000000000000000        0x4 build/thread.o
 .text.__x86.get_pc_thunk.bx
                0x0000000000000000        0x4 build/thread.o
 .note.GNU-stack
                0x0000000000000000        0x0 build/thread.o
 .note.gnu.property
                0x0000000000000000       0x1c build/thread.o
 .group         0x0000000000000000        0x8 build/list.o
 .group         0x0000000000000000        0x8 build/list.o
 .text.__x86.get_pc_thunk.ax
                0x0000000000000000        0x4 build/list.o
 .text.__x86.get_pc_thunk.bx
                0x0000000000000000        0x4 build/list.o
 .note.GNU-stack
                0x0000000000000000        0x0 build/list.o
 .note.gnu.property
                0x0000000000000000       0x1c build/list.o
 .group         0x0000000000000000        0x8 build/console.o
 .group         0x0000000000000000        0x8 build/console.o
 .text.__x86.get_pc_thunk.ax
                0x0000000000000000        0x4 build/console.o
 .text.__x86.get_pc_thunk.bx
                0x0000000000000000        0x4 build/console.o
 .note.GNU-stack
                0x0000000000000000        0x0 build/console.o
 .note.gnu.property
                0x0000000000000000       0x1c build/console.o
 .group         0x0000000000000000        0x8 build/sync.o
 .group         0x0000000000000000        0x8 build/sync.o
 .text.__x86.get_pc_thunk.ax
                0x0000000000000000        0x4 build/sync.o
 .text.__x86.get_pc_thunk.bx
                0x0000000000000000        0x4 build/sync.o
 .note.GNU-stack
                0x0000000000000000        0x0 build/sync.o
 .note.gnu.property
                0x0000000000000000       0x1c build/sync.o
 .group         0x0000000000000000        0x8 build/keyboard.o
 .group         0x0000000000000000        0x8 build/keyboard.o
 .text.__x86.get_pc_thunk.ax
                0x0000000000000000        0x4 build/keyboard.o
 .text.__x86.get_pc_thunk.bx
                0x0000000000000000        0x4 build/keyboard.o
 .note.GNU-stack
                0x0000000000000000        0x0 build/keyboard.o
 .note.gnu.property
                0x0000000000000000       0x1c build/keyboard.o
 .group         0x0000000000000000        0x8 build/ioqueue.o
 .group         0x0000000000000000        0x8 build/ioqueue.o
 .text.__x86.get_pc_thunk.ax
                0x0000000000000000        0x4 build/ioqueue.o
 .text.__x86.get_pc_thunk.bx
                0x0000000000000000        0x4 build/ioqueue.o
 .note.GNU-stack
                0x0000000000000000        0x0 build/ioqueue.o
 .note.gnu.property
                0x0000000000000000       0x1c build/ioqueue.o
 .group         0x0000000000000000        0x8 build/tss.o
 .group         0x0000000000000000        0x8 build/tss.o
 .text.__x86.get_pc_thunk.ax
                0x0000000000000000        0x4 build/tss.o
 .text.__x86.get_pc_thunk.bx
                0x0000000000000000        0x4 build/tss.o
 .note.GNU-stack
                0x0000000000000000        0x0 build/tss.o
 .note.gnu.property
                0x0000000000000000       0x1c build/tss.o
 .group         0x0000000000000000        0x8 build/process.o
 .group         0x0000000000000000        0x8 build/process.o
 .text.__x86.get_pc_thunk.ax
                0x0000000000000000        0x4 build/process.o
 .text.__x86.get_pc_thunk.bx
                0x0000000000000000        0x4 build/process.o
 .note.GNU-stack
                0x0000000000000000        0x0 build/process.o
 .note.gnu.property
                0x0000000000000000       0x1c build/process.o
 .group         0x0000000000000000        0x8 build/syscall.o
 .text.__x86.get_pc_thunk.ax
                0x0000000000000000        0x4 build/syscall.o
 .note.GNU-stack
                0x0000000000000000        0x0 build/syscall.o
 .note.gnu.property
                0x0000000000000000       0x1c build/syscall.o
 .group         0x0000000000000000        0x8 build/syscall-init.o
 .group         0x0000000000000000        0x8 build/syscall-init.o
 .text.__x86.get_pc_thunk.ax
                0x0000000000000000        0x4 build/syscall-init.o
 .text.__x86.get_pc_thunk.bx
                0x0000000000000000        0x4 build/syscall-init.o
 .note.GNU-stack
                0x0000000000000000        0x0 build/syscall-init.o
 .note.gnu.property
                0x0000000000000000       0x1c build/syscall-init.o
 .group         0x0000000000000000        0x8 build/stdio.o
 .group         0x0000000000000000        0x8 build/stdio.o
 .text.__x86.get_pc_thunk.ax
                0x0000000000000000        0x4 build/stdio.o
 .text.__x86.get_pc_thunk.bx
                0x0000000000000000        0x4 build/stdio.o
 .note.GNU-stack
                0x0000000000000000        0x0 build/stdio.o
 .note.gnu.property
                0x0000000000000000       0x1c build/stdio.o
 .group         0x0000000000000000        0x8 build/ide.o
 .group         0x0000000000000000        0x8 build/ide.o
 .text.__x86.get_pc_thunk.ax
                0x0000000000000000        0x4 build/ide.o
 .text.__x86.get_pc_thunk.bx
                0x0000000000000000        0x4 build/ide.o
 .note.GNU-stack
                0x0000000000000000        0x0 build/ide.o
 .note.gnu.property
                0x0000000000000000       0x1c build/ide.o
 .group         0x0000000000000000        0x8 build/stdio-kernel.o
 .text.__x86.get_pc_thunk.bx
                0x0000000000000000        0x4 build/stdio-kernel.o
 .note.GNU-stack
                0x0000000000000000        0x0 build/stdio-kernel.o
 .note.gnu.property
                0x0000000000000000       0x1c build/stdio-kernel.o
 .group         0x0000000000000000        0x8 build/fs.o
 .group         0x0000000000000000        0x8 build/fs.o
 .text.__x86.get_pc_thunk.ax
                0x0000000000000000        0x4 build/fs.o
 .text.__x86.get_pc_thunk.bx
                0x0000000000000000        0x4 build/fs.o
 .note.GNU-stack
                0x0000000000000000        0x0 build/fs.o
 .note.gnu.property
                0x0000000000000000       0x1c build/fs.o
 .group         0x0000000000000000        0x8 build/inode.o
 .group         0x0000000000000000        0x8 build/inode.o
 .text.__x86.get_pc_thunk.ax
                0x0000000000000000        0x4 build/inode.o
 .text.__x86.get_pc_thunk.bx
                0x0000000000000000        0x4 build/inode.o
 .note.GNU-stack
                0x0000000000000000        0x0 build/inode.o
 .note.gnu.property
                0x0000000000000000       0x1c build/inode.o
 .group         0x0000000000000000        0x8 build/file.o
 .group         0x0000000000000000        0x8 build/file.o
 .group         0x0000000000000000        0x8 build/file.o
 .text.__x86.get_pc_thunk.ax
                0x0000000000000000        0x4 build/file.o
 .text.__x86.get_pc_thunk.dx
                0x0000000000000000        0x4 build/file.o
 .text.__x86.get_pc_thunk.bx
                0x0000000000000000        0x4 build/file.o
 .note.GNU-stack
                0x0000000000000000        0x0 build/file.o
 .note.gnu.property
                0x0000000000000000       0x1c build/file.o
 .group         0x0000000000000000        0x8 build/dir.o
 .text.__x86.get_pc_thunk.bx
                0x0000000000000000        0x4 build/dir.o
 .note.GNU-stack
                0x0000000000000000        0x0 build/dir.o
 .note.gnu.property
                0x0000000000000000       0x1c build/dir.o

Memory Configuration

Name             Origin             Length             Attributes
*default*        0x0000000000000000 0xffffffffffffffff

Linker script and memory map

Address of section .text set to 0xc0001500
LOAD build/main.o
LOAD build/init.o
LOAD build/interrupt.o
LOAD build/timer.o
LOAD build/kernel.o
LOAD build/print.o
LOAD build/debug.o
LOAD build/memory.o
LOAD build/bitmap.o
LOAD build/string.o
LOAD build/thread.o
LOAD build/list.o
LOAD build/switch.o
LOAD build/console.o
LOAD build/sync.o
LOAD build/keyboard.o
LOAD build/ioqueue.o
LOAD build/tss.o
LOAD build/process.o
LOAD build/syscall.o
LOAD build/syscall-init.o
LOAD build/stdio.o
LOAD build/ide.o
LOAD build/stdio-kernel.o
LOAD build/fs.o
LOAD build/inode.o
LOAD build/file.o
LOAD build/dir.o
                [!provide]                        PROVIDE (__executable_start = SEGMENT_START ("text-segment", 0x8048000))
                0x00000000080480d4                . = (SEGMENT_START ("text-segment", 0x8048000) + SIZEOF_HEADERS)

.interp
 *(.interp)

.note.gnu.build-id
 *(.note.gnu.build-id)

.hash
 *(.hash)

.gnu.hash
 *(.gnu.hash)

.dynsym
 *(.dynsym)

.dynstr
 *(.dynstr)

.gnu.version
 *(.gnu.version)

.gnu.version_d
 *(.gnu.version_d)

.gnu.version_r
 *(.gnu.version_r)

.rel.dyn        0x00000000080480d4        0x0
 *(.rel.init)
 *(.rel.text .rel.text.* .rel.gnu.linkonce.t.*)
 .rel.text      0x00000000080480d4        0x0 build/main.o
 *(.rel.fini)
 *(.rel.rodata .rel.rodata.* .rel.gnu.linkonce.r.*)
 *(.rel.data.rel.ro .rel.data.rel.ro.* .rel.gnu.linkonce.d.rel.ro.*)
 *(.rel.data .rel.data.* .rel.gnu.linkonce.d.*)
 *(.rel.tdata .rel.tdata.* .rel.gnu.linkonce.td.*)
 *(.rel.tbss .rel.tbss.* .rel.gnu.linkonce.tb.*)
 *(.rel.ctors)
 *(.rel.dtors)
 *(.rel.got)
 .rel.got       0x00000000080480d4        0x0 build/main.o
 *(.rel.bss .rel.bss.* .rel.gnu.linkonce.b.*)
 *(.rel.ifunc)

.rel.plt        0x00000000080480d4        0x0
 *(.rel.plt)
                [!provide]                        PROVIDE (__rel_iplt_start = .)
 *(.rel.iplt)
 .rel.iplt      0x00000000080480d4        0x0 build/main.o
                [!provide]                        PROVIDE (__rel_iplt_end = .)
                0x0000000008049000                . = ALIGN (CONSTANT (MAXPAGESIZE))

.init
 *(SORT_NONE(.init))

.plt            0x0000000008049000        0x0
 *(.plt)
 *(.iplt)
 .iplt          0x0000000008049000        0x0 build/main.o

.plt.got
 *(.plt.got)

.plt.sec
 *(.plt.sec)

.text           0x00000000c0001500     0x9c59
 *(.text.unlikely .text.*_unlikely .text.unlikely.*)
 *(.text.exit .text.exit.*)
 *(.text.startup .text.startup.*)
 *(.text.hot .text.hot.*)
 *(SORT_BY_NAME(.text.sorted.*))
 *(.text .stub .text.* .gnu.linkonce.t.*)
 .text          0x00000000c0001500      0x425 build/main.o
                0x00000000c0001500                main
                0x00000000c00015e3                k_thread_a
                0x00000000c00016d9                k_thread_b
                0x00000000c00017cf                u_prog_a
                0x00000000c000187a                u_prog_b
 .text.__x86.get_pc_thunk.bx
                0x00000000c0001925        0x4 build/main.o
                0x00000000c0001925                __x86.get_pc_thunk.bx
 .text          0x00000000c0001929       0x60 build/init.o
                0x00000000c0001929                init_all
 .text          0x00000000c0001989      0x5ae build/interrupt.o
                0x00000000c0001dc4                intr_enable
                0x00000000c0001dfb                intr_disable
                0x00000000c0001e32                intr_set_status
                0x00000000c0001e5e                intr_get_status
                0x00000000c0001e89                register_handler
                0x00000000c0001eb6                idt_init
 .text.__x86.get_pc_thunk.ax
                0x00000000c0001f37        0x4 build/interrupt.o
                0x00000000c0001f37                __x86.get_pc_thunk.ax
 .text          0x00000000c0001f3b      0x26c build/timer.o
                0x00000000c00020d5                mtime_sleep
                0x00000000c000213b                timer_init
 .text.__x86.get_pc_thunk.cx
                0x00000000c00021a7        0x4 build/timer.o
                0x00000000c00021a7                __x86.get_pc_thunk.cx
 *fill*         0x00000000c00021ab        0x5 
 .text          0x00000000c00021b0      0x55b build/kernel.o
                0x00000000c00021b0                intr_exit
                0x00000000c00026e7                syscall_handler
 *fill*         0x00000000c000270b        0x5 
 .text          0x00000000c0002710      0x172 build/print.o
                0x00000000c0002710                put_str
                0x00000000c000272e                put_char
                0x00000000c00027fb                put_int
                0x00000000c000285e                set_cursor
 .text          0x00000000c0002882       0xf8 build/debug.o
                0x00000000c0002882                panic_spin
 .text          0x00000000c000297a     0x1380 build/memory.o
                0x00000000c0002ab1                pte_ptr
                0x00000000c0002aef                pde_ptr
                0x00000000c0002cb8                malloc_page
                0x00000000c0002d95                get_kernel_pages
                0x00000000c0002e0d                get_user_pages
                0x00000000c0002e7f                get_a_page
                0x00000000c000300d                addr_v2p
                0x00000000c00032b8                block_desc_init
                0x00000000c00033a3                sys_malloc
                0x00000000c00036ff                pfree
                0x00000000c0003881                mfree_page
                0x00000000c0003a84                sys_free
                0x00000000c0003c90                mem_init
 .text          0x00000000c0003cfa      0x29d build/bitmap.o
                0x00000000c0003cfa                bitmap_init
                0x00000000c0003d31                bitmap_scan_test
                0x00000000c0003d7f                bitmap_scan
                0x00000000c0003ecb                bitmap_set
 .text          0x00000000c0003f97      0x4d2 build/string.o
                0x00000000c0003f97                memset
                0x00000000c0004004                memcpy
                0x00000000c000407f                memcmp
                0x00000000c000411c                strcpy
                0x00000000c000418b                strlen
                0x00000000c00041ec                strcmp
                0x00000000c000427f                strchr
                0x00000000c00042f1                strrchr
                0x00000000c0004369                strcat
                0x00000000c00043ed                strchrs
 .text          0x00000000c0004469      0x868 build/thread.o
                0x00000000c000448e                thread_yield
                0x00000000c000452c                running_thread
                0x00000000c00045d6                thread_create
                0x00000000c000465e                init_thread
                0x00000000c0004764                thread_start
                0x00000000c0004912                schedule
                0x00000000c0004a93                thread_block
                0x00000000c0004b0f                thread_unblock
                0x00000000c0004c34                thread_init
 .text.__x86.get_pc_thunk.dx
                0x00000000c0004cd1        0x4 build/thread.o
                0x00000000c0004cd1                __x86.get_pc_thunk.dx
 .text          0x00000000c0004cd5      0x287 build/list.o
                0x00000000c0004cd5                list_init
                0x00000000c0004d11                list_insert_before
                0x00000000c0004d69                list_push
                0x00000000c0004d95                list_append
                0x00000000c0004dc1                list_remove
                0x00000000c0004e0e                list_pop
                0x00000000c0004e3e                elem_find
                0x00000000c0004e87                list_traversal
                0x00000000c0004ef2                list_len
                0x00000000c0004f35                list_empty
 *fill*         0x00000000c0004f5c        0x4 
 .text          0x00000000c0004f60       0x15 build/switch.o
                0x00000000c0004f60                switch_to
 .text          0x00000000c0004f75      0x131 build/console.o
                0x00000000c0004f75                console_init
                0x00000000c0004fa4                console_acquire
                0x00000000c0004fd3                console_release
                0x00000000c0005002                console_put_str
                0x00000000c0005036                console_put_char
                0x00000000c0005072                console_put_int
 .text          0x00000000c00050a6      0x3a7 build/sync.o
                0x00000000c00050a6                sema_init
                0x00000000c00050e4                lock_init
                0x00000000c0005122                sema_down
                0x00000000c0005242                sema_up
                0x00000000c0005310                lock_acquire
                0x00000000c000539a                lock_release
 .text          0x00000000c000544d      0x337 build/keyboard.o
                0x00000000c000571e                keyboard_init
 .text          0x00000000c0005784      0x39e build/ioqueue.o
                0x00000000c0005784                ioqueue_init
                0x00000000c0005806                ioq_full
                0x00000000c0005869                ioq_empty
                0x00000000c000597f                ioq_getchar
                0x00000000c0005a4f                ioq_putchar
 .text          0x00000000c0005b22      0x1be build/tss.o
                0x00000000c0005b22                update_tss_esp
                0x00000000c0005bbb                tss_init
 .text          0x00000000c0005ce0      0x3f4 build/process.o
                0x00000000c0005ce0                start_process
                0x00000000c0005df8                page_dir_activate
                0x00000000c0005e41                process_activate
                0x00000000c0005ea8                create_page_dir
                0x00000000c0005f35                create_user_vaddr_bitmap
                0x00000000c0005f92                process_execute
 .text          0x00000000c00060d4       0xac build/syscall.o
                0x00000000c00060d4                getpid
                0x00000000c00060f7                write
                0x00000000c0006128                malloc
                0x00000000c0006155                free
 .text          0x00000000c0006180       0xa2 build/syscall-init.o
                0x00000000c0006180                sys_getpid
                0x00000000c00061a7                syscall_init
 .text          0x00000000c0006222      0x2f1 build/stdio.o
                0x00000000c00062b7                vsprintf
                0x00000000c0006449                sprintf
                0x00000000c0006487                printf
 .text          0x00000000c0006513      0xf36 build/ide.o
                0x00000000c00068b1                ide_read
                0x00000000c0006a4a                ide_write
                0x00000000c0006be3                intr_hd_handler
                0x00000000c00071f1                ide_init
 .text          0x00000000c0007449       0x78 build/stdio-kernel.o
                0x00000000c0007449                printk
 .text          0x00000000c00074c1     0x1534 build/fs.o
                0x00000000c0007c03                path_depth_cnt
                0x00000000c0007f58                sys_open
                0x00000000c0008241                sys_close
                0x00000000c00082b3                sys_write
                0x00000000c00083bf                sys_read
                0x00000000c0008459                sys_lseek
                0x00000000c0008566                sys_unlink
                0x00000000c00087c8                filesys_init
 .text          0x00000000c00089f5      0x7d8 build/inode.o
                0x00000000c0008aa9                inode_sync
                0x00000000c0008be9                inode_open
                0x00000000c0008d42                inode_close
                0x00000000c0008dd1                inode_delete
                0x00000000c0008f02                inode_release
                0x00000000c0009168                inode_init
 .text          0x00000000c00091cd     0x131e build/file.o
                0x00000000c00091cd                get_free_slot_in_global
                0x00000000c000923f                pcb_fd_install
                0x00000000c00092bf                inode_bitmap_alloc
                0x00000000c0009319                block_bitmap_alloc
                0x00000000c000937e                bitmap_sync
                0x00000000c000941b                file_create
                0x00000000c000972a                file_open
                0x00000000c0009875                file_close
                0x00000000c00098cc                file_write
                0x00000000c000a107                file_read
 .text          0x00000000c000a4eb      0xc6e build/dir.o
                0x00000000c000a4eb                open_root_dir
                0x00000000c000a534                dir_open
                0x00000000c000a585                search_dir_entry
                0x00000000c000a772                dir_close
                0x00000000c000a7ba                create_dir_entry
                0x00000000c000a842                sync_dir_entry
                0x00000000c000acb5                delete_dir_entry
 *(.gnu.warning)

.fini
 *(SORT_NONE(.fini))
                [!provide]                        PROVIDE (__etext = .)
                [!provide]                        PROVIDE (_etext = .)
                [!provide]                        PROVIDE (etext = .)
                0x00000000c000c000                . = ALIGN (CONSTANT (MAXPAGESIZE))
                0x00000000c000c000                . = SEGMENT_START ("rodata-segment", (ALIGN (CONSTANT (MAXPAGESIZE)) + (. & (CONSTANT (MAXPAGESIZE) - 0x1))))

.rodata         0x00000000c000c000     0x1dc1
 *(.rodata .rodata.* .gnu.linkonce.r.*)
 .rodata        0x00000000c000c000       0xf0 build/main.o
 .rodata        0x00000000c000c0f0        0xa build/init.o
 *fill*         0x00000000c000c0fa        0x2 
 .rodata        0x00000000c000c0fc      0x2cd build/interrupt.o
 *fill*         0x00000000c000c3c9        0x3 
 .rodata        0x00000000c000c3cc       0x88 build/timer.o
 .rodata        0x00000000c000c454       0x3f build/debug.o
 *fill*         0x00000000c000c493        0x1 
 .rodata        0x00000000c000c494      0x3bd build/memory.o
 *fill*         0x00000000c000c851        0x3 
 .rodata        0x00000000c000c854       0x6b build/bitmap.o
 *fill*         0x00000000c000c8bf        0x1 
 .rodata        0x00000000c000c8c0       0xc4 build/string.o
 .rodata        0x00000000c000c984      0x2df build/thread.o
 *fill*         0x00000000c000cc63        0x1 
 .rodata        0x00000000c000cc64      0x135 build/sync.o
 .rodata        0x00000000c000cd99       0x36 build/keyboard.o
 *fill*         0x00000000c000cdcf        0x1 
 .rodata        0x00000000c000cdd0       0xa8 build/ioqueue.o
 .rodata        0x00000000c000ce78       0x27 build/tss.o
 *fill*         0x00000000c000ce9f        0x1 
 .rodata        0x00000000c000cea0       0xe0 build/process.o
 .rodata        0x00000000c000cf80       0x27 build/syscall-init.o
 *fill*         0x00000000c000cfa7        0x1 
 .rodata        0x00000000c000cfa8      0x215 build/ide.o
 *fill*         0x00000000c000d1bd        0x3 
 .rodata        0x00000000c000d1c0      0x585 build/fs.o
 *fill*         0x00000000c000d745        0x3 
 .rodata        0x00000000c000d748       0xc2 build/inode.o
 *fill*         0x00000000c000d80a        0x2 
 .rodata        0x00000000c000d80c      0x436 build/file.o
 *fill*         0x00000000c000dc42        0x2 
 .rodata        0x00000000c000dc44      0x17d build/dir.o

.rodata1
 *(.rodata1)

.eh_frame_hdr
 *(.eh_frame_hdr)
 *(.eh_frame_entry .eh_frame_entry.*)

.eh_frame       0x00000000c000ddc4     0x1994
 *(.eh_frame)
 .eh_frame      0x00000000c000ddc4       0xc4 build/main.o
 .eh_frame      0x00000000c000de88       0x24 build/init.o
                                         0x50 (size before relaxing)
 .eh_frame      0x00000000c000deac      0x1b4 build/interrupt.o
                                        0x1e0 (size before relaxing)
 .eh_frame      0x00000000c000e060       0xf0 build/timer.o
                                        0x130 (size before relaxing)
 .eh_frame      0x00000000c000e150       0x1c build/debug.o
                                         0x48 (size before relaxing)
 .eh_frame      0x00000000c000e16c      0x2dc build/memory.o
                                        0x31c (size before relaxing)
 .eh_frame      0x00000000c000e448       0x90 build/bitmap.o
                                         0xbc (size before relaxing)
 .eh_frame      0x00000000c000e4d8      0x168 build/string.o
                                        0x194 (size before relaxing)
 .eh_frame      0x00000000c000e640      0x1d8 build/thread.o
                                        0x218 (size before relaxing)
 .eh_frame      0x00000000c000e818      0x148 build/list.o
                                        0x188 (size before relaxing)
 .eh_frame      0x00000000c000e960       0xd8 build/console.o
                                        0x118 (size before relaxing)
 .eh_frame      0x00000000c000ea38       0xdc build/sync.o
                                        0x11c (size before relaxing)
 .eh_frame      0x00000000c000eb14       0x68 build/keyboard.o
                                         0xa8 (size before relaxing)
 .eh_frame      0x00000000c000eb7c      0x11c build/ioqueue.o
                                        0x15c (size before relaxing)
 .eh_frame      0x00000000c000ec98       0x6c build/tss.o
                                         0xac (size before relaxing)
 .eh_frame      0x00000000c000ed04       0xd8 build/process.o
                                        0x118 (size before relaxing)
 .eh_frame      0x00000000c000eddc       0x8c build/syscall.o
                                         0xb8 (size before relaxing)
 .eh_frame      0x00000000c000ee68       0x48 build/syscall-init.o
                                         0x88 (size before relaxing)
 .eh_frame      0x00000000c000eeb0       0x90 build/stdio.o
                                         0xd0 (size before relaxing)
 .eh_frame      0x00000000c000ef40      0x27c build/ide.o
                                        0x2bc (size before relaxing)
 .eh_frame      0x00000000c000f1bc       0x28 build/stdio-kernel.o
                                         0x54 (size before relaxing)
 .eh_frame      0x00000000c000f1e4      0x1f0 build/fs.o
                                        0x230 (size before relaxing)
 .eh_frame      0x00000000c000f3d4      0x100 build/inode.o
                                        0x140 (size before relaxing)
 .eh_frame      0x00000000c000f4d4      0x178 build/file.o
                                        0x1cc (size before relaxing)
 .eh_frame      0x00000000c000f64c      0x10c build/dir.o
                                        0x138 (size before relaxing)
 *(.eh_frame.*)

.gcc_except_table
 *(.gcc_except_table .gcc_except_table.*)

.gnu_extab
 *(.gnu_extab*)

.exception_ranges
 *(.exception_ranges*)
                0x00000000c0011000                . = DATA_SEGMENT_ALIGN (CONSTANT (MAXPAGESIZE), CONSTANT (COMMONPAGESIZE))

.eh_frame
 *(.eh_frame)
 *(.eh_frame.*)

.gnu_extab
 *(.gnu_extab)

.gcc_except_table
 *(.gcc_except_table .gcc_except_table.*)

.exception_ranges
 *(.exception_ranges*)

.tdata          0x00000000c0011000        0x0
                [!provide]                        PROVIDE (__tdata_start = .)
 *(.tdata .tdata.* .gnu.linkonce.td.*)

.tbss
 *(.tbss .tbss.* .gnu.linkonce.tb.*)
 *(.tcommon)

.preinit_array  0x00000000c0011000        0x0
                [!provide]                        PROVIDE (__preinit_array_start = .)
 *(.preinit_array)
                [!provide]                        PROVIDE (__preinit_array_end = .)

.init_array     0x00000000c0011000        0x0
                [!provide]                        PROVIDE (__init_array_start = .)
 *(SORT_BY_INIT_PRIORITY(.init_array.*) SORT_BY_INIT_PRIORITY(.ctors.*))
 *(.init_array EXCLUDE_FILE(*crtend?.o *crtend.o *crtbegin?.o *crtbegin.o) .ctors)
                [!provide]                        PROVIDE (__init_array_end = .)

.fini_array     0x00000000c0011000        0x0
                [!provide]                        PROVIDE (__fini_array_start = .)
 *(SORT_BY_INIT_PRIORITY(.fini_array.*) SORT_BY_INIT_PRIORITY(.dtors.*))
 *(.fini_array EXCLUDE_FILE(*crtend?.o *crtend.o *crtbegin?.o *crtbegin.o) .dtors)
                [!provide]                        PROVIDE (__fini_array_end = .)

.ctors
 *crtbegin.o(.ctors)
 *crtbegin?.o(.ctors)
 *(EXCLUDE_FILE(*crtend?.o *crtend.o) .ctors)
 *(SORT_BY_NAME(.ctors.*))
 *(.ctors)

.dtors
 *crtbegin.o(.dtors)
 *crtbegin?.o(.dtors)
 *(EXCLUDE_FILE(*crtend?.o *crtend.o) .dtors)
 *(SORT_BY_NAME(.dtors.*))
 *(.dtors)

.jcr
 *(.jcr)

.data.rel.ro
 *(.data.rel.ro.local* .gnu.linkonce.d.rel.ro.local.*)
 *(.data.rel.ro .data.rel.ro.* .gnu.linkonce.d.rel.ro.*)

.dynamic
 *(.dynamic)

.got            0x00000000c0011000        0x0
 *(.got)
 .got           0x00000000c0011000        0x0 build/main.o
 *(.igot)
                0x00000000c0011ff4                . = DATA_SEGMENT_RELRO_END (., (SIZEOF (.got.plt) >= 0xc)?0xc:0x0)

.got.plt        0x00000000c0011000        0xc
 *(.got.plt)
 .got.plt       0x00000000c0011000        0xc build/main.o
                0x00000000c0011000                _GLOBAL_OFFSET_TABLE_
 *(.igot.plt)
 .igot.plt      0x00000000c001100c        0x0 build/main.o

.data           0x00000000c0011020      0x156
 *(.data .data.* .gnu.linkonce.d.*)
 .data          0x00000000c0011020        0x0 build/main.o
 .data          0x00000000c0011020        0x0 build/init.o
 .data          0x00000000c0011020        0x0 build/interrupt.o
 .data          0x00000000c0011020        0x0 build/timer.o
 .data          0x00000000c0011020       0xc0 build/kernel.o
                0x00000000c0011020                intr_entry_table
 .data          0x00000000c00110e0        0x8 build/print.o
 .data          0x00000000c00110e8        0x0 build/debug.o
 .data          0x00000000c00110e8        0x0 build/memory.o
 .data          0x00000000c00110e8        0x0 build/bitmap.o
 .data          0x00000000c00110e8        0x0 build/string.o
 .data          0x00000000c00110e8        0x0 build/thread.o
 .data          0x00000000c00110e8        0x0 build/list.o
 .data          0x00000000c00110e8        0x0 build/console.o
 .data          0x00000000c00110e8        0x0 build/sync.o
 *fill*         0x00000000c00110e8       0x18 
 .data          0x00000000c0011100       0x76 build/keyboard.o
 .data          0x00000000c0011176        0x0 build/ioqueue.o
 .data          0x00000000c0011176        0x0 build/tss.o
 .data          0x00000000c0011176        0x0 build/process.o
 .data          0x00000000c0011176        0x0 build/syscall.o
 .data          0x00000000c0011176        0x0 build/syscall-init.o
 .data          0x00000000c0011176        0x0 build/stdio.o
 .data          0x00000000c0011176        0x0 build/ide.o
 .data          0x00000000c0011176        0x0 build/stdio-kernel.o
 .data          0x00000000c0011176        0x0 build/fs.o
 .data          0x00000000c0011176        0x0 build/inode.o
 .data          0x00000000c0011176        0x0 build/file.o
 .data          0x00000000c0011176        0x0 build/dir.o

.data1
 *(.data1)
                0x00000000c0011176                _edata = .
                [!provide]                        PROVIDE (edata = .)
                0x00000000c0011176                . = .
                0x00000000c0011176                __bss_start = .

.bss            0x00000000c0011180     0x1c08
 *(.dynbss)
 *(.bss .bss.* .gnu.linkonce.b.*)
 .bss           0x00000000c0011180        0x0 build/main.o
 .bss           0x00000000c0011180        0x0 build/init.o
 .bss           0x00000000c0011180      0x408 build/interrupt.o
 .bss           0x00000000c0011588        0x0 build/timer.o
 .bss           0x00000000c0011588        0x0 build/debug.o
 .bss           0x00000000c0011588        0x0 build/memory.o
 .bss           0x00000000c0011588        0x0 build/bitmap.o
 .bss           0x00000000c0011588        0x0 build/string.o
 .bss           0x00000000c0011588        0x6 build/thread.o
 .bss           0x00000000c001158e        0x0 build/list.o
 *fill*         0x00000000c001158e        0x2 
 .bss           0x00000000c0011590       0x1c build/console.o
 .bss           0x00000000c00115ac        0x0 build/sync.o
 .bss           0x00000000c00115ac       0x14 build/keyboard.o
 .bss           0x00000000c00115c0        0x0 build/ioqueue.o
 .bss           0x00000000c00115c0       0x6c build/tss.o
 .bss           0x00000000c001162c        0x0 build/process.o
 .bss           0x00000000c001162c        0x0 build/syscall.o
 .bss           0x00000000c001162c        0x0 build/syscall-init.o
 .bss           0x00000000c001162c        0x0 build/stdio.o
 .bss           0x00000000c001162c        0x6 build/ide.o
                0x00000000c001162c                ext_lba_base
                0x00000000c0011630                p_no
                0x00000000c0011631                l_no
 .bss           0x00000000c0011632        0x0 build/stdio-kernel.o
 .bss           0x00000000c0011632        0x0 build/fs.o
 .bss           0x00000000c0011632        0x0 build/inode.o
 .bss           0x00000000c0011632        0x0 build/file.o
 .bss           0x00000000c0011632        0x0 build/dir.o
 *(COMMON)
 *fill*         0x00000000c0011632        0xe 
 COMMON         0x00000000c0011640      0x424 build/interrupt.o
                0x00000000c0011640                intr_name
                0x00000000c0011860                idt_table
 COMMON         0x00000000c0011a64        0x4 build/timer.o
                0x00000000c0011a64                ticks
 *fill*         0x00000000c0011a68       0x18 
 COMMON         0x00000000c0011a80      0x12c build/memory.o
                0x00000000c0011a80                user_pool
                0x00000000c0011ac0                k_block_descs
                0x00000000c0011b68                kernel_vaddr
                0x00000000c0011b80                kernel_pool
 COMMON         0x00000000c0011bac       0x44 build/thread.o
                0x00000000c0011bac                thread_ready_list
                0x00000000c0011bbc                thread_all_list
                0x00000000c0011bcc                idle_thread
                0x00000000c0011bd0                main_thread
                0x00000000c0011bd4                pid_lock
 *fill*         0x00000000c0011bf0       0x10 
 COMMON         0x00000000c0011c00       0x6c build/keyboard.o
                0x00000000c0011c00                kbd_buf
 *fill*         0x00000000c0011c6c       0x14 
 COMMON         0x00000000c0011c80       0x80 build/syscall-init.o
                0x00000000c0011c80                syscall_table
 COMMON         0x00000000c0011d00      0xcf0 build/ide.o
                0x00000000c0011d00                channel_cnt
                0x00000000c0011d20                channels
                0x00000000c00129e0                partition_list
 COMMON         0x00000000c00129f0        0x4 build/fs.o
                0x00000000c00129f0                cur_part
 *fill*         0x00000000c00129f4        0xc 
 COMMON         0x00000000c0012a00      0x180 build/file.o
                0x00000000c0012a00                file_table
 COMMON         0x00000000c0012b80      0x208 build/dir.o
                0x00000000c0012b80                root_dir
                0x00000000c0012d88                . = ALIGN ((. != 0x0)?0x4:0x1)
                0x00000000c0012d88                . = ALIGN (0x4)
                0x00000000c0012d88                . = SEGMENT_START ("ldata-segment", .)
                0x00000000c0012d88                . = ALIGN (0x4)
                0x00000000c0012d88                _end = .
                [!provide]                        PROVIDE (end = .)
                0x00000000c0012d88                . = DATA_SEGMENT_END (.)

.stab
 *(.stab)

.stabstr
 *(.stabstr)

.stab.excl
 *(.stab.excl)

.stab.exclstr
 *(.stab.exclstr)

.stab.index
 *(.stab.index)

.stab.indexstr
 *(.stab.indexstr)

.comment        0x0000000000000000       0x2b
 *(.comment)
 .comment       0x0000000000000000       0x2b build/main.o
                                         0x2c (size before relaxing)
 .comment       0x000000000000002b       0x2c build/init.o
 .comment       0x000000000000002b       0x2c build/interrupt.o
 .comment       0x000000000000002b       0x2c build/timer.o
 .comment       0x000000000000002b       0x2c build/debug.o
 .comment       0x000000000000002b       0x2c build/memory.o
 .comment       0x000000000000002b       0x2c build/bitmap.o
 .comment       0x000000000000002b       0x2c build/string.o
 .comment       0x000000000000002b       0x2c build/thread.o
 .comment       0x000000000000002b       0x2c build/list.o
 .comment       0x000000000000002b       0x2c build/console.o
 .comment       0x000000000000002b       0x2c build/sync.o
 .comment       0x000000000000002b       0x2c build/keyboard.o
 .comment       0x000000000000002b       0x2c build/ioqueue.o
 .comment       0x000000000000002b       0x2c build/tss.o
 .comment       0x000000000000002b       0x2c build/process.o
 .comment       0x000000000000002b       0x2c build/syscall.o
 .comment       0x000000000000002b       0x2c build/syscall-init.o
 .comment       0x000000000000002b       0x2c build/stdio.o
 .comment       0x000000000000002b       0x2c build/ide.o
 .comment       0x000000000000002b       0x2c build/stdio-kernel.o
 .comment       0x000000000000002b       0x2c build/fs.o
 .comment       0x000000000000002b       0x2c build/inode.o
 .comment       0x000000000000002b       0x2c build/file.o
 .comment       0x000000000000002b       0x2c build/dir.o

.gnu.build.attributes
 *(.gnu.build.attributes .gnu.build.attributes.*)

.debug
 *(.debug)

.line
 *(.line)

.debug_srcinfo
 *(.debug_srcinfo)

.debug_sfnames
 *(.debug_sfnames)

.debug_aranges
 *(.debug_aranges)

.debug_pubnames
 *(.debug_pubnames)

.debug_info
 *(.debug_info .gnu.linkonce.wi.*)

.debug_abbrev
 *(.debug_abbrev)

.debug_line
 *(.debug_line .debug_line.* .debug_line_end)

.debug_frame
 *(.debug_frame)

.debug_str
 *(.debug_str)

.debug_loc
 *(.debug_loc)

.debug_macinfo
 *(.debug_macinfo)

.debug_weaknames
 *(.debug_weaknames)

.debug_funcnames
 *(.debug_funcnames)

.debug_typenames
 *(.debug_typenames)

.debug_varnames
 *(.debug_varnames)

.debug_pubtypes
 *(.debug_pubtypes)

.debug_ranges
 *(.debug_ranges)

.debug_macro
 *(.debug_macro)

.debug_addr
 *(.debug_addr)

.gnu.attributes
 *(.gnu.attributes)

/DISCARD/
 *(.note.GNU-stack)
 *(.gnu_debuglink)
 *(.gnu.lto_*)
OUTPUT(build/kernel.bin elf32-i386)
