
Merging program properties

Removed property 0xc0000002 to merge build/main.o (0x3) and build/kernel.o (not found)
Removed property 0xc0000002 to merge build/main.o (not found) and build/debug.o (0x3)
Removed property 0xc0000002 to merge build/main.o (not found) and build/memory.o (0x3)
Removed property 0xc0000002 to merge build/main.o (not found) and build/bitmap.o (0x3)
Removed property 0xc0000002 to merge build/main.o (not found) and build/string.o (0x3)
Removed property 0xc0000002 to merge build/main.o (not found) and build/thread.o (0x3)
Removed property 0xc0000002 to merge build/main.o (not found) and build/list.o (0x3)
Removed property 0xc0000002 to merge build/main.o (not found) and build/console.o (0x3)
Removed property 0xc0000002 to merge build/main.o (not found) and build/sync.o (0x3)
Removed property 0xc0000002 to merge build/main.o (not found) and build/keyboard.o (0x3)
Removed property 0xc0000002 to merge build/main.o (not found) and build/ioqueue.o (0x3)
Removed property 0xc0000002 to merge build/main.o (not found) and build/tss.o (0x3)
Removed property 0xc0000002 to merge build/main.o (not found) and build/process.o (0x3)
Removed property 0xc0000002 to merge build/main.o (not found) and build/syscall.o (0x3)
Removed property 0xc0000002 to merge build/main.o (not found) and build/syscall-init.o (0x3)
Removed property 0xc0000002 to merge build/main.o (not found) and build/stdio.o (0x3)

Allocating common symbols
Common symbol       size              file

kbd_buf             0x6c              build/keyboard.o
thread_ready_list   0x10              build/thread.o
thread_all_list     0x10              build/thread.o
user_pool           0x2c              build/memory.o
k_block_descs       0xa8              build/memory.o
intr_name           0x204             build/interrupt.o
main_thread         0x4               build/thread.o
ticks               0x4               build/timer.o
kernel_vaddr        0xc               build/memory.o
syscall_table       0x80              build/syscall-init.o
idt_table           0x204             build/interrupt.o
kernel_pool         0x2c              build/memory.o
pid_lock            0x1c              build/thread.o

Discarded input sections

 .group         0x0000000000000000        0x8 build/main.o
 .note.GNU-stack
                0x0000000000000000        0x0 build/main.o
 .note.gnu.property
                0x0000000000000000       0x1c build/main.o
 .group         0x0000000000000000        0x8 build/init.o
 .text.__x86.get_pc_thunk.bx
                0x0000000000000000        0x4 build/init.o
 .note.GNU-stack
                0x0000000000000000        0x0 build/init.o
 .note.gnu.property
                0x0000000000000000       0x1c build/init.o
 .group         0x0000000000000000        0x8 build/interrupt.o
 .group         0x0000000000000000        0x8 build/interrupt.o
 .text.__x86.get_pc_thunk.bx
                0x0000000000000000        0x4 build/interrupt.o
 .note.GNU-stack
                0x0000000000000000        0x0 build/interrupt.o
 .note.gnu.property
                0x0000000000000000       0x1c build/interrupt.o
 .group         0x0000000000000000        0x8 build/timer.o
 .group         0x0000000000000000        0x8 build/timer.o
 .text.__x86.get_pc_thunk.ax
                0x0000000000000000        0x4 build/timer.o
 .text.__x86.get_pc_thunk.bx
                0x0000000000000000        0x4 build/timer.o
 .note.GNU-stack
                0x0000000000000000        0x0 build/timer.o
 .note.gnu.property
                0x0000000000000000       0x1c build/timer.o
 .group         0x0000000000000000        0x8 build/debug.o
 .text.__x86.get_pc_thunk.bx
                0x0000000000000000        0x4 build/debug.o
 .note.GNU-stack
                0x0000000000000000        0x0 build/debug.o
 .note.gnu.property
                0x0000000000000000       0x1c build/debug.o
 .group         0x0000000000000000        0x8 build/memory.o
 .group         0x0000000000000000        0x8 build/memory.o
 .text.__x86.get_pc_thunk.ax
                0x0000000000000000        0x4 build/memory.o
 .text.__x86.get_pc_thunk.bx
                0x0000000000000000        0x4 build/memory.o
 .note.GNU-stack
                0x0000000000000000        0x0 build/memory.o
 .note.gnu.property
                0x0000000000000000       0x1c build/memory.o
 .group         0x0000000000000000        0x8 build/bitmap.o
 .text.__x86.get_pc_thunk.ax
                0x0000000000000000        0x4 build/bitmap.o
 .note.GNU-stack
                0x0000000000000000        0x0 build/bitmap.o
 .note.gnu.property
                0x0000000000000000       0x1c build/bitmap.o
 .group         0x0000000000000000        0x8 build/string.o
 .text.__x86.get_pc_thunk.ax
                0x0000000000000000        0x4 build/string.o
 .note.GNU-stack
                0x0000000000000000        0x0 build/string.o
 .note.gnu.property
                0x0000000000000000       0x1c build/string.o
 .group         0x0000000000000000        0x8 build/thread.o
 .group         0x0000000000000000        0x8 build/thread.o
 .group         0x0000000000000000        0x8 build/thread.o
 .text.__x86.get_pc_thunk.ax
                0x0000000000000000        0x4 build/thread.o
 .text.__x86.get_pc_thunk.bx
                0x0000000000000000        0x4 build/thread.o
 .note.GNU-stack
                0x0000000000000000        0x0 build/thread.o
 .note.gnu.property
                0x0000000000000000       0x1c build/thread.o
 .group         0x0000000000000000        0x8 build/list.o
 .group         0x0000000000000000        0x8 build/list.o
 .text.__x86.get_pc_thunk.ax
                0x0000000000000000        0x4 build/list.o
 .text.__x86.get_pc_thunk.bx
                0x0000000000000000        0x4 build/list.o
 .note.GNU-stack
                0x0000000000000000        0x0 build/list.o
 .note.gnu.property
                0x0000000000000000       0x1c build/list.o
 .group         0x0000000000000000        0x8 build/console.o
 .group         0x0000000000000000        0x8 build/console.o
 .text.__x86.get_pc_thunk.ax
                0x0000000000000000        0x4 build/console.o
 .text.__x86.get_pc_thunk.bx
                0x0000000000000000        0x4 build/console.o
 .note.GNU-stack
                0x0000000000000000        0x0 build/console.o
 .note.gnu.property
                0x0000000000000000       0x1c build/console.o
 .group         0x0000000000000000        0x8 build/sync.o
 .group         0x0000000000000000        0x8 build/sync.o
 .text.__x86.get_pc_thunk.ax
                0x0000000000000000        0x4 build/sync.o
 .text.__x86.get_pc_thunk.bx
                0x0000000000000000        0x4 build/sync.o
 .note.GNU-stack
                0x0000000000000000        0x0 build/sync.o
 .note.gnu.property
                0x0000000000000000       0x1c build/sync.o
 .group         0x0000000000000000        0x8 build/keyboard.o
 .group         0x0000000000000000        0x8 build/keyboard.o
 .text.__x86.get_pc_thunk.ax
                0x0000000000000000        0x4 build/keyboard.o
 .text.__x86.get_pc_thunk.bx
                0x0000000000000000        0x4 build/keyboard.o
 .note.GNU-stack
                0x0000000000000000        0x0 build/keyboard.o
 .note.gnu.property
                0x0000000000000000       0x1c build/keyboard.o
 .group         0x0000000000000000        0x8 build/ioqueue.o
 .group         0x0000000000000000        0x8 build/ioqueue.o
 .text.__x86.get_pc_thunk.ax
                0x0000000000000000        0x4 build/ioqueue.o
 .text.__x86.get_pc_thunk.bx
                0x0000000000000000        0x4 build/ioqueue.o
 .note.GNU-stack
                0x0000000000000000        0x0 build/ioqueue.o
 .note.gnu.property
                0x0000000000000000       0x1c build/ioqueue.o
 .group         0x0000000000000000        0x8 build/tss.o
 .group         0x0000000000000000        0x8 build/tss.o
 .text.__x86.get_pc_thunk.ax
                0x0000000000000000        0x4 build/tss.o
 .text.__x86.get_pc_thunk.bx
                0x0000000000000000        0x4 build/tss.o
 .note.GNU-stack
                0x0000000000000000        0x0 build/tss.o
 .note.gnu.property
                0x0000000000000000       0x1c build/tss.o
 .group         0x0000000000000000        0x8 build/process.o
 .group         0x0000000000000000        0x8 build/process.o
 .text.__x86.get_pc_thunk.ax
                0x0000000000000000        0x4 build/process.o
 .text.__x86.get_pc_thunk.bx
                0x0000000000000000        0x4 build/process.o
 .note.GNU-stack
                0x0000000000000000        0x0 build/process.o
 .note.gnu.property
                0x0000000000000000       0x1c build/process.o
 .group         0x0000000000000000        0x8 build/syscall.o
 .text.__x86.get_pc_thunk.ax
                0x0000000000000000        0x4 build/syscall.o
 .note.GNU-stack
                0x0000000000000000        0x0 build/syscall.o
 .note.gnu.property
                0x0000000000000000       0x1c build/syscall.o
 .group         0x0000000000000000        0x8 build/syscall-init.o
 .group         0x0000000000000000        0x8 build/syscall-init.o
 .text.__x86.get_pc_thunk.ax
                0x0000000000000000        0x4 build/syscall-init.o
 .text.__x86.get_pc_thunk.bx
                0x0000000000000000        0x4 build/syscall-init.o
 .note.GNU-stack
                0x0000000000000000        0x0 build/syscall-init.o
 .note.gnu.property
                0x0000000000000000       0x1c build/syscall-init.o
 .group         0x0000000000000000        0x8 build/stdio.o
 .group         0x0000000000000000        0x8 build/stdio.o
 .text.__x86.get_pc_thunk.ax
                0x0000000000000000        0x4 build/stdio.o
 .text.__x86.get_pc_thunk.bx
                0x0000000000000000        0x4 build/stdio.o
 .note.GNU-stack
                0x0000000000000000        0x0 build/stdio.o
 .note.gnu.property
                0x0000000000000000       0x1c build/stdio.o

Memory Configuration

Name             Origin             Length             Attributes
*default*        0x0000000000000000 0xffffffffffffffff

Linker script and memory map

Address of section .text set to 0xc0001500
LOAD build/main.o
LOAD build/init.o
LOAD build/interrupt.o
LOAD build/timer.o
LOAD build/kernel.o
LOAD build/print.o
LOAD build/debug.o
LOAD build/memory.o
LOAD build/bitmap.o
LOAD build/string.o
LOAD build/thread.o
LOAD build/list.o
LOAD build/switch.o
LOAD build/console.o
LOAD build/sync.o
LOAD build/keyboard.o
LOAD build/ioqueue.o
LOAD build/tss.o
LOAD build/process.o
LOAD build/syscall.o
LOAD build/syscall-init.o
LOAD build/stdio.o
                [!provide]                        PROVIDE (__executable_start = SEGMENT_START ("text-segment", 0x8048000))
                0x00000000080480d4                . = (SEGMENT_START ("text-segment", 0x8048000) + SIZEOF_HEADERS)

.interp
 *(.interp)

.note.gnu.build-id
 *(.note.gnu.build-id)

.hash
 *(.hash)

.gnu.hash
 *(.gnu.hash)

.dynsym
 *(.dynsym)

.dynstr
 *(.dynstr)

.gnu.version
 *(.gnu.version)

.gnu.version_d
 *(.gnu.version_d)

.gnu.version_r
 *(.gnu.version_r)

.rel.dyn        0x00000000080480d4        0x0
 *(.rel.init)
 *(.rel.text .rel.text.* .rel.gnu.linkonce.t.*)
 .rel.text      0x00000000080480d4        0x0 build/main.o
 *(.rel.fini)
 *(.rel.rodata .rel.rodata.* .rel.gnu.linkonce.r.*)
 *(.rel.data.rel.ro .rel.data.rel.ro.* .rel.gnu.linkonce.d.rel.ro.*)
 *(.rel.data .rel.data.* .rel.gnu.linkonce.d.*)
 *(.rel.tdata .rel.tdata.* .rel.gnu.linkonce.td.*)
 *(.rel.tbss .rel.tbss.* .rel.gnu.linkonce.tb.*)
 *(.rel.ctors)
 *(.rel.dtors)
 *(.rel.got)
 .rel.got       0x00000000080480d4        0x0 build/main.o
 *(.rel.bss .rel.bss.* .rel.gnu.linkonce.b.*)
 *(.rel.ifunc)

.rel.plt        0x00000000080480d4        0x0
 *(.rel.plt)
                [!provide]                        PROVIDE (__rel_iplt_start = .)
 *(.rel.iplt)
 .rel.iplt      0x00000000080480d4        0x0 build/main.o
                [!provide]                        PROVIDE (__rel_iplt_end = .)
                0x0000000008049000                . = ALIGN (CONSTANT (MAXPAGESIZE))

.init
 *(SORT_NONE(.init))

.plt            0x0000000008049000        0x0
 *(.plt)
 *(.iplt)
 .iplt          0x0000000008049000        0x0 build/main.o

.plt.got
 *(.plt.got)

.plt.sec
 *(.plt.sec)

.text           0x00000000c0001500     0x4de1
 *(.text.unlikely .text.*_unlikely .text.unlikely.*)
 *(.text.exit .text.exit.*)
 *(.text.startup .text.startup.*)
 *(.text.hot .text.hot.*)
 *(SORT_BY_NAME(.text.sorted.*))
 *(.text .stub .text.* .gnu.linkonce.t.*)
 .text          0x00000000c0001500      0x3ee build/main.o
                0x00000000c0001500                main
                0x00000000c00015ac                k_thread_a
                0x00000000c00016a2                k_thread_b
                0x00000000c0001798                u_prog_a
                0x00000000c0001843                u_prog_b
 .text.__x86.get_pc_thunk.bx
                0x00000000c00018ee        0x4 build/main.o
                0x00000000c00018ee                __x86.get_pc_thunk.bx
 .text          0x00000000c00018f2       0x56 build/init.o
                0x00000000c00018f2                init_all
 .text          0x00000000c0001948      0x5ae build/interrupt.o
                0x00000000c0001d83                intr_enable
                0x00000000c0001dba                intr_disable
                0x00000000c0001df1                intr_set_status
                0x00000000c0001e1d                intr_get_status
                0x00000000c0001e48                register_handler
                0x00000000c0001e75                idt_init
 .text.__x86.get_pc_thunk.ax
                0x00000000c0001ef6        0x4 build/interrupt.o
                0x00000000c0001ef6                __x86.get_pc_thunk.ax
 .text          0x00000000c0001efa      0x1c6 build/timer.o
                0x00000000c0002054                timer_init
 .text          0x00000000c00020c0      0x55b build/kernel.o
                0x00000000c00020c0                intr_exit
                0x00000000c00025f7                syscall_handler
 *fill*         0x00000000c000261b        0x5 
 .text          0x00000000c0002620      0x172 build/print.o
                0x00000000c0002620                put_str
                0x00000000c000263e                put_char
                0x00000000c000270b                put_int
                0x00000000c000276e                set_cursor
 .text          0x00000000c0002792       0xf8 build/debug.o
                0x00000000c0002792                panic_spin
 .text          0x00000000c000288a     0x1380 build/memory.o
                0x00000000c00029c1                pte_ptr
                0x00000000c00029ff                pde_ptr
                0x00000000c0002bc8                malloc_page
                0x00000000c0002ca5                get_kernel_pages
                0x00000000c0002d1d                get_user_pages
                0x00000000c0002d8f                get_a_page
                0x00000000c0002f1d                addr_v2p
                0x00000000c00031c8                block_desc_init
                0x00000000c00032b3                sys_malloc
                0x00000000c000360f                pfree
                0x00000000c0003791                mfree_page
                0x00000000c0003994                sys_free
                0x00000000c0003ba0                mem_init
 .text          0x00000000c0003c0a      0x29d build/bitmap.o
                0x00000000c0003c0a                bitmap_init
                0x00000000c0003c41                bitmap_scan_test
                0x00000000c0003c8f                bitmap_scan
                0x00000000c0003ddb                bitmap_set
 .text          0x00000000c0003ea7      0x4d2 build/string.o
                0x00000000c0003ea7                memset
                0x00000000c0003f14                memcpy
                0x00000000c0003f8f                memcmp
                0x00000000c000402c                strcpy
                0x00000000c000409b                strlen
                0x00000000c00040fc                strcmp
                0x00000000c000418f                strchr
                0x00000000c0004201                strrchr
                0x00000000c0004279                strcat
                0x00000000c00042fd                strchrs
 .text          0x00000000c0004379      0x702 build/thread.o
                0x00000000c0004379                running_thread
                0x00000000c0004423                thread_create
                0x00000000c00044ab                init_thread
                0x00000000c0004563                thread_start
                0x00000000c0004708                schedule
                0x00000000c000485f                thread_block
                0x00000000c00048db                thread_unblock
                0x00000000c0004a00                thread_init
 .text.__x86.get_pc_thunk.dx
                0x00000000c0004a7b        0x4 build/thread.o
                0x00000000c0004a7b                __x86.get_pc_thunk.dx
 .text          0x00000000c0004a7f      0x287 build/list.o
                0x00000000c0004a7f                list_init
                0x00000000c0004abb                list_insert_before
                0x00000000c0004b13                list_push
                0x00000000c0004b3f                list_append
                0x00000000c0004b6b                list_remove
                0x00000000c0004bb8                list_pop
                0x00000000c0004be8                elem_find
                0x00000000c0004c31                list_traversal
                0x00000000c0004c9c                list_len
                0x00000000c0004cdf                list_empty
 *fill*         0x00000000c0004d06        0xa 
 .text          0x00000000c0004d10       0x15 build/switch.o
                0x00000000c0004d10                switch_to
 .text          0x00000000c0004d25      0x131 build/console.o
                0x00000000c0004d25                console_init
                0x00000000c0004d54                console_acquire
                0x00000000c0004d83                console_release
                0x00000000c0004db2                console_put_str
                0x00000000c0004de6                console_put_char
                0x00000000c0004e22                console_put_int
 .text          0x00000000c0004e56      0x3a7 build/sync.o
                0x00000000c0004e56                sema_init
                0x00000000c0004e94                lock_init
                0x00000000c0004ed2                sema_down
                0x00000000c0004ff2                sema_up
                0x00000000c00050c0                lock_acquire
                0x00000000c000514a                lock_release
 .text          0x00000000c00051fd      0x337 build/keyboard.o
                0x00000000c00054ce                keyboard_init
 .text          0x00000000c0005534      0x39e build/ioqueue.o
                0x00000000c0005534                ioqueue_init
                0x00000000c00055b6                ioq_full
                0x00000000c0005619                ioq_empty
                0x00000000c000572f                ioq_getchar
                0x00000000c00057ff                ioq_putchar
 .text          0x00000000c00058d2      0x1be build/tss.o
                0x00000000c00058d2                update_tss_esp
                0x00000000c000596b                tss_init
 .text          0x00000000c0005a90      0x3f4 build/process.o
                0x00000000c0005a90                start_process
                0x00000000c0005ba8                page_dir_activate
                0x00000000c0005bf1                process_activate
                0x00000000c0005c58                create_page_dir
                0x00000000c0005ce5                create_user_vaddr_bitmap
                0x00000000c0005d42                process_execute
 .text          0x00000000c0005e84       0xa8 build/syscall.o
                0x00000000c0005e84                getpid
                0x00000000c0005ea7                write
                0x00000000c0005ed4                malloc
                0x00000000c0005f01                free
 .text          0x00000000c0005f2c       0xd9 build/syscall-init.o
                0x00000000c0005f2c                sys_getpid
                0x00000000c0005f53                sys_write
                0x00000000c0005f8a                syscall_init
 .text          0x00000000c0006005      0x2dc build/stdio.o
                0x00000000c000609a                vsprintf
                0x00000000c000622c                sprintf
                0x00000000c000626a                printf
 *(.gnu.warning)

.fini
 *(SORT_NONE(.fini))
                [!provide]                        PROVIDE (__etext = .)
                [!provide]                        PROVIDE (_etext = .)
                [!provide]                        PROVIDE (etext = .)
                0x00000000c0007000                . = ALIGN (CONSTANT (MAXPAGESIZE))
                0x00000000c0007000                . = SEGMENT_START ("rodata-segment", (ALIGN (CONSTANT (MAXPAGESIZE)) + (. & (CONSTANT (MAXPAGESIZE) - 0x1))))

.rodata         0x00000000c0007000      0xf53
 *(.rodata .rodata.* .gnu.linkonce.r.*)
 .rodata        0x00000000c0007000       0xcc build/main.o
 .rodata        0x00000000c00070cc        0xa build/init.o
 *fill*         0x00000000c00070d6        0x2 
 .rodata        0x00000000c00070d8      0x2cd build/interrupt.o
 *fill*         0x00000000c00073a5        0x3 
 .rodata        0x00000000c00073a8       0x6b build/timer.o
 .rodata        0x00000000c0007413       0x3f build/debug.o
 *fill*         0x00000000c0007452        0x2 
 .rodata        0x00000000c0007454      0x3bd build/memory.o
 *fill*         0x00000000c0007811        0x3 
 .rodata        0x00000000c0007814       0x6b build/bitmap.o
 *fill*         0x00000000c000787f        0x1 
 .rodata        0x00000000c0007880       0xc4 build/string.o
 .rodata        0x00000000c0007944      0x2cb build/thread.o
 *fill*         0x00000000c0007c0f        0x1 
 .rodata        0x00000000c0007c10      0x135 build/sync.o
 .rodata        0x00000000c0007d45       0x36 build/keyboard.o
 *fill*         0x00000000c0007d7b        0x1 
 .rodata        0x00000000c0007d7c       0xa8 build/ioqueue.o
 .rodata        0x00000000c0007e24       0x27 build/tss.o
 *fill*         0x00000000c0007e4b        0x1 
 .rodata        0x00000000c0007e4c       0xe0 build/process.o
 .rodata        0x00000000c0007f2c       0x27 build/syscall-init.o

.rodata1
 *(.rodata1)

.eh_frame_hdr
 *(.eh_frame_hdr)
 *(.eh_frame_entry .eh_frame_entry.*)

.eh_frame       0x00000000c0007f54     0x1104
 *(.eh_frame)
 .eh_frame      0x00000000c0007f54       0xc4 build/main.o
 .eh_frame      0x00000000c0008018       0x24 build/init.o
                                         0x50 (size before relaxing)
 .eh_frame      0x00000000c000803c      0x1b4 build/interrupt.o
                                        0x1e0 (size before relaxing)
 .eh_frame      0x00000000c00081f0       0x94 build/timer.o
                                         0xd4 (size before relaxing)
 .eh_frame      0x00000000c0008284       0x1c build/debug.o
                                         0x48 (size before relaxing)
 .eh_frame      0x00000000c00082a0      0x2dc build/memory.o
                                        0x31c (size before relaxing)
 .eh_frame      0x00000000c000857c       0x90 build/bitmap.o
                                         0xbc (size before relaxing)
 .eh_frame      0x00000000c000860c      0x168 build/string.o
                                        0x194 (size before relaxing)
 .eh_frame      0x00000000c0008774      0x198 build/thread.o
                                        0x1d8 (size before relaxing)
 .eh_frame      0x00000000c000890c      0x148 build/list.o
                                        0x188 (size before relaxing)
 .eh_frame      0x00000000c0008a54       0xd8 build/console.o
                                        0x118 (size before relaxing)
 .eh_frame      0x00000000c0008b2c       0xdc build/sync.o
                                        0x11c (size before relaxing)
 .eh_frame      0x00000000c0008c08       0x68 build/keyboard.o
                                         0xa8 (size before relaxing)
 .eh_frame      0x00000000c0008c70      0x11c build/ioqueue.o
                                        0x15c (size before relaxing)
 .eh_frame      0x00000000c0008d8c       0x6c build/tss.o
                                         0xac (size before relaxing)
 .eh_frame      0x00000000c0008df8       0xd8 build/process.o
                                        0x118 (size before relaxing)
 .eh_frame      0x00000000c0008ed0       0x8c build/syscall.o
                                         0xb8 (size before relaxing)
 .eh_frame      0x00000000c0008f5c       0x6c build/syscall-init.o
                                         0xac (size before relaxing)
 .eh_frame      0x00000000c0008fc8       0x90 build/stdio.o
                                         0xd0 (size before relaxing)
 *(.eh_frame.*)

.gcc_except_table
 *(.gcc_except_table .gcc_except_table.*)

.gnu_extab
 *(.gnu_extab*)

.exception_ranges
 *(.exception_ranges*)
                0x00000000c000b000                . = DATA_SEGMENT_ALIGN (CONSTANT (MAXPAGESIZE), CONSTANT (COMMONPAGESIZE))

.eh_frame
 *(.eh_frame)
 *(.eh_frame.*)

.gnu_extab
 *(.gnu_extab)

.gcc_except_table
 *(.gcc_except_table .gcc_except_table.*)

.exception_ranges
 *(.exception_ranges*)

.tdata          0x00000000c000b000        0x0
                [!provide]                        PROVIDE (__tdata_start = .)
 *(.tdata .tdata.* .gnu.linkonce.td.*)

.tbss
 *(.tbss .tbss.* .gnu.linkonce.tb.*)
 *(.tcommon)

.preinit_array  0x00000000c000b000        0x0
                [!provide]                        PROVIDE (__preinit_array_start = .)
 *(.preinit_array)
                [!provide]                        PROVIDE (__preinit_array_end = .)

.init_array     0x00000000c000b000        0x0
                [!provide]                        PROVIDE (__init_array_start = .)
 *(SORT_BY_INIT_PRIORITY(.init_array.*) SORT_BY_INIT_PRIORITY(.ctors.*))
 *(.init_array EXCLUDE_FILE(*crtend?.o *crtend.o *crtbegin?.o *crtbegin.o) .ctors)
                [!provide]                        PROVIDE (__init_array_end = .)

.fini_array     0x00000000c000b000        0x0
                [!provide]                        PROVIDE (__fini_array_start = .)
 *(SORT_BY_INIT_PRIORITY(.fini_array.*) SORT_BY_INIT_PRIORITY(.dtors.*))
 *(.fini_array EXCLUDE_FILE(*crtend?.o *crtend.o *crtbegin?.o *crtbegin.o) .dtors)
                [!provide]                        PROVIDE (__fini_array_end = .)

.ctors
 *crtbegin.o(.ctors)
 *crtbegin?.o(.ctors)
 *(EXCLUDE_FILE(*crtend?.o *crtend.o) .ctors)
 *(SORT_BY_NAME(.ctors.*))
 *(.ctors)

.dtors
 *crtbegin.o(.dtors)
 *crtbegin?.o(.dtors)
 *(EXCLUDE_FILE(*crtend?.o *crtend.o) .dtors)
 *(SORT_BY_NAME(.dtors.*))
 *(.dtors)

.jcr
 *(.jcr)

.data.rel.ro
 *(.data.rel.ro.local* .gnu.linkonce.d.rel.ro.local.*)
 *(.data.rel.ro .data.rel.ro.* .gnu.linkonce.d.rel.ro.*)

.dynamic
 *(.dynamic)

.got            0x00000000c000b000        0x0
 *(.got)
 .got           0x00000000c000b000        0x0 build/main.o
 *(.igot)
                0x00000000c000bff4                . = DATA_SEGMENT_RELRO_END (., (SIZEOF (.got.plt) >= 0xc)?0xc:0x0)

.got.plt        0x00000000c000b000        0xc
 *(.got.plt)
 .got.plt       0x00000000c000b000        0xc build/main.o
                0x00000000c000b000                _GLOBAL_OFFSET_TABLE_
 *(.igot.plt)
 .igot.plt      0x00000000c000b00c        0x0 build/main.o

.data           0x00000000c000b020      0x156
 *(.data .data.* .gnu.linkonce.d.*)
 .data          0x00000000c000b020        0x0 build/main.o
 .data          0x00000000c000b020        0x0 build/init.o
 .data          0x00000000c000b020        0x0 build/interrupt.o
 .data          0x00000000c000b020        0x0 build/timer.o
 .data          0x00000000c000b020       0xc0 build/kernel.o
                0x00000000c000b020                intr_entry_table
 .data          0x00000000c000b0e0        0x8 build/print.o
 .data          0x00000000c000b0e8        0x0 build/debug.o
 .data          0x00000000c000b0e8        0x0 build/memory.o
 .data          0x00000000c000b0e8        0x0 build/bitmap.o
 .data          0x00000000c000b0e8        0x0 build/string.o
 .data          0x00000000c000b0e8        0x0 build/thread.o
 .data          0x00000000c000b0e8        0x0 build/list.o
 .data          0x00000000c000b0e8        0x0 build/console.o
 .data          0x00000000c000b0e8        0x0 build/sync.o
 *fill*         0x00000000c000b0e8       0x18 
 .data          0x00000000c000b100       0x76 build/keyboard.o
 .data          0x00000000c000b176        0x0 build/ioqueue.o
 .data          0x00000000c000b176        0x0 build/tss.o
 .data          0x00000000c000b176        0x0 build/process.o
 .data          0x00000000c000b176        0x0 build/syscall.o
 .data          0x00000000c000b176        0x0 build/syscall-init.o
 .data          0x00000000c000b176        0x0 build/stdio.o

.data1
 *(.data1)
                0x00000000c000b176                _edata = .
                [!provide]                        PROVIDE (edata = .)
                0x00000000c000b176                . = .
                0x00000000c000b176                __bss_start = .

.bss            0x00000000c000b180      0xb80
 *(.dynbss)
 *(.bss .bss.* .gnu.linkonce.b.*)
 .bss           0x00000000c000b180        0x0 build/main.o
 .bss           0x00000000c000b180        0x0 build/init.o
 .bss           0x00000000c000b180      0x408 build/interrupt.o
 .bss           0x00000000c000b588        0x0 build/timer.o
 .bss           0x00000000c000b588        0x0 build/debug.o
 .bss           0x00000000c000b588        0x0 build/memory.o
 .bss           0x00000000c000b588        0x0 build/bitmap.o
 .bss           0x00000000c000b588        0x0 build/string.o
 .bss           0x00000000c000b588        0x6 build/thread.o
 .bss           0x00000000c000b58e        0x0 build/list.o
 *fill*         0x00000000c000b58e        0x2 
 .bss           0x00000000c000b590       0x1c build/console.o
 .bss           0x00000000c000b5ac        0x0 build/sync.o
 .bss           0x00000000c000b5ac       0x14 build/keyboard.o
 .bss           0x00000000c000b5c0        0x0 build/ioqueue.o
 .bss           0x00000000c000b5c0       0x6c build/tss.o
 .bss           0x00000000c000b62c        0x0 build/process.o
 .bss           0x00000000c000b62c        0x0 build/syscall.o
 .bss           0x00000000c000b62c        0x0 build/syscall-init.o
 .bss           0x00000000c000b62c        0x0 build/stdio.o
 *(COMMON)
 *fill*         0x00000000c000b62c       0x14 
 COMMON         0x00000000c000b640      0x424 build/interrupt.o
                0x00000000c000b640                intr_name
                0x00000000c000b860                idt_table
 COMMON         0x00000000c000ba64        0x4 build/timer.o
                0x00000000c000ba64                ticks
 *fill*         0x00000000c000ba68       0x18 
 COMMON         0x00000000c000ba80      0x12c build/memory.o
                0x00000000c000ba80                user_pool
                0x00000000c000bac0                k_block_descs
                0x00000000c000bb68                kernel_vaddr
                0x00000000c000bb80                kernel_pool
 COMMON         0x00000000c000bbac       0x40 build/thread.o
                0x00000000c000bbac                thread_ready_list
                0x00000000c000bbbc                thread_all_list
                0x00000000c000bbcc                main_thread
                0x00000000c000bbd0                pid_lock
 *fill*         0x00000000c000bbec       0x14 
 COMMON         0x00000000c000bc00       0x6c build/keyboard.o
                0x00000000c000bc00                kbd_buf
 *fill*         0x00000000c000bc6c       0x14 
 COMMON         0x00000000c000bc80       0x80 build/syscall-init.o
                0x00000000c000bc80                syscall_table
                0x00000000c000bd00                . = ALIGN ((. != 0x0)?0x4:0x1)
                0x00000000c000bd00                . = ALIGN (0x4)
                0x00000000c000bd00                . = SEGMENT_START ("ldata-segment", .)
                0x00000000c000bd00                . = ALIGN (0x4)
                0x00000000c000bd00                _end = .
                [!provide]                        PROVIDE (end = .)
                0x00000000c000bd00                . = DATA_SEGMENT_END (.)

.stab
 *(.stab)

.stabstr
 *(.stabstr)

.stab.excl
 *(.stab.excl)

.stab.exclstr
 *(.stab.exclstr)

.stab.index
 *(.stab.index)

.stab.indexstr
 *(.stab.indexstr)

.comment        0x0000000000000000       0x2b
 *(.comment)
 .comment       0x0000000000000000       0x2b build/main.o
                                         0x2c (size before relaxing)
 .comment       0x000000000000002b       0x2c build/init.o
 .comment       0x000000000000002b       0x2c build/interrupt.o
 .comment       0x000000000000002b       0x2c build/timer.o
 .comment       0x000000000000002b       0x2c build/debug.o
 .comment       0x000000000000002b       0x2c build/memory.o
 .comment       0x000000000000002b       0x2c build/bitmap.o
 .comment       0x000000000000002b       0x2c build/string.o
 .comment       0x000000000000002b       0x2c build/thread.o
 .comment       0x000000000000002b       0x2c build/list.o
 .comment       0x000000000000002b       0x2c build/console.o
 .comment       0x000000000000002b       0x2c build/sync.o
 .comment       0x000000000000002b       0x2c build/keyboard.o
 .comment       0x000000000000002b       0x2c build/ioqueue.o
 .comment       0x000000000000002b       0x2c build/tss.o
 .comment       0x000000000000002b       0x2c build/process.o
 .comment       0x000000000000002b       0x2c build/syscall.o
 .comment       0x000000000000002b       0x2c build/syscall-init.o
 .comment       0x000000000000002b       0x2c build/stdio.o

.gnu.build.attributes
 *(.gnu.build.attributes .gnu.build.attributes.*)

.debug
 *(.debug)

.line
 *(.line)

.debug_srcinfo
 *(.debug_srcinfo)

.debug_sfnames
 *(.debug_sfnames)

.debug_aranges
 *(.debug_aranges)

.debug_pubnames
 *(.debug_pubnames)

.debug_info
 *(.debug_info .gnu.linkonce.wi.*)

.debug_abbrev
 *(.debug_abbrev)

.debug_line
 *(.debug_line .debug_line.* .debug_line_end)

.debug_frame
 *(.debug_frame)

.debug_str
 *(.debug_str)

.debug_loc
 *(.debug_loc)

.debug_macinfo
 *(.debug_macinfo)

.debug_weaknames
 *(.debug_weaknames)

.debug_funcnames
 *(.debug_funcnames)

.debug_typenames
 *(.debug_typenames)

.debug_varnames
 *(.debug_varnames)

.debug_pubtypes
 *(.debug_pubtypes)

.debug_ranges
 *(.debug_ranges)

.debug_macro
 *(.debug_macro)

.debug_addr
 *(.debug_addr)

.gnu.attributes
 *(.gnu.attributes)

/DISCARD/
 *(.note.GNU-stack)
 *(.gnu_debuglink)
 *(.gnu.lto_*)
OUTPUT(build/kernel.bin elf32-i386)
